Component: ARM Compiler 5.06 update 6 (build 750) Tool: armlink [4d35ed]

==============================================================================

Section Cross References

    arch_main.o(.text) refers to uart.o(.text) for uart_printf
    arch_main.o(.text) refers to wdt.o(.text) for wdt_enable
    arch_main.o(.text) refers to flash.o(.text) for flash_read_data
    arch_main.o(.text) refers to rwip.o(.text) for rwip_schedule
    arch_main.o(.text) refers to oads.o(.text) for oad_updating_user_section_pro
    arch_main.o(.text) refers to icu.o(.text) for icu_get_sleep_mode
    arch_main.o(.text) refers to emi.o(.text) for emi_init
    arch_main.o(.text) refers to timer.o(.text) for timer_init
    arch_main.o(.text) refers to intc.o(.text) for intc_init
    arch_main.o(.text) refers to gpio.o(.text) for gpio_config
    arch_main.o(.text) refers to rf_test.o(.text) for rw_fcc_enter
    arch_main.o(.text) refers to rf_pn9_test.o(.text) for rw_pn9_enter
    arch_main.o(.text) refers to arch_main.o(.constdata) for .constdata
    arch_main.o(.text) refers to wdt.o(.data) for wdt_disable_flag
    arch_main.o(.text) refers to prf.o(.text) for prf_get_id_from_task
    arch_main.o(.text) refers to rwble_hl.o(.text) for rwble_hl_reset
    arch_main.o(.text) refers to arch_main.o(.bss) for .bss
    arch_main.o(.text) refers to boot_handlers.o(SYS_BOOT) for boot_stack_base_UNUSED
    boot_handlers.o(SYS_BOOT) refers to arch_main.o(.text) for rw_main
    boot_vectors.o(SYS_BOOT) refers to boot_handlers.o(SYS_BOOT) for sys_Reset
    boot_vectors.o(SYS_BOOT) refers to intc.o(sys_irq_entry) for SYSirq_IRQ_Handler
    boot_vectors.o(SYS_BOOT) refers to intc.o(sys_fiq_entry) for SYSirq_FIQ_Handler
    rwble.o(.text) refers to rwip.o(.text) for rwip_wakeup
    rwble.o(.text) refers to wdt.o(.text) for wdt_feed
    rwip.o(.text) refers to rf_xvr.o(.text) for rf_init
    rwip.o(.text) refers to arch_main.o(.text) for rwip_eif_get
    rwip.o(.text) refers to rwble_hl.o(.text) for rwble_hl_init
    rwip.o(.text) refers to rwble.o(.text) for rwble_init
    rwip.o(.text) refers to app.o(.text) for appm_init
    rwip.o(.text) refers to uart.o(.text) for check_uart_stop
    rwip.o(.text) refers to wdt.o(.text) for wdt_feed
    rwip.o(.text) refers to rwip.o(.bss) for .bss
    rwip.o(.text) refers to rwip.o(ke_heap) for ke_heap
    rwip.o(.text) refers to uart.o(.data) for cur_read_buf_idx
    icu.o(.text) refers to icu.o(.data) for .data
    icu.o(.text) refers to rf_xvr.o(.bss) for XVR_ANALOG_REG_BAK
    gpio.o(.text) refers to gpio.o(.data) for .data
    gpio.o(.text) refers to gpio.o(.bss) for .bss
    flash.o(.text) refers to flash.o(.data) for .data
    flash.o(.text) refers to uart.o(.text) for uart_printf
    flash.o(.text) refers to flash.o(.bss) for .bss
    adc.o(.text) refers to gpio.o(.text) for gpio_config
    adc.o(.text) refers to rf_xvr.o(.text) for Delay_us
    adc.o(.text) refers to uart.o(.text) for uart_printf
    adc.o(.text) refers to adc.o(.data) for .data
    intc.o(.text) refers to icu.o(.text) for cpu_wakeup
    intc.o(.text) refers to uart.o(.text) for uart_isr
    intc.o(.text) refers to gpio.o(.text) for gpio_isr
    intc.o(.text) refers to pwm.o(.text) for pwm_isr
    intc.o(.text) refers to adc.o(.text) for adc_isr
    intc.o(.text) refers to rwble.o(.text) for rwble_isr
    intc.o(sys_fiq_entry) refers to intc.o(.text) for FIQ_Exception
    intc.o(sys_irq_entry) refers to intc.o(.text) for IRQ_Exception
    pwm.o(.text) refers to pwm.o(.bss) for .bss
    uart.o(.text) refers to printfa.o(i.__0vsprintf) for vsprintf
    uart.o(.text) refers to rf_pn9_test.o(.text) for pn9_test_process
    uart.o(.text) refers to uart.o(.bss) for .bss
    uart.o(.text) refers to uart.o(.data) for .data
    wdt.o(.text) refers to wdt.o(.data) for .data
    rf_xvr.o(.text) refers to rf_xvr.o(.bss) for .bss
    rtc.o(.text) refers to rtc.o(.data) for .data
    bass.o(.text) refers to prf.o(.text) for prf_env_get
    bass.o(.text) refers to bass.o(.constdata) for .constdata
    bass.o(.text) refers to bass_task.o(.constdata) for bass_default_handler
    bass.o(.constdata) refers to bass.o(.text) for bass_init
    bass_task.o(.text) refers to prf.o(.text) for prf_env_get
    bass_task.o(.text) refers to bass.o(.text) for bass_exe_operation
    bass_task.o(.text) refers to prf_utils.o(.text) for prf_pack_char_pres_fmt
    bass_task.o(.constdata) refers to bass_task.o(.text) for bass_enable_req_handler
    bass_task.o(.constdata) refers to bass_task.o(.constdata) for bass_default_state
    diss.o(.text) refers to diss.o(.constdata) for .constdata
    diss.o(.text) refers to diss_task.o(.constdata) for diss_default_handler
    diss.o(.constdata) refers to diss.o(.text) for diss_init
    diss_task.o(.text) refers to prf.o(.text) for prf_env_get
    diss_task.o(.text) refers to diss.o(.text) for diss_value_to_handle
    diss_task.o(.constdata) refers to diss_task.o(.text) for diss_set_value_req_handler
    diss_task.o(.constdata) refers to diss_task.o(.constdata) for diss_default_state
    fff0s.o(.text) refers to prf.o(.text) for prf_env_get
    fff0s.o(.text) refers to fff0s.o(.constdata) for .constdata
    fff0s.o(.text) refers to fff0s_task.o(.constdata) for fff0s_default_handler
    fff0s.o(.constdata) refers to fff0s.o(.text) for fff0s_init
    fff0s_task.o(.text) refers to prf.o(.text) for prf_env_get
    fff0s_task.o(.text) refers to fff0s.o(.text) for fff0s_notify_fff1_lvl
    fff0s_task.o(.constdata) refers to fff0s_task.o(.text) for fff0s_fff1_level_upd_req_handler
    fff0s_task.o(.constdata) refers to fff0s_task.o(.constdata) for fff0s_default_state
    oads.o(.text) refers to uart.o(.text) for uart_printf
    oads.o(.text) refers to flash.o(.text) for flash_write
    oads.o(.text) refers to wdt.o(.text) for wdt_enable
    oads.o(.text) refers to prf.o(.text) for prf_env_get
    oads.o(.text) refers to oads.o(.constdata) for .constdata
    oads.o(.text) refers to oads_task.o(.constdata) for braces_default_handler
    oads.o(.text) refers to oads.o(.bss) for .bss
    oads.o(.text) refers to oads.o(.data) for .data
    oads.o(.text) refers to app.o(.text) for appm_update_param
    oads.o(.constdata) refers to oads.o(.text) for oads_init
    oads_task.o(.text) refers to uart.o(.text) for uart_printf
    oads_task.o(.text) refers to prf.o(.text) for prf_env_get
    oads_task.o(.text) refers to oads.o(.text) for oadImgIdentifyWrite
    oads_task.o(.text) refers to oads_task.o(.constdata) for .constdata
    oads_task.o(.constdata) refers to oads_task.o(.text) for oads_enable_req_handler
    oads_task.o(.constdata) refers to oads_task.o(.constdata) for oads_default_state
    prf.o(.text) refers to oads.o(.text) for oads_prf_itf_get
    prf.o(.text) refers to fff0s.o(.text) for fff0s_prf_itf_get
    prf.o(.text) refers to diss.o(.text) for diss_prf_itf_get
    prf.o(.text) refers to bass.o(.text) for bass_prf_itf_get
    prf.o(.text) refers to prf.o(.bss) for .bss
    app.o(.text) refers to app_dis.o(.text) for app_dis_init
    app.o(.text) refers to app_batt.o(.text) for app_batt_init
    app.o(.text) refers to app_oads.o(.text) for app_oads_init
    app.o(.text) refers to uart.o(.text) for uart_printf
    app.o(.text) refers to wdt.o(.text) for wdt_enable
    app.o(.text) refers to app.o(.bss) for .bss
    app.o(.text) refers to app.o(.constdata) for .constdata
    app.o(.text) refers to wdt.o(.data) for wdt_disable_flag
    app.o(.constdata) refers to app_task.o(.constdata) for appm_default_handler
    app.o(.constdata) refers to app_task.o(.data) for appm_state
    app.o(.constdata) refers to app_fff0.o(.text) for app_fff0_add_fff0s
    app.o(.constdata) refers to app_dis.o(.text) for app_dis_add_dis
    app.o(.constdata) refers to app_batt.o(.text) for app_batt_add_bas
    app.o(.constdata) refers to app_oads.o(.text) for app_oad_add_oads
    app_batt.o(.text) refers to prf.o(.text) for prf_get_task_from_id
    app_batt.o(.text) refers to app_batt.o(.data) for .data
    app_batt.o(.constdata) refers to app_batt.o(.text) for app_batt_msg_dflt_handler
    app_batt.o(.constdata) refers to app_batt.o(.constdata) for app_batt_msg_handler_list
    app_dis.o(.constdata) refers to app_dis.o(.text) for diss_value_req_ind_handler
    app_dis.o(.constdata) refers to app_dis.o(.constdata) for app_dis_msg_handler_list
    app_fff0.o(.text) refers to prf.o(.text) for prf_get_task_from_id
    app_fff0.o(.text) refers to uart.o(.text) for uart_printf
    app_fff0.o(.text) refers to app_fff0.o(.data) for .data
    app_fff0.o(.text) refers to app_fff0.o(.constdata) for .constdata
    app_fff0.o(.constdata) refers to app_fff0.o(.text) for app_fff0_msg_dflt_handler
    app_fff0.o(.constdata) refers to app_fff0.o(.constdata) for app_fff0_msg_handler_list
    app_oads.o(.text) refers to uart.o(.text) for uart_printf
    app_oads.o(.text) refers to prf.o(.text) for prf_get_task_from_id
    app_oads.o(.text) refers to oads.o(.text) for oadImgIdentifyWrite
    app_oads.o(.text) refers to app_oads.o(.data) for .data
    app_oads.o(.text) refers to app_oads.o(.constdata) for .constdata
    app_oads.o(.constdata) refers to app_oads.o(.text) for app_oads_msg_dflt_handler
    app_oads.o(.constdata) refers to app_oads.o(.constdata) for app_oads_msg_handler_list
    app_task.o(.text) refers to uart.o(.text) for uart_printf
    app_task.o(.text) refers to app.o(.text) for appm_add_svc
    app_task.o(.text) refers to app_batt.o(.text) for app_batt_enable_prf
    app_task.o(.text) refers to app.o(.bss) for app_env
    app_task.o(.text) refers to app_task.o(.constdata) for .constdata
    app_task.o(.text) refers to wdt.o(.data) for wdt_disable_flag
    app_task.o(.text) refers to app_dis.o(.constdata) for app_dis_table_handler
    app_task.o(.text) refers to app_oads.o(.constdata) for app_oads_table_handler
    app_task.o(.text) refers to app_fff0.o(.constdata) for app_fff0_table_handler
    app_task.o(.text) refers to app_batt.o(.constdata) for app_batt_table_handler
    app_task.o(.constdata) refers to app_task.o(.text) for appm_msg_handler
    app_task.o(.constdata) refers to app_task.o(.constdata) for appm_default_state
    led.o(.text) refers to pwm.o(.text) for pwm_init
    led.o(.text) refers to adc.o(.text) for adc_init
    led.o(.text) refers to gpio.o(.text) for gpio_config
    led.o(.text) refers to rtc.o(.text) for rtc_init
    led.o(.text) refers to ano_uart.o(.text) for ANO_DT_Send_Version
    ano_uart.o(.text) refers to ano_uart.o(.data) for .data
    ano_uart.o(.data) refers to uart.o(.text) for uart_send
    ano_uart.o(.data) refers to uart.o(.bss) for uart_tx_buf
    usmart.o(.text) refers to usmart_str.o(.text) for usmart_get_cmdname
    usmart.o(.text) refers to uart.o(.text) for uart_printf
    usmart.o(.text) refers to usmart.o(.data) for .data
    usmart.o(.text) refers to usmart_config.o(.data) for usmart_dev
    usmart.o(.data) refers to usmart.o(.conststring) for .conststring
    usmart_config.o(.data) refers to led.o(.text) for Init_LED
    usmart_config.o(.data) refers to usmart_config.o(.conststring) for .conststring
    usmart_config.o(.data) refers to usmart_config.o(.data) for usmart_nametab
    usmart_config.o(.data) refers to usmart.o(.text) for usmart_init
    usmart_str.o(.text) refers to usmart_config.o(.data) for usmart_dev
    rf_test.o(.text) refers to strncmp.o(.text) for strncmp
    rf_test.o(.text) refers to uart.o(.text) for uart_printf
    rf_test.o(.text) refers to uart.o(.data) for uart_rx_done
    rf_test.o(.text) refers to rf_test.o(.data) for .data
    rf_test.o(.text) refers to uart.o(.bss) for uart_rx_buf
    rf_test.o(.text) refers to rf_test.o(.constdata) for .constdata
    rf_pn9_test.o(.text) refers to uart.o(.text) for uart_send
    rf_pn9_test.o(.text) refers to rf_pn9_test.o(.data) for .data
    printfa.o(i.__0fprintf) refers (Special) to iusefp.o(.text) for __I$use$fp
    printfa.o(i.__0fprintf) refers to printfa.o(i._printf_core) for _printf_core
    printfa.o(i.__0fprintf) refers to fputc.o(i.fputc) for fputc
    printfa.o(i.__0printf) refers (Special) to iusefp.o(.text) for __I$use$fp
    printfa.o(i.__0printf) refers to printfa.o(i._printf_core) for _printf_core
    printfa.o(i.__0printf) refers to fputc.o(i.fputc) for fputc
    printfa.o(i.__0printf) refers to stdout.o(.data) for __stdout
    printfa.o(i.__0snprintf) refers (Special) to iusefp.o(.text) for __I$use$fp
    printfa.o(i.__0snprintf) refers to printfa.o(i._printf_core) for _printf_core
    printfa.o(i.__0snprintf) refers to printfa.o(i._snputc) for _snputc
    printfa.o(i.__0sprintf) refers (Special) to iusefp.o(.text) for __I$use$fp
    printfa.o(i.__0sprintf) refers to printfa.o(i._printf_core) for _printf_core
    printfa.o(i.__0sprintf) refers to printfa.o(i._sputc) for _sputc
    printfa.o(i.__0vfprintf) refers (Special) to iusefp.o(.text) for __I$use$fp
    printfa.o(i.__0vfprintf) refers to printfa.o(i._printf_core) for _printf_core
    printfa.o(i.__0vfprintf) refers to fputc.o(i.fputc) for fputc
    printfa.o(i.__0vprintf) refers (Special) to iusefp.o(.text) for __I$use$fp
    printfa.o(i.__0vprintf) refers to printfa.o(i._printf_core) for _printf_core
    printfa.o(i.__0vprintf) refers to fputc.o(i.fputc) for fputc
    printfa.o(i.__0vprintf) refers to stdout.o(.data) for __stdout
    printfa.o(i.__0vsnprintf) refers (Special) to iusefp.o(.text) for __I$use$fp
    printfa.o(i.__0vsnprintf) refers to printfa.o(i._printf_core) for _printf_core
    printfa.o(i.__0vsnprintf) refers to printfa.o(i._snputc) for _snputc
    printfa.o(i.__0vsprintf) refers (Special) to iusefp.o(.text) for __I$use$fp
    printfa.o(i.__0vsprintf) refers to printfa.o(i._printf_core) for _printf_core
    printfa.o(i.__0vsprintf) refers to printfa.o(i._sputc) for _sputc
    printfa.o(i._fp_digits) refers (Special) to iusefp.o(.text) for __I$use$fp
    printfa.o(i._fp_digits) refers to dmul.o(.text) for __aeabi_dmul
    printfa.o(i._fp_digits) refers to ddiv.o(.text) for __aeabi_ddiv
    printfa.o(i._fp_digits) refers to cdrcmple.o(.text) for __aeabi_cdrcmple
    printfa.o(i._fp_digits) refers to dadd.o(.text) for __aeabi_dadd
    printfa.o(i._fp_digits) refers to dfixul.o(.text) for __aeabi_d2ulz
    printfa.o(i._fp_digits) refers to uldiv.o(.text) for __aeabi_uldivmod
    printfa.o(i._printf_core) refers (Special) to iusefp.o(.text) for __I$use$fp
    printfa.o(i._printf_core) refers to printfa.o(i._printf_pre_padding) for _printf_pre_padding
    printfa.o(i._printf_core) refers to uldiv.o(.text) for __aeabi_uldivmod
    printfa.o(i._printf_core) refers to printfa.o(i._printf_post_padding) for _printf_post_padding
    printfa.o(i._printf_core) refers to printfa.o(i._fp_digits) for _fp_digits
    printfa.o(i._printf_post_padding) refers (Special) to iusefp.o(.text) for __I$use$fp
    printfa.o(i._printf_pre_padding) refers (Special) to iusefp.o(.text) for __I$use$fp
    printfa.o(i._snputc) refers (Special) to iusefp.o(.text) for __I$use$fp
    printfa.o(i._sputc) refers (Special) to iusefp.o(.text) for __I$use$fp
    fputc.o(i.fputc) refers (Special) to iusesemip.o(.text) for __I$use$semihosting$fputc
    fputc.o(i.fputc) refers (Special) to semi.o(.text) for __semihosting_library_function
    uldiv.o(.text) refers to llushr.o(.text) for __aeabi_llsr
    uldiv.o(.text) refers to llshl.o(.text) for __aeabi_llsl
    dadd.o(.text) refers to llshl.o(.text) for __aeabi_llsl
    dadd.o(.text) refers to llsshr.o(.text) for __aeabi_lasr
    dadd.o(.text) refers to depilogue.o(.text) for _double_epilogue
    dmul.o(.text) refers to depilogue.o(.text) for _double_epilogue
    ddiv.o(.text) refers to depilogue.o(.text) for _double_round
    dfixul.o(.text) refers to llushr.o(.text) for __aeabi_llsr
    dfixul.o(.text) refers to llshl.o(.text) for __aeabi_llsl
    depilogue.o(.text) refers to llshl.o(.text) for __aeabi_llsl
    depilogue.o(.text) refers to llushr.o(.text) for __aeabi_llsr


==============================================================================

Removing Unused input sections from the image.

    Removing arch_main.o(.data), (16 bytes).
    Removing uart.o(.bss), (64 bytes).
    Removing rtc.o(.text), (332 bytes).
    Removing rtc.o(.data), (4 bytes).
    Removing led.o(.text), (198 bytes).
    Removing ano_uart.o(.text), (120 bytes).
    Removing ano_uart.o(.data), (8 bytes).
    Removing usmart.o(.text), (2580 bytes).
    Removing usmart.o(.conststring), (40 bytes).
    Removing usmart.o(.data), (28 bytes).
    Removing usmart_config.o(.conststring), (21 bytes).
    Removing usmart_config.o(.data), (8 bytes).
    Removing usmart_config.o(.data), (244 bytes).
    Removing usmart_str.o(.text), (1216 bytes).
    Removing arch_main.o(i.__ARM_common_enable_irq), (16 bytes).
    Removing arch_main.o(i.__ARM_common_enable_fiq), (16 bytes).
    Removing arch_main.o(i.__ARM_common_disable_irq), (20 bytes).
    Removing arch_main.o(i.__ARM_common_disable_fiq), (20 bytes).
    Removing app_dis.o(i.__ARM_common_switch8), (24 bytes).
    Removing depilogue.o(i.__ARM_clz), (8 bytes).

20 unused section(s) (total 4983 bytes) removed from the image.
