Component: ARM Compiler 5.06 update 6 (build 750) Tool: armlink [4d35ed]

==============================================================================

Section Cross References

    arch_main.o(.text) refers to uart.o(.text) for uart_printf
    arch_main.o(.text) refers to wdt.o(.text) for wdt_enable
    arch_main.o(.text) refers to flash.o(.text) for flash_read_data
    arch_main.o(.text) refers to rwip.o(.text) for rwip_schedule
    arch_main.o(.text) refers to oads.o(.text) for oad_updating_user_section_pro
    arch_main.o(.text) refers to icu.o(.text) for icu_get_sleep_mode
    arch_main.o(.text) refers to emi.o(.text) for emi_init
    arch_main.o(.text) refers to timer.o(.text) for timer_init
    arch_main.o(.text) refers to intc.o(.text) for intc_init
    arch_main.o(.text) refers to led.o(.text) for Init_LED
    arch_main.o(.text) refers to gpio.o(.text) for gpio_config
    arch_main.o(.text) refers to rf_test.o(.text) for rw_fcc_enter
    arch_main.o(.text) refers to rf_pn9_test.o(.text) for rw_pn9_enter
    arch_main.o(.text) refers to arch_main.o(.constdata) for .constdata
    arch_main.o(.text) refers to wdt.o(.data) for wdt_disable_flag
    arch_main.o(.text) refers to prf.o(.text) for prf_get_id_from_task
    arch_main.o(.text) refers to rwble_hl.o(.text) for rwble_hl_reset
    arch_main.o(.text) refers to arch_main.o(.bss) for .bss
    arch_main.o(.text) refers to boot_handlers.o(SYS_BOOT) for boot_stack_base_UNUSED
    boot_handlers.o(SYS_BOOT) refers to arch_main.o(.text) for rw_main
    boot_vectors.o(SYS_BOOT) refers to boot_handlers.o(SYS_BOOT) for sys_Reset
    boot_vectors.o(SYS_BOOT) refers to intc.o(sys_irq_entry) for SYSirq_IRQ_Handler
    boot_vectors.o(SYS_BOOT) refers to intc.o(sys_fiq_entry) for SYSirq_FIQ_Handler
    rwble.o(.text) refers to rwip.o(.text) for rwip_wakeup
    rwble.o(.text) refers to wdt.o(.text) for wdt_feed
    rwip.o(.text) refers to rf_xvr.o(.text) for rf_init
    rwip.o(.text) refers to arch_main.o(.text) for rwip_eif_get
    rwip.o(.text) refers to rwble_hl.o(.text) for rwble_hl_init
    rwip.o(.text) refers to rwble.o(.text) for rwble_init
    rwip.o(.text) refers to app.o(.text) for appm_init
    rwip.o(.text) refers to uart.o(.text) for check_uart_stop
    rwip.o(.text) refers to wdt.o(.text) for wdt_feed
    rwip.o(.text) refers to rwip.o(.bss) for .bss
    rwip.o(.text) refers to rwip.o(ke_heap) for ke_heap
    rwip.o(.text) refers to uart.o(.data) for cur_read_buf_idx
    icu.o(.text) refers to icu.o(.data) for .data
    icu.o(.text) refers to rf_xvr.o(.bss) for XVR_ANALOG_REG_BAK
    gpio.o(.text) refers to gpio.o(.data) for .data
    gpio.o(.text) refers to gpio.o(.bss) for .bss
    flash.o(.text) refers to flash.o(.data) for .data
    flash.o(.text) refers to uart.o(.text) for uart_printf
    flash.o(.text) refers to flash.o(.bss) for .bss
    adc.o(.text) refers to gpio.o(.text) for gpio_config
    adc.o(.text) refers to rf_xvr.o(.text) for Delay_us
    adc.o(.text) refers to uart.o(.text) for uart_printf
    adc.o(.text) refers to adc.o(.data) for .data
    intc.o(.text) refers to icu.o(.text) for cpu_wakeup
    intc.o(.text) refers to uart.o(.text) for uart_isr
    intc.o(.text) refers to gpio.o(.text) for gpio_isr
    intc.o(.text) refers to rwble.o(.text) for rwble_isr
    intc.o(sys_fiq_entry) refers to intc.o(.text) for FIQ_Exception
    intc.o(sys_irq_entry) refers to intc.o(.text) for IRQ_Exception
    pwm.o(.text) refers to pwm.o(.bss) for .bss
    uart.o(.text) refers to printfa.o(i.__0vsprintf) for vsprintf
    uart.o(.text) refers to rf_pn9_test.o(.text) for pn9_test_process
    uart.o(.text) refers to uart.o(.bss) for .bss
    uart.o(.text) refers to uart.o(.data) for .data
    wdt.o(.text) refers to wdt.o(.data) for .data
    rf_xvr.o(.text) refers to rf_xvr.o(.bss) for .bss
    bass.o(.text) refers to prf.o(.text) for prf_env_get
    bass.o(.text) refers to bass.o(.constdata) for .constdata
    bass.o(.text) refers to bass_task.o(.constdata) for bass_default_handler
    bass.o(.constdata) refers to bass.o(.text) for bass_init
    bass_task.o(.text) refers to prf.o(.text) for prf_env_get
    bass_task.o(.text) refers to bass.o(.text) for bass_exe_operation
    bass_task.o(.text) refers to prf_utils.o(.text) for prf_pack_char_pres_fmt
    bass_task.o(.constdata) refers to bass_task.o(.text) for bass_enable_req_handler
    bass_task.o(.constdata) refers to bass_task.o(.constdata) for bass_default_state
    diss.o(.text) refers to diss.o(.constdata) for .constdata
    diss.o(.text) refers to diss_task.o(.constdata) for diss_default_handler
    diss.o(.constdata) refers to diss.o(.text) for diss_init
    diss_task.o(.text) refers to prf.o(.text) for prf_env_get
    diss_task.o(.text) refers to diss.o(.text) for diss_value_to_handle
    diss_task.o(.constdata) refers to diss_task.o(.text) for diss_set_value_req_handler
    diss_task.o(.constdata) refers to diss_task.o(.constdata) for diss_default_state
[...]
    lld_sleep_wakeup                         0x0000985d   Thumb Code     0  stack_rom_symbol.txt ABSOLUTE
    lld_sleep_wakeup_end                     0x00009879   Thumb Code     0  stack_rom_symbol.txt ABSOLUTE
    lld_util_instant_get                     0x000098f5   Thumb Code     0  stack_rom_symbol.txt ABSOLUTE
    lld_util_get_bd_address                  0x0000990d   Thumb Code     0  stack_rom_symbol.txt ABSOLUTE
    lld_util_set_bd_address                  0x0000992d   Thumb Code     0  stack_rom_symbol.txt ABSOLUTE
    lld_util_ral_force_rpa_renew             0x0000996b   Thumb Code     0  stack_rom_symbol.txt ABSOLUTE
    lld_util_freq2chnl                       0x000099ab   Thumb Code     0  stack_rom_symbol.txt ABSOLUTE
    lld_util_get_local_offset                0x000099cf   Thumb Code     0  stack_rom_symbol.txt ABSOLUTE
    lld_util_get_peer_offset                 0x000099ed   Thumb Code     0  stack_rom_symbol.txt ABSOLUTE
    lld_util_connection_param_set            0x00009a0d   Thumb Code     0  stack_rom_symbol.txt ABSOLUTE
    lld_util_dle_set_cs_fields               0x00009a57   Thumb Code     0  stack_rom_symbol.txt ABSOLUTE
    lld_util_anchor_point_move               0x00009a79   Thumb Code     0  stack_rom_symbol.txt ABSOLUTE
    lld_util_flush_list                      0x00009b49   Thumb Code     0  stack_rom_symbol.txt ABSOLUTE
    lld_util_instant_ongoing                 0x00009b5f   Thumb Code     0  stack_rom_symbol.txt ABSOLUTE
    lld_util_compute_ce_max                  0x00009b6b   Thumb Code     0  stack_rom_symbol.txt ABSOLUTE
    lld_util_elt_programmed                  0x00009bfd   Thumb Code     0  stack_rom_symbol.txt ABSOLUTE
    lld_util_priority_set                    0x00009c1b   Thumb Code     0  stack_rom_symbol.txt ABSOLUTE
    lld_util_priority_update                 0x00009c5f   Thumb Code     0  stack_rom_symbol.txt ABSOLUTE
    lld_util_get_tx_pkt_cnt                  0x00009c65   Thumb Code     0  stack_rom_symbol.txt ABSOLUTE
    lld_util_eff_tx_time_set                 0x00009c6b   Thumb Code     0  stack_rom_symbol.txt ABSOLUTE
    llm_ral_clear                            0x00009c91   Thumb Code     0  stack_rom_symbol.txt ABSOLUTE
    llm_wl_clr                               0x00009caf   Thumb Code     0  stack_rom_symbol.txt ABSOLUTE
    llm_encryption_start                     0x00009d01   Thumb Code     0  stack_rom_symbol.txt ABSOLUTE
    llm_encryption_done                      0x00009d8f   Thumb Code     0  stack_rom_symbol.txt ABSOLUTE
    llm_init                                 0x00009e27   Thumb Code     0  stack_rom_symbol.txt ABSOLUTE
    llm_common_cmd_complete_send             0x00009f37   Thumb Code     0  stack_rom_symbol.txt ABSOLUTE
    llm_ble_ready                            0x00009f4f   Thumb Code     0  stack_rom_symbol.txt ABSOLUTE
    llm_con_req_ind                          0x00009f55   Thumb Code     0  stack_rom_symbol.txt ABSOLUTE
    llm_common_cmd_status_send               0x0000a0c1   Thumb Code     0  stack_rom_symbol.txt ABSOLUTE
    llm_set_adv_param                        0x0000a351   Thumb Code     0  stack_rom_symbol.txt ABSOLUTE
    llm_ral_update                           0x0000a4e1   Thumb Code     0  stack_rom_symbol.txt ABSOLUTE
    llm_set_adv_en                           0x0000a507   Thumb Code     0  stack_rom_symbol.txt ABSOLUTE
    llm_set_adv_data                         0x0000a60b   Thumb Code     0  stack_rom_symbol.txt ABSOLUTE
    llm_set_scan_rsp_data                    0x0000a69b   Thumb Code     0  stack_rom_symbol.txt ABSOLUTE
    llm_wl_dev_add                           0x0000a72b   Thumb Code     0  stack_rom_symbol.txt ABSOLUTE
    llm_wl_dev_rem                           0x0000a759   Thumb Code     0  stack_rom_symbol.txt ABSOLUTE
    llm_wl_dev_add_hdl                       0x0000a77f   Thumb Code     0  stack_rom_symbol.txt ABSOLUTE
    llm_wl_dev_rem_hdl                       0x0000a7f3   Thumb Code     0  stack_rom_symbol.txt ABSOLUTE
    llm_ral_dev_add                          0x0000a85f   Thumb Code     0  stack_rom_symbol.txt ABSOLUTE
    llm_ral_dev_rm                           0x0000a97f   Thumb Code     0  stack_rom_symbol.txt ABSOLUTE
    llm_ral_get_rpa                          0x0000a9b5   Thumb Code     0  stack_rom_symbol.txt ABSOLUTE
    llm_ral_set_timeout                      0x0000aa2f   Thumb Code     0  stack_rom_symbol.txt ABSOLUTE
    hci_command_handler                      0x0000b20d   Thumb Code     0  stack_rom_symbol.txt ABSOLUTE
    llm_util_bd_addr_wl_position             0x0000b305   Thumb Code     0  stack_rom_symbol.txt ABSOLUTE
    llm_util_bl_check                        0x0000b377   Thumb Code     0  stack_rom_symbol.txt ABSOLUTE
    llm_util_bd_addr_in_wl                   0x0000b3e1   Thumb Code     0  stack_rom_symbol.txt ABSOLUTE
    llm_util_check_address_validity          0x0000b42f   Thumb Code     0  stack_rom_symbol.txt ABSOLUTE
    llm_util_check_map_validity              0x0000b43f   Thumb Code     0  stack_rom_symbol.txt ABSOLUTE
    llm_util_apply_bd_addr                   0x0000b48f   Thumb Code     0  stack_rom_symbol.txt ABSOLUTE
    llm_util_set_public_addr                 0x0000b4ad   Thumb Code     0  stack_rom_symbol.txt ABSOLUTE
    llm_util_check_evt_mask                  0x0000b4bd   Thumb Code     0  stack_rom_symbol.txt ABSOLUTE
    llm_util_get_channel_map                 0x0000b4dd   Thumb Code     0  stack_rom_symbol.txt ABSOLUTE
    llm_util_get_supp_features               0x0000b4df   Thumb Code     0  stack_rom_symbol.txt ABSOLUTE
    llm_util_adv_data_update                 0x0000b4eb   Thumb Code     0  stack_rom_symbol.txt ABSOLUTE
    llm_util_bd_addr_in_ral                  0x0000b527   Thumb Code     0  stack_rom_symbol.txt ABSOLUTE
    llm_util_bl_add                          0x0000b595   Thumb Code     0  stack_rom_symbol.txt ABSOLUTE
    llm_util_bl_rem                          0x0000b619   Thumb Code     0  stack_rom_symbol.txt ABSOLUTE
    llm_end_evt_defer                        0x0000b67b   Thumb Code     0  stack_rom_symbol.txt ABSOLUTE
    llm_pdu_defer                            0x0000b743   Thumb Code     0  stack_rom_symbol.txt ABSOLUTE
    ea_elt_cancel                            0x0000b865   Thumb Code     0  stack_rom_symbol.txt ABSOLUTE
    ea_time_get_slot_rounded                 0x0000b961   Thumb Code     0  stack_rom_symbol.txt ABSOLUTE
    ea_init                                  0x0000ba3f   Thumb Code     0  stack_rom_symbol.txt ABSOLUTE
    ea_elt_create                            0x0000ba63   Thumb Code     0  stack_rom_symbol.txt ABSOLUTE
    ea_time_get_halfslot_rounded             0x0000ba7d   Thumb Code     0  stack_rom_symbol.txt ABSOLUTE
    ea_elt_insert                            0x0000baa7   Thumb Code     0  stack_rom_symbol.txt ABSOLUTE
    ea_elt_remove                            0x0000bcf3   Thumb Code     0  stack_rom_symbol.txt ABSOLUTE
    ea_interval_create                       0x0000bd5d   Thumb Code     0  stack_rom_symbol.txt ABSOLUTE
    ea_interval_insert                       0x0000bd73   Thumb Code     0  stack_rom_symbol.txt ABSOLUTE
    ea_interval_remove                       0x0000bd81   Thumb Code     0  stack_rom_symbol.txt ABSOLUTE
    ea_interval_delete                       0x0000bd91   Thumb Code     0  stack_rom_symbol.txt ABSOLUTE
    ea_finetimer_isr                         0x0000bdab   Thumb Code     0  stack_rom_symbol.txt ABSOLUTE
    ea_sw_isr                                0x0000be7f   Thumb Code     0  stack_rom_symbol.txt ABSOLUTE
    ea_offset_req                            0x0000be9f   Thumb Code     0  stack_rom_symbol.txt ABSOLUTE
    ea_timer_target_get                      0x0000c057   Thumb Code     0  stack_rom_symbol.txt ABSOLUTE
    ea_sleep_check                           0x0000c073   Thumb Code     0  stack_rom_symbol.txt ABSOLUTE
    ea_interval_duration_req                 0x0000c0c1   Thumb Code     0  stack_rom_symbol.txt ABSOLUTE
    gapc_update_state                        0x0000c1dd   Thumb Code     0  stack_rom_symbol.txt ABSOLUTE
    gapc_get_requester                       0x0000c20d   Thumb Code     0  stack_rom_symbol.txt ABSOLUTE
    gapc_send_complete_evt                   0x0000c229   Thumb Code     0  stack_rom_symbol.txt ABSOLUTE
    gapc_init                                0x0000c2f3   Thumb Code     0  stack_rom_symbol.txt ABSOLUTE
    gapc_con_create                          0x0000c325   Thumb Code     0  stack_rom_symbol.txt ABSOLUTE
    gapc_con_cleanup                         0x0000c439   Thumb Code     0  stack_rom_symbol.txt ABSOLUTE
    gapc_send_disconect_ind                  0x0000c449   Thumb Code     0  stack_rom_symbol.txt ABSOLUTE
    gapc_get_conidx                          0x0000c46b   Thumb Code     0  stack_rom_symbol.txt ABSOLUTE
    gapc_get_conhdl                          0x0000c491   Thumb Code     0  stack_rom_symbol.txt ABSOLUTE
    gapc_get_role                            0x0000c4a5   Thumb Code     0  stack_rom_symbol.txt ABSOLUTE
    gapc_get_bdaddr                          0x0000c4c1   Thumb Code     0  stack_rom_symbol.txt ABSOLUTE
    gapc_get_csrk                            0x0000c4e1   Thumb Code     0  stack_rom_symbol.txt ABSOLUTE
    gapc_get_sign_counter                    0x0000c4ff   Thumb Code     0  stack_rom_symbol.txt ABSOLUTE
    gapc_send_error_evt                      0x0000c51d   Thumb Code     0  stack_rom_symbol.txt ABSOLUTE
    gapc_get_operation                       0x0000c53f   Thumb Code     0  stack_rom_symbol.txt ABSOLUTE
    gapc_get_operation_ptr                   0x0000c555   Thumb Code     0  stack_rom_symbol.txt ABSOLUTE
    gapc_set_operation_ptr                   0x0000c561   Thumb Code     0  stack_rom_symbol.txt ABSOLUTE
    gapc_reschedule_operation                0x0000c56d   Thumb Code     0  stack_rom_symbol.txt ABSOLUTE
    gapc_is_sec_set                          0x0000c5af   Thumb Code     0  stack_rom_symbol.txt ABSOLUTE
    gapc_lk_sec_lvl_get                      0x0000c5e3   Thumb Code     0  stack_rom_symbol.txt ABSOLUTE
    gapc_enc_keysize_get                     0x0000c5fd   Thumb Code     0  stack_rom_symbol.txt ABSOLUTE
    gapc_enc_keysize_set                     0x0000c615   Thumb Code     0  stack_rom_symbol.txt ABSOLUTE
    gapc_link_encrypted                      0x0000c629   Thumb Code     0  stack_rom_symbol.txt ABSOLUTE
    gapc_auth_set                            0x0000c641   Thumb Code     0  stack_rom_symbol.txt ABSOLUTE
    gapc_auth_get                            0x0000c689   Thumb Code     0  stack_rom_symbol.txt ABSOLUTE
    gapc_svc_chg_ccc_get                     0x0000c6b9   Thumb Code     0  stack_rom_symbol.txt ABSOLUTE
    gapc_svc_chg_ccc_set                     0x0000c6c9   Thumb Code     0  stack_rom_symbol.txt ABSOLUTE
    gapc_param_update_sanity                 0x0000c6df   Thumb Code     0  stack_rom_symbol.txt ABSOLUTE
    gapc_hci_handler                         0x0000cc8d   Thumb Code     0  stack_rom_symbol.txt ABSOLUTE
    gapc_sig_pdu_recv_handler                0x0000cd95   Thumb Code     0  stack_rom_symbol.txt ABSOLUTE
    gapc_process_op                          0x0000cdd1   Thumb Code     0  stack_rom_symbol.txt ABSOLUTE
    gapm_update_state                        0x0000db39   Thumb Code     0  stack_rom_symbol.txt ABSOLUTE
    gapm_le_psm_cleanup                      0x0000db9d   Thumb Code     0  stack_rom_symbol.txt ABSOLUTE
    gapm_init                                0x0000dbb7   Thumb Code     0  stack_rom_symbol.txt ABSOLUTE
    gapm_init_attr                           0x0000dc37   Thumb Code     0  stack_rom_symbol.txt ABSOLUTE
    gapm_get_operation                       0x0000dc63   Thumb Code     0  stack_rom_symbol.txt ABSOLUTE
    gapm_get_requester                       0x0000dc75   Thumb Code     0  stack_rom_symbol.txt ABSOLUTE
    gapm_reschedule_operation                0x0000dc8d   Thumb Code     0  stack_rom_symbol.txt ABSOLUTE
    gapm_send_complete_evt                   0x0000dcaf   Thumb Code     0  stack_rom_symbol.txt ABSOLUTE
    gapm_send_error_evt                      0x0000dce5   Thumb Code     0  stack_rom_symbol.txt ABSOLUTE
    gapm_get_address_type                    0x0000dd05   Thumb Code     0  stack_rom_symbol.txt ABSOLUTE
    gapm_con_create                          0x0000dd11   Thumb Code     0  stack_rom_symbol.txt ABSOLUTE
    gapm_con_enable                          0x0000dd7f   Thumb Code     0  stack_rom_symbol.txt ABSOLUTE
    gapm_con_cleanup                         0x0000dd8b   Thumb Code     0  stack_rom_symbol.txt ABSOLUTE
    gapm_get_id_from_task                    0x0000ddc1   Thumb Code     0  stack_rom_symbol.txt ABSOLUTE
    gapm_get_task_from_id                    0x0000de11   Thumb Code     0  stack_rom_symbol.txt ABSOLUTE
    gapm_is_disc_connection                  0x0000de59   Thumb Code     0  stack_rom_symbol.txt ABSOLUTE
    gapm_get_max_mtu                         0x0000de7f   Thumb Code     0  stack_rom_symbol.txt ABSOLUTE
    gapm_get_max_mps                         0x0000de85   Thumb Code     0  stack_rom_symbol.txt ABSOLUTE
    gapm_set_max_mtu                         0x0000de8b   Thumb Code     0  stack_rom_symbol.txt ABSOLUTE
    gapm_set_max_mps                         0x0000dea5   Thumb Code     0  stack_rom_symbol.txt ABSOLUTE
    gapm_addr_check                          0x0000debb   Thumb Code     0  stack_rom_symbol.txt ABSOLUTE
    gapm_dle_val_check                       0x0000ded7   Thumb Code     0  stack_rom_symbol.txt ABSOLUTE
    gapm_is_legacy_pairing_supp              0x0000def3   Thumb Code     0  stack_rom_symbol.txt ABSOLUTE
    gapm_is_sec_con_pairing_supp             0x0000deff   Thumb Code     0  stack_rom_symbol.txt ABSOLUTE
    gapm_le_psm_find                         0x0000df0b   Thumb Code     0  stack_rom_symbol.txt ABSOLUTE
    gapm_le_psm_get_info                     0x0000df21   Thumb Code     0  stack_rom_symbol.txt ABSOLUTE
    gapm_lecb_register                       0x0000df69   Thumb Code     0  stack_rom_symbol.txt ABSOLUTE
    gapm_lecb_unregister                     0x0000df97   Thumb Code     0  stack_rom_symbol.txt ABSOLUTE
    gapm_is_embedded_host                    0x0000dfb7   Thumb Code     0  stack_rom_symbol.txt ABSOLUTE
    gapm_set_embedded_host                   0x0000dfbd   Thumb Code     0  stack_rom_symbol.txt ABSOLUTE
    gapm_is_pref_con_param_pres              0x0000dfc3   Thumb Code     0  stack_rom_symbol.txt ABSOLUTE
    gapm_get_att_handle                      0x0000dfcd   Thumb Code     0  stack_rom_symbol.txt ABSOLUTE
    gapm_svc_chg_en                          0x0000dff5   Thumb Code     0  stack_rom_symbol.txt ABSOLUTE
    gapm_hci_handler                         0x0000e88d   Thumb Code     0  stack_rom_symbol.txt ABSOLUTE
    gapm_adv_op_sanity                       0x0000f287   Thumb Code     0  stack_rom_symbol.txt ABSOLUTE
    gapm_set_adv_mode                        0x0000f415   Thumb Code     0  stack_rom_symbol.txt ABSOLUTE
    gapm_set_adv_data                        0x0000f42d   Thumb Code     0  stack_rom_symbol.txt ABSOLUTE
    gapm_get_local_addrtype                  0x0000f457   Thumb Code     0  stack_rom_symbol.txt ABSOLUTE
    gapm_execute_adv_op                      0x0000f477   Thumb Code     0  stack_rom_symbol.txt ABSOLUTE
    gapm_get_role                            0x0000f58d   Thumb Code     0  stack_rom_symbol.txt ABSOLUTE
    gapm_update_air_op_state                 0x0000f593   Thumb Code     0  stack_rom_symbol.txt ABSOLUTE
    gapm_get_irk                             0x0000f65d   Thumb Code     0  stack_rom_symbol.txt ABSOLUTE
    gapm_get_bdaddr                          0x0000f661   Thumb Code     0  stack_rom_symbol.txt ABSOLUTE
    gapm_basic_hci_cmd_send                  0x0000f667   Thumb Code     0  stack_rom_symbol.txt ABSOLUTE
    gapm_setup_conn                          0x0000f67b   Thumb Code     0  stack_rom_symbol.txt ABSOLUTE
    gapm_get_adv_mode                        0x0000f6d7   Thumb Code     0  stack_rom_symbol.txt ABSOLUTE
    gapm_op_reset_continue                   0x0000f6f3   Thumb Code     0  stack_rom_symbol.txt ABSOLUTE
    gapm_op_setup_continue                   0x0000f779   Thumb Code     0  stack_rom_symbol.txt ABSOLUTE
    smpc_send_use_enc_block_cmd              0x0000f911   Thumb Code     0  stack_rom_symbol.txt ABSOLUTE
    smpc_send_start_enc_cmd                  0x0000f949   Thumb Code     0  stack_rom_symbol.txt ABSOLUTE
    smpc_send_ltk_req_rsp                    0x0000f9b9   Thumb Code     0  stack_rom_symbol.txt ABSOLUTE
    smpc_send_pairing_req_ind                0x0000fa15   Thumb Code     0  stack_rom_symbol.txt ABSOLUTE
    smpc_send_pairing_ind                    0x0000fac7   Thumb Code     0  stack_rom_symbol.txt ABSOLUTE
    smpc_check_pairing_feat                  0x0000fb51   Thumb Code     0  stack_rom_symbol.txt ABSOLUTE
    smpc_launch_rep_att_timer                0x0000fb77   Thumb Code     0  stack_rom_symbol.txt ABSOLUTE
    smpc_check_repeated_attempts             0x0000fbb1   Thumb Code     0  stack_rom_symbol.txt ABSOLUTE
    smpc_check_max_key_size                  0x0000fc03   Thumb Code     0  stack_rom_symbol.txt ABSOLUTE
    smpc_check_key_distrib                   0x0000fc2b   Thumb Code     0  stack_rom_symbol.txt ABSOLUTE
    smpc_xor                                 0x0000fcb1   Thumb Code     0  stack_rom_symbol.txt ABSOLUTE
    smpc_generate_l                          0x0000fcc9   Thumb Code     0  stack_rom_symbol.txt ABSOLUTE
    smpc_generate_ci                         0x0000fd31   Thumb Code     0  stack_rom_symbol.txt ABSOLUTE
    smpc_generate_rand                       0x0000fd91   Thumb Code     0  stack_rom_symbol.txt ABSOLUTE
    smpc_generate_e1                         0x0000fdb7   Thumb Code     0  stack_rom_symbol.txt ABSOLUTE
    smpc_generate_cfm                        0x0000fe75   Thumb Code     0  stack_rom_symbol.txt ABSOLUTE
    smpc_generate_stk                        0x0000feef   Thumb Code     0  stack_rom_symbol.txt ABSOLUTE
    smpc_calc_subkeys                        0x0000ff45   Thumb Code     0  stack_rom_symbol.txt ABSOLUTE
    smpc_clear_timeout_timer                 0x0000ffbb   Thumb Code     0  stack_rom_symbol.txt ABSOLUTE
    smpc_pairing_end                         0x0000ffe3   Thumb Code     0  stack_rom_symbol.txt ABSOLUTE
    smpc_tkdp_rcp_continue                   0x0001004b   Thumb Code     0  stack_rom_symbol.txt ABSOLUTE
    smpc_tkdp_rcp_start                      0x000100db   Thumb Code     0  stack_rom_symbol.txt ABSOLUTE
    smpc_pdu_send                            0x0001010b   Thumb Code     0  stack_rom_symbol.txt ABSOLUTE
    smpc_tkdp_send_continue                  0x0001019f   Thumb Code     0  stack_rom_symbol.txt ABSOLUTE
    smpc_tkdp_send_start                     0x00010269   Thumb Code     0  stack_rom_symbol.txt ABSOLUTE
    smpc_get_key_sec_prop                    0x00010299   Thumb Code     0  stack_rom_symbol.txt ABSOLUTE
    smpc_is_sec_mode_reached                 0x00010311   Thumb Code     0  stack_rom_symbol.txt ABSOLUTE
    smpc_handle_enc_change_evt               0x0001033b   Thumb Code     0  stack_rom_symbol.txt ABSOLUTE
    smpc_pdu_recv                            0x000103cb   Thumb Code     0  stack_rom_symbol.txt ABSOLUTE
    smpc_pairing_tk_exch                     0x00010439   Thumb Code     0  stack_rom_symbol.txt ABSOLUTE
    smpc_pairing_ltk_exch                    0x0001049d   Thumb Code     0  stack_rom_symbol.txt ABSOLUTE
    smpc_pairing_irk_exch                    0x00010503   Thumb Code     0  stack_rom_symbol.txt ABSOLUTE
    smpc_pairing_csrk_exch                   0x0001053f   Thumb Code     0  stack_rom_symbol.txt ABSOLUTE
    smpc_pairing_rsp                         0x00010583   Thumb Code     0  stack_rom_symbol.txt ABSOLUTE
    smpc_pairing_req_handler                 0x00010667   Thumb Code     0  stack_rom_symbol.txt ABSOLUTE
    smpc_security_req_send                   0x0001069b   Thumb Code     0  stack_rom_symbol.txt ABSOLUTE
    smpc_encrypt_start_handler               0x000106ed   Thumb Code     0  stack_rom_symbol.txt ABSOLUTE
    smpc_encrypt_cfm                         0x00010719   Thumb Code     0  stack_rom_symbol.txt ABSOLUTE
    smpc_sign_command                        0x00010745   Thumb Code     0  stack_rom_symbol.txt ABSOLUTE
    smpc_sign_cont                           0x0001080f   Thumb Code     0  stack_rom_symbol.txt ABSOLUTE
    smpc_calc_confirm_cont                   0x000109bd   Thumb Code     0  stack_rom_symbol.txt ABSOLUTE
    smpc_confirm_gen_rand                    0x00010a99   Thumb Code     0  stack_rom_symbol.txt ABSOLUTE
    smpc_key_press_notification_ind          0x00010ae7   Thumb Code     0  stack_rom_symbol.txt ABSOLUTE
    smpc_check_param                         0x00010b0d   Thumb Code     0  stack_rom_symbol.txt ABSOLUTE
    smpm_gen_rand_addr                       0x00010eb5   Thumb Code     0  stack_rom_symbol.txt ABSOLUTE
    smpm_send_encrypt_req                    0x00010ed1   Thumb Code     0  stack_rom_symbol.txt ABSOLUTE
    smpm_resolv_addr                         0x00010eff   Thumb Code     0  stack_rom_symbol.txt ABSOLUTE
    smpm_use_enc_block                       0x00010f21   Thumb Code     0  stack_rom_symbol.txt ABSOLUTE
    smpm_gen_rand_nb                         0x00010f23   Thumb Code     0  stack_rom_symbol.txt ABSOLUTE
    attc_send_att_req                        0x00010f49   Thumb Code     0  stack_rom_symbol.txt ABSOLUTE
    attc_send_hdl_cfm                        0x00010f73   Thumb Code     0  stack_rom_symbol.txt ABSOLUTE
    attc_send_execute                        0x00010f93   Thumb Code     0  stack_rom_symbol.txt ABSOLUTE
    attc_send_read_ind                       0x00010fb7   Thumb Code     0  stack_rom_symbol.txt ABSOLUTE
    attc_l2cc_pdu_recv_handler               0x00011933   Thumb Code     0  stack_rom_symbol.txt ABSOLUTE
    attm_convert_to128                       0x00011989   Thumb Code     0  stack_rom_symbol.txt ABSOLUTE
    attm_uuid_comp                           0x000119b9   Thumb Code     0  stack_rom_symbol.txt ABSOLUTE
    attm_uuid16_comp                         0x00011a11   Thumb Code     0  stack_rom_symbol.txt ABSOLUTE
    attm_is_bt16_uuid                        0x00011a1d   Thumb Code     0  stack_rom_symbol.txt ABSOLUTE
    attm_is_bt32_uuid                        0x00011a43   Thumb Code     0  stack_rom_symbol.txt ABSOLUTE
    attm_convert_to128_ti                    0x00011a6b   Thumb Code     0  stack_rom_symbol.txt ABSOLUTE
    attm_svc_create_db                       0x00011a9b   Thumb Code     0  stack_rom_symbol.txt ABSOLUTE
    attm_svc_create_db_128                   0x00011b9b   Thumb Code     0  stack_rom_symbol.txt ABSOLUTE
    attm_svc_create_db128                    0x00011cc7   Thumb Code     0  stack_rom_symbol.txt ABSOLUTE
    attm_reserve_handle_range                0x00011e05   Thumb Code     0  stack_rom_symbol.txt ABSOLUTE
    attm_att_set_value                       0x00011e27   Thumb Code     0  stack_rom_symbol.txt ABSOLUTE
    attm_get_value                           0x00011ed9   Thumb Code     0  stack_rom_symbol.txt ABSOLUTE
    attm_att_set_permission                  0x00012041   Thumb Code     0  stack_rom_symbol.txt ABSOLUTE
    attm_att_update_perm                     0x000120b7   Thumb Code     0  stack_rom_symbol.txt ABSOLUTE
    attm_svc_set_permission                  0x00012125   Thumb Code     0  stack_rom_symbol.txt ABSOLUTE
    attm_svc_get_permission                  0x00012149   Thumb Code     0  stack_rom_symbol.txt ABSOLUTE
    attm_init                                0x00012167   Thumb Code     0  stack_rom_symbol.txt ABSOLUTE
    attmdb_svc_check_hdl                     0x0001247f   Thumb Code     0  stack_rom_symbol.txt ABSOLUTE
    attmdb_add_service                       0x000124cf   Thumb Code     0  stack_rom_symbol.txt ABSOLUTE
    attmdb_destroy                           0x00012545   Thumb Code     0  stack_rom_symbol.txt ABSOLUTE
    attmdb_get_service                       0x0001255f   Thumb Code     0  stack_rom_symbol.txt ABSOLUTE
    attmdb_get_attribute                     0x0001259d   Thumb Code     0  stack_rom_symbol.txt ABSOLUTE
    attmdb_get_next_att                      0x000125d1   Thumb Code     0  stack_rom_symbol.txt ABSOLUTE
    attmdb_uuid16_comp                       0x00012647   Thumb Code     0  stack_rom_symbol.txt ABSOLUTE
    attmdb_get_max_len                       0x00012685   Thumb Code     0  stack_rom_symbol.txt ABSOLUTE
    attmdb_get_uuid                          0x000126ef   Thumb Code     0  stack_rom_symbol.txt ABSOLUTE
    attmdb_att_get_permission                0x000127c5   Thumb Code     0  stack_rom_symbol.txt ABSOLUTE
    atts_clear_read_cache                    0x00012975   Thumb Code     0  stack_rom_symbol.txt ABSOLUTE
    atts_send_error                          0x00012acf   Thumb Code     0  stack_rom_symbol.txt ABSOLUTE
    atts_write_signed_cfm                    0x00012af3   Thumb Code     0  stack_rom_symbol.txt ABSOLUTE
    atts_send_event                          0x00012b35   Thumb Code     0  stack_rom_symbol.txt ABSOLUTE
    atts_clear_prep_data                     0x00012bc1   Thumb Code     0  stack_rom_symbol.txt ABSOLUTE
    atts_clear_rsp_data                      0x00012bdd   Thumb Code     0  stack_rom_symbol.txt ABSOLUTE
    atts_write_rsp_send                      0x00012bf9   Thumb Code     0  stack_rom_symbol.txt ABSOLUTE
    atts_process_pdu                         0x00013893   Thumb Code     0  stack_rom_symbol.txt ABSOLUTE
    atts_l2cc_pdu_recv_handler               0x000138f9   Thumb Code     0  stack_rom_symbol.txt ABSOLUTE
    gattc_update_state                       0x00013b3f   Thumb Code     0  stack_rom_symbol.txt ABSOLUTE
    gattc_get_requester                      0x00013b63   Thumb Code     0  stack_rom_symbol.txt ABSOLUTE
    gattc_send_complete_evt                  0x00013b7f   Thumb Code     0  stack_rom_symbol.txt ABSOLUTE
    gattc_cleanup                            0x00013bdd   Thumb Code     0  stack_rom_symbol.txt ABSOLUTE
    gattc_init                               0x00013c77   Thumb Code     0  stack_rom_symbol.txt ABSOLUTE
    gattc_create                             0x00013cab   Thumb Code     0  stack_rom_symbol.txt ABSOLUTE
    gattc_con_enable                         0x00013d1d   Thumb Code     0  stack_rom_symbol.txt ABSOLUTE
    gattc_get_mtu                            0x00013d31   Thumb Code     0  stack_rom_symbol.txt ABSOLUTE
    gattc_set_mtu                            0x00013d3d   Thumb Code     0  stack_rom_symbol.txt ABSOLUTE
    gattc_send_error_evt                     0x00013d7b   Thumb Code     0  stack_rom_symbol.txt ABSOLUTE
    gattc_get_operation                      0x00013da1   Thumb Code     0  stack_rom_symbol.txt ABSOLUTE
    gattc_get_op_seq_num                     0x00013db7   Thumb Code     0  stack_rom_symbol.txt ABSOLUTE
    gattc_get_operation_ptr                  0x00013dcd   Thumb Code     0  stack_rom_symbol.txt ABSOLUTE
    gattc_set_operation_ptr                  0x00013dd9   Thumb Code     0  stack_rom_symbol.txt ABSOLUTE
    gattc_reschedule_operation               0x00013de5   Thumb Code     0  stack_rom_symbol.txt ABSOLUTE
    gattm_svc_get_start_hdl                  0x00014d05   Thumb Code     0  stack_rom_symbol.txt ABSOLUTE
    gattm_init                               0x00014d0b   Thumb Code     0  stack_rom_symbol.txt ABSOLUTE
    gattm_init_attr                          0x00014d29   Thumb Code     0  stack_rom_symbol.txt ABSOLUTE
    gattm_create                             0x00014d91   Thumb Code     0  stack_rom_symbol.txt ABSOLUTE
    gattm_cleanup                            0x00014d99   Thumb Code     0  stack_rom_symbol.txt ABSOLUTE
    l2cc_send_error_evt                      0x00014db5   Thumb Code     0  stack_rom_symbol.txt ABSOLUTE
    l2cc_update_state                        0x00014ddd   Thumb Code     0  stack_rom_symbol.txt ABSOLUTE
    l2cc_send_complete_evt                   0x00014e03   Thumb Code     0  stack_rom_symbol.txt ABSOLUTE
    l2cc_cleanup                             0x00014e55   Thumb Code     0  stack_rom_symbol.txt ABSOLUTE
    l2cc_init                                0x00014f0b   Thumb Code     0  stack_rom_symbol.txt ABSOLUTE
    l2cc_create                              0x00014f41   Thumb Code     0  stack_rom_symbol.txt ABSOLUTE
    l2cc_get_operation                       0x00014f83   Thumb Code     0  stack_rom_symbol.txt ABSOLUTE
    l2cc_get_operation_ptr                   0x00014f97   Thumb Code     0  stack_rom_symbol.txt ABSOLUTE
    l2cc_set_operation_ptr                   0x00014fa3   Thumb Code     0  stack_rom_symbol.txt ABSOLUTE
    l2cc_data_send                           0x00014faf   Thumb Code     0  stack_rom_symbol.txt ABSOLUTE
    l2cc_lecb_h2l_err                        0x0001523d   Thumb Code     0  stack_rom_symbol.txt ABSOLUTE
    l2cc_lecb_find                           0x00015277   Thumb Code     0  stack_rom_symbol.txt ABSOLUTE
    l2cc_lecb_free                           0x000152b3   Thumb Code     0  stack_rom_symbol.txt ABSOLUTE
    l2cc_lecb_init_disconnect                0x0001536b   Thumb Code     0  stack_rom_symbol.txt ABSOLUTE
    l2cc_lecb_send_con_req                   0x0001539b   Thumb Code     0  stack_rom_symbol.txt ABSOLUTE
    l2cc_lecb_send_con_rsp                   0x000153d7   Thumb Code     0  stack_rom_symbol.txt ABSOLUTE
    l2cc_lecb_send_disc_req                  0x00015407   Thumb Code     0  stack_rom_symbol.txt ABSOLUTE
    l2cc_lecb_send_disc_rsp                  0x00015437   Thumb Code     0  stack_rom_symbol.txt ABSOLUTE
    l2cc_lecb_send_credit_add                0x0001545b   Thumb Code     0  stack_rom_symbol.txt ABSOLUTE
    l2cc_lecb_pdu_pack                       0x0001548d   Thumb Code     0  stack_rom_symbol.txt ABSOLUTE
    l2cc_lecb_pdu_unpack                     0x000154f1   Thumb Code     0  stack_rom_symbol.txt ABSOLUTE
    l2cc_pdu_pack                            0x00015543   Thumb Code     0  stack_rom_symbol.txt ABSOLUTE
    l2cc_pdu_unpack                          0x000157b3   Thumb Code     0  stack_rom_symbol.txt ABSOLUTE
    l2cc_pdu_header_check                    0x00015a15   Thumb Code     0  stack_rom_symbol.txt ABSOLUTE
    l2cc_sig_send_cmd_reject                 0x00015c5d   Thumb Code     0  stack_rom_symbol.txt ABSOLUTE
    l2cc_sig_pdu_recv_handler                0x0001613d   Thumb Code     0  stack_rom_symbol.txt ABSOLUTE
    l2cc_process_op                          0x0001618d   Thumb Code     0  stack_rom_symbol.txt ABSOLUTE
    l2cc_pdu_alloc                           0x0001687f   Thumb Code     0  stack_rom_symbol.txt ABSOLUTE
    l2cc_pdu_send                            0x000168a9   Thumb Code     0  stack_rom_symbol.txt ABSOLUTE
    l2cm_init                                0x0001690f   Thumb Code     0  stack_rom_symbol.txt ABSOLUTE
    l2cm_create                              0x00016935   Thumb Code     0  stack_rom_symbol.txt ABSOLUTE
    l2cm_cleanup                             0x0001693d   Thumb Code     0  stack_rom_symbol.txt ABSOLUTE
    l2cm_set_link_layer_buff_size            0x00016947   Thumb Code     0  stack_rom_symbol.txt ABSOLUTE
    l2cm_get_nb_buffer_available             0x00016951   Thumb Code     0  stack_rom_symbol.txt ABSOLUTE
    l2cm_tx_status                           0x0001695d   Thumb Code     0  stack_rom_symbol.txt ABSOLUTE
    hci_evt_mask_set                         0x00016991   Thumb Code     0  stack_rom_symbol.txt ABSOLUTE
    hci_init                                 0x000169db   Thumb Code     0  stack_rom_symbol.txt ABSOLUTE
    hci_reset                                0x000169fd   Thumb Code     0  stack_rom_symbol.txt ABSOLUTE
    hci_send_2_host                          0x00016a1f   Thumb Code     0  stack_rom_symbol.txt ABSOLUTE
    hci_send_2_controller                    0x00016ab7   Thumb Code     0  stack_rom_symbol.txt ABSOLUTE
    hci_fc_init                              0x00016b81   Thumb Code     0  stack_rom_symbol.txt ABSOLUTE
    hci_fc_acl_buf_size_set                  0x00016b8d   Thumb Code     0  stack_rom_symbol.txt ABSOLUTE
    hci_fc_acl_en                            0x00016bad   Thumb Code     0  stack_rom_symbol.txt ABSOLUTE
    hci_fc_acl_packet_sent                   0x00016bd5   Thumb Code     0  stack_rom_symbol.txt ABSOLUTE
    hci_fc_host_nb_acl_pkts_complete         0x00016be5   Thumb Code     0  stack_rom_symbol.txt ABSOLUTE
    hci_fc_check_host_available_nb_acl_packets 0x00016bf7   Thumb Code     0  stack_rom_symbol.txt ABSOLUTE
    hci_look_for_cmd_desc                    0x00016f23   Thumb Code     0  stack_rom_symbol.txt ABSOLUTE
    hci_look_for_evt_desc                    0x00016f73   Thumb Code     0  stack_rom_symbol.txt ABSOLUTE
    hci_look_for_dbg_evt_desc                0x00016f99   Thumb Code     0  stack_rom_symbol.txt ABSOLUTE
    hci_look_for_le_evt_desc                 0x00016fbd   Thumb Code     0  stack_rom_symbol.txt ABSOLUTE
    hci_tl_send                              0x00017287   Thumb Code     0  stack_rom_symbol.txt ABSOLUTE
    hci_tl_init                              0x000172cf   Thumb Code     0  stack_rom_symbol.txt ABSOLUTE
    hci_cmd_get_max_param_size               0x000172f7   Thumb Code     0  stack_rom_symbol.txt ABSOLUTE
    hci_cmd_received                         0x00017309   Thumb Code     0  stack_rom_symbol.txt ABSOLUTE
    hci_acl_tx_data_alloc                    0x0001742b   Thumb Code     0  stack_rom_symbol.txt ABSOLUTE
    hci_acl_tx_data_received                 0x0001749b   Thumb Code     0  stack_rom_symbol.txt ABSOLUTE
    hci_util_pack                            0x0001758d   Thumb Code     0  stack_rom_symbol.txt ABSOLUTE
    hci_util_unpack                          0x0001768d   Thumb Code     0  stack_rom_symbol.txt ABSOLUTE
    h4tl_init                                0x00017b6f   Thumb Code     0  stack_rom_symbol.txt ABSOLUTE
    h4tl_write                               0x00017bed   Thumb Code     0  stack_rom_symbol.txt ABSOLUTE
    h4tl_start                               0x00017c23   Thumb Code     0  stack_rom_symbol.txt ABSOLUTE
    h4tl_stop                                0x00017c3d   Thumb Code     0  stack_rom_symbol.txt ABSOLUTE
    ahi_init                                 0x00017d17   Thumb Code     0  stack_rom_symbol.txt ABSOLUTE
    ahi_send_msg                             0x00017d39   Thumb Code     0  stack_rom_symbol.txt ABSOLUTE
    __aeabi_uidiv                            0x00017de5   Thumb Code     0  stack_rom_symbol.txt ABSOLUTE
    __aeabi_uidivmod                         0x00017de5   Thumb Code     0  stack_rom_symbol.txt ABSOLUTE
    __aeabi_idiv                             0x00017e11   Thumb Code     0  stack_rom_symbol.txt ABSOLUTE
    __aeabi_idivmod                          0x00017e11   Thumb Code     0  stack_rom_symbol.txt ABSOLUTE
    rand                                     0x00017e39   Thumb Code     0  stack_rom_symbol.txt ABSOLUTE
    srand                                    0x00017e4b   Thumb Code     0  stack_rom_symbol.txt ABSOLUTE
    __aeabi_memcpy                           0x00017e5d   Thumb Code     0  stack_rom_symbol.txt ABSOLUTE
    __aeabi_memcpy4                          0x00017e5d   Thumb Code     0  stack_rom_symbol.txt ABSOLUTE
    __aeabi_memcpy8                          0x00017e5d   Thumb Code     0  stack_rom_symbol.txt ABSOLUTE
    __aeabi_memset                           0x00017e81   Thumb Code     0  stack_rom_symbol.txt ABSOLUTE
    __aeabi_memset4                          0x00017e81   Thumb Code     0  stack_rom_symbol.txt ABSOLUTE
    __aeabi_memset8                          0x00017e81   Thumb Code     0  stack_rom_symbol.txt ABSOLUTE
    __aeabi_memclr                           0x00017e91   Thumb Code     0  stack_rom_symbol.txt ABSOLUTE
    __aeabi_memclr4                          0x00017e91   Thumb Code     0  stack_rom_symbol.txt ABSOLUTE
    __aeabi_memclr8                          0x00017e91   Thumb Code     0  stack_rom_symbol.txt ABSOLUTE
    _memset$wrapper                          0x00017e95   Thumb Code     0  stack_rom_symbol.txt ABSOLUTE
    memcmp                                   0x00017ea7   Thumb Code     0  stack_rom_symbol.txt ABSOLUTE
    __ARM_clz                                0x00017ec0   ARM Code       0  stack_rom_symbol.txt ABSOLUTE
    __ARM_common_disable_fiq                 0x00017ec8   ARM Code       0  stack_rom_symbol.txt ABSOLUTE
    __ARM_common_disable_irq                 0x00017edc   ARM Code       0  stack_rom_symbol.txt ABSOLUTE
    __ARM_common_enable_fiq                  0x00017ef0   ARM Code       0  stack_rom_symbol.txt ABSOLUTE
    __ARM_common_enable_irq                  0x00017f00   ARM Code       0  stack_rom_symbol.txt ABSOLUTE
    __ARM_common_switch8                     0x00017f10   ARM Code       0  stack_rom_symbol.txt ABSOLUTE
    one_bits                                 0x00017f2c   Data           0  stack_rom_symbol.txt ABSOLUTE
    co_sca2ppm                               0x00017f3c   Data           0  stack_rom_symbol.txt ABSOLUTE
    co_null_bdaddr                           0x00017f4c   Data           0  stack_rom_symbol.txt ABSOLUTE
    llc_default_handler                      0x0001811c   Data           0  stack_rom_symbol.txt ABSOLUTE
    rwip_coex_cfg                            0x00018134   Data           0  stack_rom_symbol.txt ABSOLUTE
    rwip_priority                            0x00018139   Data           0  stack_rom_symbol.txt ABSOLUTE
    lld_pdu_adv_pk_desc_tab                  0x00018148   Data           0  stack_rom_symbol.txt ABSOLUTE
    lld_pdu_llcp_pk_desc_tab                 0x0001819c   Data           0  stack_rom_symbol.txt ABSOLUTE
    llm_local_data_len_values                0x000182aa   Data           0  stack_rom_symbol.txt ABSOLUTE
    llm_local_cmds                           0x000182c8   Data           0  stack_rom_symbol.txt ABSOLUTE
    llm_local_le_feats                       0x00018308   Data           0  stack_rom_symbol.txt ABSOLUTE
    llm_local_le_states                      0x00018310   Data           0  stack_rom_symbol.txt ABSOLUTE
    llm_default_handler                      0x00018490   Data           0  stack_rom_symbol.txt ABSOLUTE
    LLM_AA_CT1                               0x00018498   Data           0  stack_rom_symbol.txt ABSOLUTE
    LLM_AA_CT2                               0x0001849b   Data           0  stack_rom_symbol.txt ABSOLUTE
    gapc_sig_handlers                        0x00018558   Data           0  stack_rom_symbol.txt ABSOLUTE
    gapc_default_state                       0x00018570   Data           0  stack_rom_symbol.txt ABSOLUTE
    gapc_default_handler                     0x00018680   Data           0  stack_rom_symbol.txt ABSOLUTE
    gapm_default_state                       0x000187f0   Data           0  stack_rom_symbol.txt ABSOLUTE
    gapm_default_handler                     0x000188b8   Data           0  stack_rom_symbol.txt ABSOLUTE
    smpc_construct_pdu                       0x000188dc   Data           0  stack_rom_symbol.txt ABSOLUTE
    smpc_recv_pdu                            0x00018918   Data           0  stack_rom_symbol.txt ABSOLUTE
    attc_handlers                            0x00018954   Data           0  stack_rom_symbol.txt ABSOLUTE
    atts_handlers                            0x000189e8   Data           0  stack_rom_symbol.txt ABSOLUTE
    gattc_default_state                      0x00018a60   Data           0  stack_rom_symbol.txt ABSOLUTE
    gattc_default_handler                    0x00018b40   Data           0  stack_rom_symbol.txt ABSOLUTE
    gattm_default_state                      0x00018b7c   Data           0  stack_rom_symbol.txt ABSOLUTE
    gattm_default_handler                    0x00018b84   Data           0  stack_rom_symbol.txt ABSOLUTE
    l2cc_sig_handlers                        0x00018cb0   Data           0  stack_rom_symbol.txt ABSOLUTE
    l2cc_default_state                       0x00018cf0   Data           0  stack_rom_symbol.txt ABSOLUTE
    l2cc_default_handler                     0x00018d50   Data           0  stack_rom_symbol.txt ABSOLUTE
    hci_cmd_desc_tab_lk_ctrl                 0x00018d68   Data           0  stack_rom_symbol.txt ABSOLUTE
    hci_cmd_desc_tab_ctrl_bb                 0x00018d8c   Data           0  stack_rom_symbol.txt ABSOLUTE
    hci_cmd_desc_tab_info_par                0x00018e04   Data           0  stack_rom_symbol.txt ABSOLUTE
    hci_cmd_desc_tab_stat_par                0x00018e40   Data           0  stack_rom_symbol.txt ABSOLUTE
    hci_cmd_desc_tab_le                      0x00018e4c   Data           0  stack_rom_symbol.txt ABSOLUTE
    hci_cmd_desc_tab_vs                      0x00019074   Data           0  stack_rom_symbol.txt ABSOLUTE
    hci_evt_dbg_desc_tab                     0x000190bc   Data           0  stack_rom_symbol.txt ABSOLUTE
    hci_cmd_desc_root_tab                    0x000190c4   Data           0  stack_rom_symbol.txt ABSOLUTE
    hci_evt_desc_tab                         0x000190f4   Data           0  stack_rom_symbol.txt ABSOLUTE
    hci_evt_le_desc_tab                      0x0001913c   Data           0  stack_rom_symbol.txt ABSOLUTE
    ahi_default_state                        0x0001919c   Data           0  stack_rom_symbol.txt ABSOLUTE
    ahi_default_handler                      0x000191a4   Data           0  stack_rom_symbol.txt ABSOLUTE
    boot_stack_base_UNUSED                   0x0001e264   Data           4  boot_handlers.o(SYS_BOOT)
    boot_stack_len_UNUSED                    0x0001e268   Data           4  boot_handlers.o(SYS_BOOT)
    boot_stack_base_IRQ                      0x0001e26c   Data           4  boot_handlers.o(SYS_BOOT)
    boot_stack_len_IRQ                       0x0001e270   Data           4  boot_handlers.o(SYS_BOOT)
    boot_stack_base_SVC                      0x0001e274   Data           4  boot_handlers.o(SYS_BOOT)
    boot_stack_len_SVC                       0x0001e278   Data           4  boot_handlers.o(SYS_BOOT)
    boot_stack_base_FIQ                      0x0001e27c   Data           4  boot_handlers.o(SYS_BOOT)
    boot_stack_len_FIQ                       0x0001e280   Data           4  boot_handlers.o(SYS_BOOT)
    sys_Reset                                0x0001e284   ARM Code       0  boot_handlers.o(SYS_BOOT)
    Long ARM to Thumb Veneer to Undefined_Exception 0x0001e450   ARM Code       8  anon$$obj.o(Veneer$$Code)
    Long ARM to Thumb Veneer to SoftwareInterrupt_Exception 0x0001e458   ARM Code       8  anon$$obj.o(Veneer$$Code)
    Long ARM to Thumb Veneer to PrefetchAbort_Exception 0x0001e460   ARM Code       8  anon$$obj.o(Veneer$$Code)
    Long ARM to Thumb Veneer to DataAbort_Exception 0x0001e468   ARM Code       8  anon$$obj.o(Veneer$$Code)
    Long ARM to Thumb Veneer to Reserved_Exception 0x0001e470   ARM Code       8  anon$$obj.o(Veneer$$Code)
    Long ARM to Thumb Veneer to rw_main      0x0001e478   ARM Code       8  anon$$obj.o(Veneer$$Code)
    SYSirq_FIQ_Handler                       0x0001e500   ARM Code      16  intc.o(sys_fiq_entry)
    SYSirq_IRQ_Handler                       0x0001e520   ARM Code      16  intc.o(sys_irq_entry)
    assert_err                               0x0001e531   Thumb Code    18  arch_main.o(.text)
    assert_param                             0x0001e543   Thumb Code    22  arch_main.o(.text)
    assert_warn                              0x0001e559   Thumb Code    22  arch_main.o(.text)
    dump_data                                0x0001e56f   Thumb Code    18  arch_main.o(.text)
    platform_reset                           0x0001e581   Thumb Code    46  arch_main.o(.text)
    bdaddr_env_init                          0x0001e5af   Thumb Code    72  arch_main.o(.text)
    rw_dut_enter                             0x0001e5f7   Thumb Code     6  arch_main.o(.text)
    rw_app_enter                             0x0001e5fd   Thumb Code    84  arch_main.o(.text)
    sys_mode_init                            0x0001e651   Thumb Code     8  arch_main.o(.text)
    rom_env_init                             0x0001e659   Thumb Code    86  arch_main.o(.text)
    rwip_eif_api_init                        0x0001e6d3   Thumb Code    20  arch_main.o(.text)
    rw_main                                  0x0001e6e7   Thumb Code   214  arch_main.o(.text)
    rwip_eif_get                             0x0001e7bd   Thumb Code    16  arch_main.o(.text)
    rwble_hl_init                            0x0001ea71   Thumb Code    28  rwble_hl.o(.text)
    rwble_hl_reset                           0x0001ea8d   Thumb Code    28  rwble_hl.o(.text)
    rwble_init                               0x0001eaa9   Thumb Code    28  rwble.o(.text)
    rwble_reset                              0x0001eac5   Thumb Code    86  rwble.o(.text)
    rwble_sleep_check                        0x0001eb1b   Thumb Code    16  rwble.o(.text)
    rwble_activity_ongoing_check             0x0001eb2b   Thumb Code    30  rwble.o(.text)
    rwble_version                            0x0001eb49   Thumb Code    44  rwble.o(.text)
    rwble_isr                                0x0001eb75   Thumb Code   172  rwble.o(.text)
    rwip_check_wakeup_boundary               0x0001ec29   Thumb Code    34  rwip.o(.text)
    rwip_init                                0x0001ec4b   Thumb Code   182  rwip.o(.text)
    rwip_reset                               0x0001ed01   Thumb Code    56  rwip.o(.text)
    rwip_version                             0x0001ed39   Thumb Code     8  rwip.o(.text)
    rwip_schedule                            0x0001ed41   Thumb Code    16  rwip.o(.text)
    rwip_prevent_sleep_set                   0x0001ed51   Thumb Code    42  rwip.o(.text)
    rwip_sleep                               0x0001ed7b   Thumb Code   144  rwip.o(.text)
    rwip_wakeup                              0x0001ee0b   Thumb Code    24  rwip.o(.text)
    rwip_prevent_sleep_clear                 0x0001ee23   Thumb Code    42  rwip.o(.text)
    rwip_wakeup_end                          0x0001ee4d   Thumb Code    36  rwip.o(.text)
    rwip_us_2_lpcycles                       0x0001ee71   Thumb Code    12  rwip.o(.text)
    rwip_wakeup_delay_set                    0x0001ee7d   Thumb Code    12  rwip.o(.text)
    rwip_prevent_sleep_get                   0x0001ee89   Thumb Code     6  rwip.o(.text)
    rwip_sleep_enable                        0x0001ee8f   Thumb Code     6  rwip.o(.text)
    rwip_ext_wakeup_enable                   0x0001ee95   Thumb Code     6  rwip.o(.text)
    rwip_sleep_lpcycles_2_us                 0x0001ee9b   Thumb Code    32  rwip.o(.text)
    system_sleep_init                        0x0001eee5   Thumb Code    20  icu.o(.text)
    icu_init                                 0x0001eef9   Thumb Code    74  icu.o(.text)
    icu_get_sleep_mode                       0x0001ef43   Thumb Code     6  icu.o(.text)
    icu_set_sleep_mode                       0x0001ef49   Thumb Code     6  icu.o(.text)
    cpu_reduce_voltage_sleep                 0x0001ef4f   Thumb Code    60  icu.o(.text)
    cpu_wakeup                               0x0001ef8b   Thumb Code    28  icu.o(.text)
    cpu_idle_sleep                           0x0001efa7   Thumb Code     8  icu.o(.text)
    switch_clk                               0x0001efaf   Thumb Code    82  icu.o(.text)
    bk3435_singleWaveCfg                     0x0001f001   Thumb Code    22  icu.o(.text)
    bk3435_set_power                         0x0001f017   Thumb Code    48  icu.o(.text)
    gpio_config                              0x0001f06d   Thumb Code   144  gpio.o(.text)
    gpio_get_input                           0x0001f0fd   Thumb Code    28  gpio.o(.text)
    gpio_set                                 0x0001f119   Thumb Code    36  gpio.o(.text)
    gpio_init                                0x0001f13d   Thumb Code     2  gpio.o(.text)
    gpio_triger                              0x0001f13f   Thumb Code    20  gpio.o(.text)
    gpio_cb_register                         0x0001f153   Thumb Code    12  gpio.o(.text)
    gpio_isr                                 0x0001f15f   Thumb Code    34  gpio.o(.text)
    gpio_test_init                           0x0001f181   Thumb Code    54  gpio.o(.text)
    gpio_sleep                               0x0001f1b7   Thumb Code    72  gpio.o(.text)
    gpio_wakeup                              0x0001f1ff   Thumb Code    52  gpio.o(.text)
    DEBUG_MSG                                0x0001f233   Thumb Code     2  gpio.o(.text)
    set_flash_clk                            0x0001f249   Thumb Code    40  flash.o(.text)
    get_flash_ID                             0x0001f271   Thumb Code    34  flash.o(.text)
    flash_read_sr                            0x0001f293   Thumb Code    26  flash.o(.text)
    flash_write_sr                           0x0001f2ad   Thumb Code   168  flash.o(.text)
    flash_wp_256k                            0x0001f355   Thumb Code    70  flash.o(.text)
    flash_wp_ALL                             0x0001f39b   Thumb Code    70  flash.o(.text)
    flash_advance_init                       0x0001f3e1   Thumb Code   102  flash.o(.text)
    clr_flash_qwfr                           0x0001f447   Thumb Code    76  flash.o(.text)
    flash_set_dual_mode                      0x0001f493   Thumb Code    32  flash.o(.text)
    flash_init                               0x0001f4b3   Thumb Code    34  flash.o(.text)
    flash_set_line_mode                      0x0001f4d5   Thumb Code     2  flash.o(.text)
    flash_erase_sector                       0x0001f4d7   Thumb Code    50  flash.o(.text)
    flash_read_data                          0x0001f509   Thumb Code   134  flash.o(.text)
    flash_write_data                         0x0001f58f   Thumb Code   300  flash.o(.text)
    flash_set_qe                             0x0001f6bb   Thumb Code    68  flash.o(.text)
    flash_read                               0x0001f6ff   Thumb Code    46  flash.o(.text)
    flash_write                              0x0001f72d   Thumb Code   102  flash.o(.text)
    udi_exchange_fdata_to_adjoining_next_sector 0x0001f793   Thumb Code   102  flash.o(.text)
    udi_exchange_fdata_to_adjoining_previous_sector 0x0001f7f9   Thumb Code    98  flash.o(.text)
    flash_erase                              0x0001f85b   Thumb Code   174  flash.o(.text)
    emi_init                                 0x0001f931   Thumb Code    20  emi.o(.text)
    intc_spurious                            0x0001f949   Thumb Code     2  intc.o(.text)
    intc_init                                0x0001f94b   Thumb Code    28  intc.o(.text)
    intc_stat_clear                          0x0001f967   Thumb Code     8  intc.o(.text)
    IRQ_Exception                            0x0001f96f   Thumb Code    62  intc.o(.text)
    FIQ_Exception                            0x0001f9ad   Thumb Code    22  intc.o(.text)
    timer_init                               0x0001f9d1   Thumb Code     2  timer.o(.text)
    timer_set_timeout                        0x0001f9d3   Thumb Code     6  timer.o(.text)
    timer_get_time                           0x0001f9d9   Thumb Code     6  timer.o(.text)
    timer_enable                             0x0001f9df   Thumb Code     6  timer.o(.text)
    timer_isr                                0x0001f9e5   Thumb Code    20  timer.o(.text)
    Read_Uart_Buf                            0x0001f9fd   Thumb Code    14  uart.o(.text)
    Uart_Read_Byte                           0x0001fa0b   Thumb Code    10  uart.o(.text)
    uart_putchar                             0x0001fa15   Thumb Code    34  uart.o(.text)
    uart_printf                              0x0001fa37   Thumb Code    46  uart.o(.text)
    uart_printf_null                         0x0001fa65   Thumb Code     4  uart.o(.text)
    hex2Str                                  0x0001fa69   Thumb Code    46  uart.o(.text)
    uart_print_int                           0x0001fa97   Thumb Code    48  uart.o(.text)
    cpu_delay                                0x0001fac7   Thumb Code    26  uart.o(.text)
    uart_init                                0x0001fae1   Thumb Code   130  uart.o(.text)
    uart_flow_on                             0x0001fb63   Thumb Code     2  uart.o(.text)
    uart_clear_rxfifo                        0x0001fb65   Thumb Code    26  uart.o(.text)
    uart_flow_off                            0x0001fb7f   Thumb Code     4  uart.o(.text)
    uart_finish_transfers                    0x0001fb83   Thumb Code    24  uart.o(.text)
    uart_read                                0x0001fb9b   Thumb Code    10  uart.o(.text)
    uart_write                               0x0001fba5   Thumb Code    64  uart.o(.text)
    uart_send                                0x0001fbe5   Thumb Code    26  uart.o(.text)
    uart_cb_register                         0x0001fbff   Thumb Code    10  uart.o(.text)
    uart_cb_clear                            0x0001fc09   Thumb Code    14  uart.o(.text)
    uart_isr                                 0x0001fc17   Thumb Code   224  uart.o(.text)
    check_uart_stop                          0x0001fcf7   Thumb Code    10  uart.o(.text)
    wdt_disable                              0x0001fd59   Thumb Code    28  wdt.o(.text)
    wdt_enable                               0x0001fd75   Thumb Code    38  wdt.o(.text)
    wdt_feed                                 0x0001fd9b   Thumb Code    28  wdt.o(.text)
    Delay_ms                                 0x0001fdf7   Thumb Code    26  rf_xvr.o(.text)
    kmod_calibration                         0x0001fe11   Thumb Code   280  rf_xvr.o(.text)
    init_analog_xvr_reg                      0x0001ff29   Thumb Code   186  rf_xvr.o(.text)
    initial_xver_BK3435V2_openLoop           0x0001ffe3   Thumb Code   260  rf_xvr.o(.text)
    rf_init                                  0x000200e7   Thumb Code    36  rf_xvr.o(.text)
    Delay_us                                 0x0002010b   Thumb Code    20  rf_xvr.o(.text)
    Delay                                    0x0002011f   Thumb Code    20  rf_xvr.o(.text)
    CLK32K_AutoCali_init                     0x00020133   Thumb Code    48  rf_xvr.o(.text)
    bass_get_att_handle                      0x000203f3   Thumb Code   122  bass.o(.text)
    bass_prf_itf_get                         0x000204ad   Thumb Code     6  bass.o(.text)
    bass_get_att_idx                         0x000204b3   Thumb Code   112  bass.o(.text)
    bass_exe_operation                       0x00020523   Thumb Code   238  bass.o(.text)
    diss_compute_cfg_flag                    0x000208c5   Thumb Code    40  diss.o(.text)
    diss_prf_itf_get                         0x00020997   Thumb Code     6  diss.o(.text)
    diss_handle_to_value                     0x0002099d   Thumb Code    54  diss.o(.text)
    diss_value_to_handle                     0x000209d3   Thumb Code    60  diss.o(.text)
    diss_check_val_len                       0x00020a0f   Thumb Code    42  diss.o(.text)
    fff0s_get_att_handle                     0x00020d19   Thumb Code    50  fff0s.o(.text)
    fff0s_notify_fff1_lvl                    0x00020d4b   Thumb Code    64  fff0s.o(.text)
    fff0s_prf_itf_get                        0x00020d8b   Thumb Code     6  fff0s.o(.text)
    fff0s_get_att_idx                        0x00020d91   Thumb Code    62  fff0s.o(.text)
    oad_save_reciveData                      0x00021103   Thumb Code    32  oads.o(.text)
    oad_updating_user_section_begin          0x00021123   Thumb Code    38  oads.o(.text)
    oad_updating_user_section_pro            0x00021149   Thumb Code   106  oads.o(.text)
    oad_updating_user_section_end            0x000211b3   Thumb Code    18  oads.o(.text)
    oadImgIdentifyWrite                      0x000212a7   Thumb Code   778  oads.o(.text)
    oadImgBlockWrite                         0x000215b1   Thumb Code   364  oads.o(.text)
    oads_prf_itf_get                         0x0002171d   Thumb Code     4  oads.o(.text)
    prf_init                                 0x00021b13   Thumb Code   112  prf.o(.text)
    prf_add_profile                          0x00021b83   Thumb Code   130  prf.o(.text)
    prf_create                               0x00021c05   Thumb Code    44  prf.o(.text)
    prf_cleanup                              0x00021c31   Thumb Code    48  prf.o(.text)
    prf_env_get                              0x00021c61   Thumb Code    44  prf.o(.text)
    prf_src_task_get                         0x00021c8d   Thumb Code    16  prf.o(.text)
    prf_dst_task_get                         0x00021c9d   Thumb Code    16  prf.o(.text)
    prf_get_id_from_task                     0x00021cad   Thumb Code    52  prf.o(.text)
    prf_get_task_from_id                     0x00021ce1   Thumb Code    52  prf.o(.text)
    prf_pack_char_pres_fmt                   0x00021d19   Thumb Code    30  prf_utils.o(.text)
    prf_pack_date_time                       0x00021d37   Thumb Code    32  prf_utils.o(.text)
    prf_unpack_date_time                     0x00021d57   Thumb Code    34  prf_utils.o(.text)
    appm_init                                0x00021d79   Thumb Code    96  app.o(.text)
    appm_add_svc                             0x00021dd9   Thumb Code    32  app.o(.text)
    appm_disconnect                          0x00021df9   Thumb Code    34  app.o(.text)
    appm_start_advertising                   0x00021e1b   Thumb Code   312  app.o(.text)
    appm_stop_advertising                    0x00021f53   Thumb Code    48  app.o(.text)
    appm_update_adv_data                     0x00021f83   Thumb Code    86  app.o(.text)
    appm_update_param                        0x00021fd9   Thumb Code    68  app.o(.text)
    appm_get_dev_name                        0x0002201d   Thumb Code    16  app.o(.text)
    app_batt_init                            0x000220c5   Thumb Code    12  app_batt.o(.text)
    app_batt_add_bas                         0x000220d1   Thumb Code    44  app_batt.o(.text)
    app_batt_enable_prf                      0x000220fd   Thumb Code    44  app_batt.o(.text)
    app_batt_send_lvl                        0x00022129   Thumb Code    34  app_batt.o(.text)
    app_dis_init                             0x000221e5   Thumb Code     2  app_dis.o(.text)
    app_dis_add_dis                          0x000221e7   Thumb Code    42  app_dis.o(.text)
    app_fff0_init                            0x00022275   Thumb Code    10  app_fff0.o(.text)
    app_fff0_add_fff0s                       0x0002227f   Thumb Code    42  app_fff0.o(.text)
    app_fff1_send_lvl                        0x000222a9   Thumb Code    46  app_fff0.o(.text)
    app_oads_init                            0x000223a5   Thumb Code     8  app_oads.o(.text)
    app_oad_add_oads                         0x000223ad   Thumb Code    62  app_oads.o(.text)
    app_oads_enable_prf                      0x000223eb   Thumb Code    42  app_oads.o(.text)
    app_ffc1_ntf_req                         0x00022465   Thumb Code    44  app_oads.o(.text)
    app_ffc2_ntf_req                         0x00022491   Thumb Code    46  app_oads.o(.text)
    Init_LED                                 0x00022b45   Thumb Code   142  led.o(.text)
    ANO_DT_Send_Version                      0x00022bd5   Thumb Code   116  ano_uart.o(.text)
    BT_delayUs                               0x00022c4d   Thumb Code    20  rf_test.o(.text)
    char_to_num                              0x00022c61   Thumb Code    44  rf_test.o(.text)
    fCheckValue                              0x00022c8d   Thumb Code    58  rf_test.o(.text)
    BT_singleWaveCfg                         0x00022cc7   Thumb Code    38  rf_test.o(.text)
    rw_fcc_enter                             0x00022ced   Thumb Code   736  rf_test.o(.text)
    XVR_Initial                              0x000230d9   Thumb Code   304  rf_pn9_test.o(.text)
    Test_XVR_PN9_Rx_Ena                      0x00023209   Thumb Code    32  rf_pn9_test.o(.text)
    Test_XVR_Single_Carrier_Tx_Ena1          0x00023229   Thumb Code    30  rf_pn9_test.o(.text)
    LockPn9Test                              0x00023247   Thumb Code    26  rf_pn9_test.o(.text)
    GetBER                                   0x00023261   Thumb Code    16  rf_pn9_test.o(.text)
    rw_pn9_enter                             0x00023271   Thumb Code     2  rf_pn9_test.o(.text)
    pn9_test_process                         0x00023273   Thumb Code   164  rf_pn9_test.o(.text)
    strncmp                                  0x000233d5   Thumb Code    30  strncmp.o(.text)
    __aeabi_uldivmod                         0x000233f3   Thumb Code    96  uldiv.o(.text)
    __I$use$fp                               0x00023454   ARM Code       0  iusefp.o(.text)
    __aeabi_dadd                             0x00023455   Thumb Code   328  dadd.o(.text)
    __aeabi_dsub                             0x0002359d   Thumb Code    12  dadd.o(.text)
    __aeabi_drsub                            0x000235a9   Thumb Code    12  dadd.o(.text)
    __aeabi_dmul                             0x000235b9   Thumb Code   202  dmul.o(.text)
    __aeabi_ddiv                             0x00023689   Thumb Code   234  ddiv.o(.text)
    __aeabi_d2ulz                            0x00023779   Thumb Code    54  dfixul.o(.text)
    __aeabi_cdrcmple                         0x000237b9   Thumb Code    38  cdrcmple.o(.text)
    __aeabi_llsl                             0x000237e1   Thumb Code    32  llshl.o(.text)
    _ll_shift_l                              0x000237e1   Thumb Code     0  llshl.o(.text)
    __aeabi_llsr                             0x00023801   Thumb Code    34  llushr.o(.text)
    _ll_ushift_r                             0x00023801   Thumb Code     0  llushr.o(.text)
    __aeabi_lasr                             0x00023823   Thumb Code    38  llsshr.o(.text)
    _ll_sshift_r                             0x00023823   Thumb Code     0  llsshr.o(.text)
    _double_round                            0x00023849   Thumb Code    26  depilogue.o(.text)
    _double_epilogue                         0x00023863   Thumb Code   164  depilogue.o(.text)
    __0vsprintf                              0x00023909   Thumb Code    30  printfa.o(i.__0vsprintf)
    __1vsprintf                              0x00023909   Thumb Code     0  printfa.o(i.__0vsprintf)
    __2vsprintf                              0x00023909   Thumb Code     0  printfa.o(i.__0vsprintf)
    __c89vsprintf                            0x00023909   Thumb Code     0  printfa.o(i.__0vsprintf)
    vsprintf                                 0x00023909   Thumb Code     0  printfa.o(i.__0vsprintf)
    bas_att_db                               0x00024218   Data          40  bass.o(.constdata)
    bass_itf                                 0x00024240   Data          16  bass.o(.constdata)
    bass_default_state                       0x00024250   Data          48  bass_task.o(.constdata)
    bass_default_handler                     0x00024280   Data           8  bass_task.o(.constdata)
    diss_att_db                              0x00024288   Data         152  diss.o(.constdata)
    diss_itf                                 0x00024320   Data          16  diss.o(.constdata)
    diss_default_state                       0x00024330   Data          24  diss_task.o(.constdata)
    diss_default_handler                     0x00024348   Data           8  diss_task.o(.constdata)
    fff0_att_db                              0x00024350   Data          48  fff0s.o(.constdata)
    fff0s_itf                                0x00024380   Data          16  fff0s.o(.constdata)
    fff0s_default_state                      0x00024390   Data          40  fff0s_task.o(.constdata)
    fff0s_default_handler                    0x000243b8   Data           8  fff0s_task.o(.constdata)
    oads_att_db                              0x000243c0   Data          72  oads.o(.constdata)
    oads_itf                                 0x00024408   Data          16  oads.o(.constdata)
    oads_default_state                       0x00024460   Data          48  oads_task.o(.constdata)
    braces_default_handler                   0x00024490   Data           8  oads_task.o(.constdata)
    app_batt_msg_handler_list                0x000244ec   Data          32  app_batt.o(.constdata)
    app_batt_table_handler                   0x0002450c   Data           8  app_batt.o(.constdata)
    app_dis_msg_handler_list                 0x00024514   Data           8  app_dis.o(.constdata)
    app_dis_table_handler                    0x0002451c   Data           8  app_dis.o(.constdata)
    app_fff0_msg_handler_list                0x00024524   Data          40  app_fff0.o(.constdata)
    app_fff0_table_handler                   0x0002454c   Data           8  app_fff0.o(.constdata)
    app_oads_msg_handler_list                0x00024570   Data          48  app_oads.o(.constdata)
    app_oads_table_handler                   0x000245a0   Data           8  app_oads.o(.constdata)
    appm_default_state                       0x00024650   Data         120  app_task.o(.constdata)
    appm_default_handler                     0x000246c8   Data           8  app_task.o(.constdata)
    RF_CHANNEL_TABLE                         0x00024785   Data          80  rf_test.o(.constdata)
    Load$$RAM_DATA$$Base                     0x000247d8   Number         0  anon$$obj.o ABSOLUTE
    co_default_bdaddr                        0x00400024   Data           0  stack_rom_symbol.txt ABSOLUTE
    llc_env                                  0x0040002c   Data           0  stack_rom_symbol.txt ABSOLUTE
    llc_state                                0x00400030   Data           0  stack_rom_symbol.txt ABSOLUTE
    latency_disable_state                    0x00400031   Data           0  stack_rom_symbol.txt ABSOLUTE
    system_sleep_flag                        0x00400032   Data           0  stack_rom_symbol.txt ABSOLUTE
    lld_sleep_env                            0x00400034   Data           0  stack_rom_symbol.txt ABSOLUTE
    system_mode                              0x00400038   Data           0  stack_rom_symbol.txt ABSOLUTE
    llm_state                                0x00400039   Data           0  stack_rom_symbol.txt ABSOLUTE
    gapc_env                                 0x0040003c   Data           0  stack_rom_symbol.txt ABSOLUTE
    gapc_state                               0x00400040   Data           0  stack_rom_symbol.txt ABSOLUTE
    gapm_state                               0x00400041   Data           0  stack_rom_symbol.txt ABSOLUTE
    gattc_env                                0x00400044   Data           0  stack_rom_symbol.txt ABSOLUTE
    gattc_state                              0x00400048   Data           0  stack_rom_symbol.txt ABSOLUTE
    gattm_state                              0x00400049   Data           0  stack_rom_symbol.txt ABSOLUTE
    l2cc_env                                 0x0040004c   Data           0  stack_rom_symbol.txt ABSOLUTE
    l2cc_state                               0x00400050   Data           0  stack_rom_symbol.txt ABSOLUTE
    ahi_state                                0x00400051   Data           0  stack_rom_symbol.txt ABSOLUTE
    ke_env                                   0x0040007c   Data           0  stack_rom_symbol.txt ABSOLUTE
    rwip_rf                                  0x00400130   Data           0  stack_rom_symbol.txt ABSOLUTE
    rom_env                                  0x00400164   Data           0  stack_rom_symbol.txt ABSOLUTE
    em_buf_env                               0x004001b0   Data           0  stack_rom_symbol.txt ABSOLUTE
    lld_evt_env                              0x004004f8   Data           0  stack_rom_symbol.txt ABSOLUTE
    llm_le_env                               0x00400524   Data           0  stack_rom_symbol.txt ABSOLUTE
    gapm_env                                 0x004005a0   Data           0  stack_rom_symbol.txt ABSOLUTE
    gattm_env                                0x004005d8   Data           0  stack_rom_symbol.txt ABSOLUTE
    l2cm_env                                 0x004005f8   Data           0  stack_rom_symbol.txt ABSOLUTE
    hci_env                                  0x00400604   Data           0  stack_rom_symbol.txt ABSOLUTE
    hci_fc_env                               0x00400614   Data           0  stack_rom_symbol.txt ABSOLUTE
    ahi_env                                  0x00400664   Data           0  stack_rom_symbol.txt ABSOLUTE
    Image$$RAM_DATA$$Base                    0x00400800   Number         0  anon$$obj.o ABSOLUTE
    GPIO_CFG                                 0x00400808   Data          20  gpio.o(.data)
    GPIO_DATA                                0x0040081c   Data          20  gpio.o(.data)
    flash_enable_write_flag1                 0x00400830   Data           1  flash.o(.data)
    flash_enable_write_flag2                 0x00400831   Data           1  flash.o(.data)
    flash_enable_write_flag3                 0x00400832   Data           1  flash.o(.data)
    flash_enable_write_flag4                 0x00400833   Data           1  flash.o(.data)
    flash_enable_erase_flag1                 0x00400834   Data           1  flash.o(.data)
    flash_enable_erase_flag2                 0x00400835   Data           1  flash.o(.data)
    flash_mid                                0x00400838   Data           4  flash.o(.data)
    uart_rx_done                             0x0040083c   Data           1  uart.o(.data)
    cur_read_buf_idx                         0x0040083d   Data           1  uart.o(.data)
    uart_dut_reg_flag                        0x0040083e   Data           1  uart.o(.data)
    uart_rx_index                            0x00400844   Data           4  uart.o(.data)
    wdt_disable_flag                         0x0040084c   Data           1  wdt.o(.data)
    oad_firmware_type                        0x0040084f   Data           1  oads.o(.data)
    app_batt_env                             0x00400856   Data           2  app_batt.o(.data)
    app_fff0_env                             0x00400858   Data           2  app_fff0.o(.data)
    app_oads_env                             0x0040085a   Data           1  app_oads.o(.data)
    appm_state                               0x0040085b   Data           1  app_task.o(.data)
    uart_send_cb                             0x0040085c   Data           4  ano_uart.o(.data)
    data_to_send                             0x00400860   Data           4  ano_uart.o(.data)
    ch_status                                0x00400864   Data           1  rf_test.o(.data)
    freq                                     0x00400865   Data           1  rf_test.o(.data)
    powerlevel                               0x00400866   Data           1  rf_test.o(.data)
    p_mode                                   0x00400867   Data           1  rf_test.o(.data)
    d_mode                                   0x00400868   Data           1  rf_test.o(.data)
    hopping                                  0x00400869   Data           1  rf_test.o(.data)
    freq_value                               0x0040086a   Data           1  rf_test.o(.data)
    temp                                     0x0040086b   Data           1  rf_test.o(.data)
    index                                    0x0040086c   Data           1  rf_test.o(.data)
    p_APB_XVER_ADDR                          0x00400874   Data           4  rf_pn9_test.o(.data)
    tx_rsp_buffer                            0x00400878   Data           7  rf_pn9_test.o(.data)
    rx_rsp_buffer                            0x0040087f   Data           7  rf_pn9_test.o(.data)
    error_cmd_rsp                            0x00400886   Data           7  rf_pn9_test.o(.data)
    test_end_rsp_buffer                      0x0040088d   Data           9  rf_pn9_test.o(.data)
    Image$$RAM_BSS$$Base                     0x00400898   Number         0  anon$$obj.o ABSOLUTE
    uart_api                                 0x00400898   Data          16  arch_main.o(.bss)
    GPIO_CFG_BACKUP                          0x004008b8   Data          20  gpio.o(.bss)
    GPIO_DATA_BACKUP                         0x004008cc   Data          20  gpio.o(.bss)
    flash_env                                0x004008e0   Data          12  flash.o(.bss)
    uart_rx_buf                              0x004008ec   Data          64  uart.o(.bss)
    uart_env                                 0x0040092c   Data          20  uart.o(.bss)
    uart_buff                                0x00400940   Data          64  uart.o(.bss)
    uart_tx_buf                              0x00400980   Data          64  uart.o(.bss)
    XVR_ANALOG_REG_BAK                       0x004009c0   Data          64  rf_xvr.o(.bss)
    bsec                                     0x00400a00   Data         192  oads.o(.bss)
    prf_env                                  0x00400ac0   Data         240  prf.o(.bss)
    app_env                                  0x00400bb0   Data          40  app.o(.bss)
    Image$$RAM_STACK_UNUSED$$Base            0x0040b70c   Number         0  anon$$obj.o ABSOLUTE
    Image$$RAM_STACK_SVC$$Base               0x0040b72c   Number         0  anon$$obj.o ABSOLUTE
    Image$$RAM_STACK_IRQ$$Base               0x0040bc1c   Number         0  anon$$obj.o ABSOLUTE
    Image$$RAM_STACK_FIQ$$Base               0x0040be0c   Number         0  anon$$obj.o ABSOLUTE
    rwip_heap_env                            0x00815000   Data         708  rwip.o(ke_heap)
    rwip_heap_db                             0x008152c4   Data        1036  rwip.o(ke_heap)
    rwip_heap_msg                            0x008156d0   Data        1404  rwip.o(ke_heap)
    rwip_heap_non_ret                        0x00815c4c   Data        1548  rwip.o(ke_heap)



==============================================================================

Memory Map of the image

  Image Entry point : 0x0001e284

  Load Region SECTIONS (Base: 0x0001e200, Size: 0x00006670, Max: 0xffffffff, ABSOLUTE)

    Execution Region ROM_SYS (Exec base: 0x0001e200, Load base: 0x0001e200, Size: 0x00000280, Max: 0xffffffff, ABSOLUTE)

    Exec Addr    Load Addr    Size         Type   Attr      Idx    E Section Name        Object

    0x0001e200   0x0001e200   0x0000005c   Code   RO           15  * SYS_BOOT            boot_vectors.o
    0x0001e25c   0x0001e25c   0x000001f4   Code   RO           14  * SYS_BOOT            boot_handlers.o
    0x0001e450   0x0001e450   0x00000008   Ven    RO          140    Veneer$$Code        anon$$obj.o
    0x0001e458   0x0001e458   0x00000008   Ven    RO          141    Veneer$$Code        anon$$obj.o
    0x0001e460   0x0001e460   0x00000008   Ven    RO          142    Veneer$$Code        anon$$obj.o
    0x0001e468   0x0001e468   0x00000008   Ven    RO          143    Veneer$$Code        anon$$obj.o
    0x0001e470   0x0001e470   0x00000008   Ven    RO          144    Veneer$$Code        anon$$obj.o
    0x0001e478   0x0001e478   0x00000008   Ven    RO          145    Veneer$$Code        anon$$obj.o


    Execution Region FAST_CALL_SEG (Exec base: 0x0001e500, Load base: 0x0001e500, Size: 0x00000030, Max: 0xffffffff, ABSOLUTE, FIXED)

    Exec Addr    Load Addr    Size         Type   Attr      Idx    E Section Name        Object

    0x0001e500   0x0001e500   0x00000010   Code   RO           33    sys_fiq_entry       intc.o
    0x0001e510   0x0001e510   0x00000010   PAD
    0x0001e520   0x0001e520   0x00000010   Code   RO           34    sys_irq_entry       intc.o


    Execution Region ROM (Exec base: 0x0001e530, Load base: 0x0001e530, Size: 0x000062a8, Max: 0xffffffff, ABSOLUTE)

    Exec Addr    Load Addr    Size         Type   Attr      Idx    E Section Name        Object

    0x0001e530   0x0001e530   0x00000540   Code   RO            5    .text               arch_main.o
    0x0001ea70   0x0001ea70   0x00000038   Code   RO           16    .text               rwble_hl.o
    0x0001eaa8   0x0001eaa8   0x00000180   Code   RO           17    .text               rwble.o
    0x0001ec28   0x0001ec28   0x000002bc   Code   RO           18    .text               rwip.o
    0x0001eee4   0x0001eee4   0x00000188   Code   RO           21    .text               icu.o
    0x0001f06c   0x0001f06c   0x000001dc   Code   RO           23    .text               gpio.o
    0x0001f248   0x0001f248   0x000006e8   Code   RO           26    .text               flash.o
    0x0001f930   0x0001f930   0x00000018   Code   RO           29    .text               emi.o
    0x0001f948   0x0001f948   0x00000088   Code   RO           32    .text               intc.o
    0x0001f9d0   0x0001f9d0   0x0000002c   Code   RO           37    .text               timer.o
    0x0001f9fc   0x0001f9fc   0x0000035c   Code   RO           38    .text               uart.o
    0x0001fd58   0x0001fd58   0x00000068   Code   RO           42    .text               wdt.o
    0x0001fdc0   0x0001fdc0   0x000004ac   Code   RO           44    .text               rf_xvr.o
    0x0002026c   0x0002026c   0x000003b4   Code   RO           46    .text               bass.o
    0x00020620   0x00020620   0x000002a4   Code   RO           48    .text               bass_task.o
    0x000208c4   0x000208c4   0x00000180   Code   RO           51    .text               diss.o
    0x00020a44   0x00020a44   0x000001d0   Code   RO           53    .text               diss_task.o
    0x00020c14   0x00020c14   0x000001c8   Code   RO           56    .text               fff0s.o
    0x00020ddc   0x00020ddc   0x00000228   Code   RO           58    .text               fff0s_task.o
    0x00021004   0x00021004   0x000007cc   Code   RO           61    .text               oads.o
    0x000217d0   0x000217d0   0x00000310   Code   RO           65    .text               oads_task.o
    0x00021ae0   0x00021ae0   0x00000238   Code   RO           69    .text               prf.o
    0x00021d18   0x00021d18   0x00000060   Code   RO           71    .text               prf_utils.o
    0x00021d78   0x00021d78   0x0000034c   Code   RO           72    .text               app.o
    0x000220c4   0x000220c4   0x000000a4   Code   RO           75    .text               app_batt.o
    0x00022168   0x00022168   0x0000010c   Code   RO           79    .text               app_dis.o
    0x00022274   0x00022274   0x00000130   Code   RO           83    .text               app_fff0.o
    0x000223a4   0x000223a4   0x000001b8   Code   RO           88    .text               app_oads.o
    0x0002255c   0x0002255c   0x000005e8   Code   RO           93    .text               app_task.o
    0x00022b44   0x00022b44   0x0000008e   Code   RO           98    .text               led.o
    0x00022bd2   0x00022bd2   0x00000002   PAD
    0x00022bd4   0x00022bd4   0x00000078   Code   RO           99    .text               ano_uart.o
    0x00022c4c   0x00022c4c   0x0000048c   Code   RO          101    .text               bk3435_fcc_mode.lib(rf_test.o)
    0x000230d8   0x000230d8   0x000002fc   Code   RO          104    .text               bk3435_pn9_mode.lib(rf_pn9_test.o)
    0x000233d4   0x000233d4   0x0000001e   Code   RO          108    .text               mc_5.l(strncmp.o)
    0x000233f2   0x000233f2   0x00000060   Code   RO          125    .text               mc_5.l(uldiv.o)
    0x00023452   0x00023452   0x00000002   PAD
    0x00023454   0x00023454   0x00000000   Code   RO          126    .text               mc_5.l(iusefp.o)
    0x00023454   0x00023454   0x00000164   Code   RO          127    .text               mf_5.l(dadd.o)
    0x000235b8   0x000235b8   0x000000d0   Code   RO          128    .text               mf_5.l(dmul.o)
    0x00023688   0x00023688   0x000000f0   Code   RO          129    .text               mf_5.l(ddiv.o)
    0x00023778   0x00023778   0x00000040   Code   RO          130    .text               mf_5.l(dfixul.o)
    0x000237b8   0x000237b8   0x00000028   Code   RO          131    .text               mf_5.l(cdrcmple.o)
    0x000237e0   0x000237e0   0x00000020   Code   RO          133    .text               mc_5.l(llshl.o)
    0x00023800   0x00023800   0x00000022   Code   RO          134    .text               mc_5.l(llushr.o)
    0x00023822   0x00023822   0x00000026   Code   RO          135    .text               mc_5.l(llsshr.o)
    0x00023848   0x00023848   0x000000be   Code   RO          137    .text               mf_5.l(depilogue.o)
    0x00023906   0x00023906   0x00000002   PAD
    0x00023908   0x00023908   0x00000024   Code   RO          116    i.__0vsprintf       mc_5.l(printfa.o)
    0x0002392c   0x0002392c   0x00000174   Code   RO          117    i._fp_digits        mc_5.l(printfa.o)
    0x00023aa0   0x00023aa0   0x000006f4   Code   RO          118    i._printf_core      mc_5.l(printfa.o)
    0x00024194   0x00024194   0x00000020   Code   RO          119    i._printf_post_padding  mc_5.l(printfa.o)
    0x000241b4   0x000241b4   0x0000002c   Code   RO          120    i._printf_pre_padding  mc_5.l(printfa.o)
    0x000241e0   0x000241e0   0x0000000a   Code   RO          122    i._sputc            mc_5.l(printfa.o)
    0x000241ea   0x000241ea   0x0000002e   Data   RO            7    .constdata          arch_main.o
    0x00024218   0x00024218   0x00000038   Data   RO           47    .constdata          bass.o
    0x00024250   0x00024250   0x00000030   Data   RO           49    .constdata          bass_task.o
    0x00024280   0x00024280   0x00000008   Data   RO           50    .constdata          bass_task.o
    0x00024288   0x00024288   0x000000a8   Data   RO           52    .constdata          diss.o
    0x00024330   0x00024330   0x00000018   Data   RO           54    .constdata          diss_task.o
    0x00024348   0x00024348   0x00000008   Data   RO           55    .constdata          diss_task.o
    0x00024350   0x00024350   0x00000040   Data   RO           57    .constdata          fff0s.o
    0x00024390   0x00024390   0x00000028   Data   RO           59    .constdata          fff0s_task.o
    0x000243b8   0x000243b8   0x00000008   Data   RO           60    .constdata          fff0s_task.o
    0x000243c0   0x000243c0   0x0000009e   Data   RO           63    .constdata          oads.o
    0x0002445e   0x0002445e   0x00000002   PAD
    0x00024460   0x00024460   0x00000030   Data   RO           66    .constdata          oads_task.o
    0x00024490   0x00024490   0x00000008   Data   RO           67    .constdata          oads_task.o
    0x00024498   0x00024498   0x00000032   Data   RO           68    .constdata          oads_task.o
    0x000244ca   0x000244ca   0x00000002   PAD
    0x000244cc   0x000244cc   0x00000020   Data   RO           74    .constdata          app.o
    0x000244ec   0x000244ec   0x00000020   Data   RO           76    .constdata          app_batt.o
    0x0002450c   0x0002450c   0x00000008   Data   RO           77    .constdata          app_batt.o
    0x00024514   0x00024514   0x00000008   Data   RO           80    .constdata          app_dis.o
    0x0002451c   0x0002451c   0x00000008   Data   RO           81    .constdata          app_dis.o
    0x00024524   0x00024524   0x00000028   Data   RO           84    .constdata          app_fff0.o
    0x0002454c   0x0002454c   0x00000008   Data   RO           85    .constdata          app_fff0.o
    0x00024554   0x00024554   0x0000001a   Data   RO           86    .constdata          app_fff0.o
    0x0002456e   0x0002456e   0x00000002   PAD
    0x00024570   0x00024570   0x00000030   Data   RO           89    .constdata          app_oads.o
    0x000245a0   0x000245a0   0x00000008   Data   RO           90    .constdata          app_oads.o
    0x000245a8   0x000245a8   0x000000a8   Data   RO           91    .constdata          app_oads.o
    0x00024650   0x00024650   0x00000078   Data   RO           94    .constdata          app_task.o
    0x000246c8   0x000246c8   0x00000008   Data   RO           95    .constdata          app_task.o
    0x000246d0   0x000246d0   0x000000b5   Data   RO           96    .constdata          app_task.o
    0x00024785   0x00024785   0x00000050   Data   RO          102    .constdata          bk3435_fcc_mode.lib(rf_test.o)


    Execution Region RAM_DATA (Exec base: 0x00400800, Load base: 0x000247d8, Size: 0x00000098, Max: 0xffffffff, ABSOLUTE)

    Exec Addr    Load Addr    Size         Type   Attr      Idx    E Section Name        Object

    0x00400800   0x000247d8   0x00000002   Data   RW           22    .data               icu.o
    0x00400802   0x000247da   0x00000002   PAD
    0x00400804   0x000247dc   0x0000002c   Data   RW           25    .data               gpio.o
    0x00400830   0x00024808   0x0000000c   Data   RW           28    .data               flash.o
    0x0040083c   0x00024814   0x00000010   Data   RW           41    .data               uart.o
    0x0040084c   0x00024824   0x00000002   Data   RW           43    .data               wdt.o
    0x0040084e   0x00024826   0x00000008   Data   RW           64    .data               oads.o
    0x00400856   0x0002482e   0x00000002   Data   RW           78    .data               app_batt.o
    0x00400858   0x00024830   0x00000002   Data   RW           87    .data               app_fff0.o
    0x0040085a   0x00024832   0x00000001   Data   RW           92    .data               app_oads.o
    0x0040085b   0x00024833   0x00000001   Data   RW           97    .data               app_task.o
    0x0040085c   0x00024834   0x00000008   Data   RW          100    .data               ano_uart.o
    0x00400864   0x0002483c   0x00000009   Data   RW          103    .data               bk3435_fcc_mode.lib(rf_test.o)
    0x0040086d   0x00024845   0x00000003   PAD
    0x00400870   0x00024848   0x00000026   Data   RW          105    .data               bk3435_pn9_mode.lib(rf_pn9_test.o)


    Execution Region RAM_BSS (Exec base: 0x00400898, Load base: 0x00024870, Size: 0x00000340, Max: 0xffffffff, ABSOLUTE)

    Exec Addr    Load Addr    Size         Type   Attr      Idx    E Section Name        Object

    0x00400898        -       0x00000010   Zero   RW            6    .bss                arch_main.o
    0x004008a8        -       0x00000010   Zero   RW           19    .bss                rwip.o
    0x004008b8        -       0x00000028   Zero   RW           24    .bss                gpio.o
    0x004008e0        -       0x0000000c   Zero   RW           27    .bss                flash.o
    0x004008ec        -       0x00000094   Zero   RW           39    .bss                uart.o
    0x00400980        -       0x00000040   Zero   RW           40    .bss                uart.o
    0x004009c0        -       0x00000040   Zero   RW           45    .bss                rf_xvr.o
    0x00400a00        -       0x000000c0   Zero   RW           62    .bss                oads.o
    0x00400ac0        -       0x000000f0   Zero   RW           70    .bss                prf.o
    0x00400bb0        -       0x00000028   Zero   RW           73    .bss                app.o


    Execution Region RAM_STACK_UNUSED (Exec base: 0x0040b70c, Load base: 0x00024870, Size: 0x00000020, Max: 0x00000020, ABSOLUTE)

    Exec Addr    Load Addr    Size         Type   Attr      Idx    E Section Name        Object

    0x0040b70c        -       0x00000020   Zero   RW            1    RAM_STACK_UNUSED.bss  anon$$obj.o


    Execution Region RAM_STACK_SVC (Exec base: 0x0040b72c, Load base: 0x00024870, Size: 0x000004f0, Max: 0x000004f0, ABSOLUTE)

    Exec Addr    Load Addr    Size         Type   Attr      Idx    E Section Name        Object

    0x0040b72c        -       0x000004f0   Zero   RW            2    RAM_STACK_SVC.bss   anon$$obj.o


    Execution Region RAM_STACK_IRQ (Exec base: 0x0040bc1c, Load base: 0x00024870, Size: 0x000001f0, Max: 0x000001f0, ABSOLUTE)

    Exec Addr    Load Addr    Size         Type   Attr      Idx    E Section Name        Object

    0x0040bc1c        -       0x000001f0   Zero   RW            3    RAM_STACK_IRQ.bss   anon$$obj.o


    Execution Region RAM_STACK_FIQ (Exec base: 0x0040be0c, Load base: 0x00024870, Size: 0x000001f0, Max: 0x000001f0, ABSOLUTE)

    Exec Addr    Load Addr    Size         Type   Attr      Idx    E Section Name        Object

    0x0040be0c        -       0x000001f0   Zero   RW            4    RAM_STACK_FIQ.bss   anon$$obj.o


    Execution Region RAM_BSS_1 (Exec base: 0x00815000, Load base: 0x00024870, Size: 0x00001258, Max: 0xffffffff, ABSOLUTE)

    Exec Addr    Load Addr    Size         Type   Attr      Idx    E Section Name        Object

    0x00815000        -       0x00001258   Zero   RW           20    ke_heap             rwip.o


==============================================================================

Image component sizes


      Code (inc. data)   RO Data    RW Data    ZI Data      Debug   Object Name

       120          4          0          8          0          0   ano_uart.o
       844        152         32          0         40          0   app.o
       164         14         40          2          0          0   app_batt.o
       268        112         16          0          0          0   app_dis.o
       304         86         74          2          0          0   app_fff0.o
       440        126        224          1          0          0   app_oads.o
      1512        592        309          1          0          0   app_task.o
      1344        592         46          0         16          0   arch_main.o
       948         16         56          0          0          0   bass.o
       676         12         56          0          0          0   bass_task.o
       500         76          0          0          0          0   boot_handlers.o
        92         32          0          0          0          0   boot_vectors.o
       384         12        168          0          0          0   diss.o
       464          8         32          0          0          0   diss_task.o
        24          4          0          0          0          0   emi.o
       456         14         64          0          0          0   fff0s.o
       552          8         48          0          0          0   fff0s_task.o
      1768        116          0         12         12          0   flash.o
       476         20          0         44         40          0   gpio.o
       392         38          0          2          0          0   icu.o
       168         14          0          0          0          0   intc.o
       142          0          0          0          0          0   led.o
      1996        544        158          8        192          0   oads.o
       784        138        106          0          0          0   oads_task.o
       568          4          0          0        240          0   prf.o
        96          0          0          0          0          0   prf_utils.o
      1196        266          0          0         64          0   rf_xvr.o
       384          8          0          0          0          0   rwble.o
        56          0          0          0          0          0   rwble_hl.o
       700         42          0          0       4712          0   rwip.o
        44          4          0          0          0          0   timer.o
       860         88          0         16        212          0   uart.o
       104         10          0          2          0          0   wdt.o

    ----------------------------------------------------------------------
     18892       3176       1435        100       7816          0   Object Totals
        48         24          0          0       2288          0   (incl. Generated)
        18          0          6          2          0          0   (incl. Padding)

    ----------------------------------------------------------------------

      Code (inc. data)   RO Data    RW Data    ZI Data      Debug   Library Member Name

      1164        268         80          9          0          0   rf_test.o
       764        190          0         38          0          0   rf_pn9_test.o
         0          0          0          0          0          0   iusefp.o
        32          0          0          0          0          0   llshl.o
        38          0          0          0          0          0   llsshr.o
        34          0          0          0          0          0   llushr.o
      2274         94          0          0          0          0   printfa.o
        30          0          0          0          0          0   strncmp.o
        96          0          0          0          0          0   uldiv.o
        40          2          0          0          0          0   cdrcmple.o
       356          4          0          0          0          0   dadd.o
       240          6          0          0          0          0   ddiv.o
       190          0          0          0          0          0   depilogue.o
        64         10          0          0          0          0   dfixul.o
       208          6          0          0          0          0   dmul.o

    ----------------------------------------------------------------------
      5534        580         83         52          0          0   Library Totals
         4          0          3          5          0          0   (incl. Padding)

    ----------------------------------------------------------------------

      Code (inc. data)   RO Data    RW Data    ZI Data      Debug   Library Name

      1164        268         80          9          0          0   bk3435_fcc_mode.lib
       764        190          0         38          0          0   bk3435_pn9_mode.lib
      2504         94          0          0          0          0   mc_5.l
      1098         28          0          0          0          0   mf_5.l

    ----------------------------------------------------------------------
      5534        580         83         52          0          0   Library Totals

    ----------------------------------------------------------------------

==============================================================================


      Code (inc. data)   RO Data    RW Data    ZI Data      Debug   

     24426       3756       1518        152       7816          0   Grand Totals
     24426       3756       1518        152       7816          0   ELF Image Totals
     24426       3756       1518        152          0          0   ROM Totals

==============================================================================

    Total RO  Size (Code + RO Data)                25944 (  25.34kB)
    Total RW  Size (RW Data + ZI Data)              7968 (   7.78kB)
    Total ROM Size (Code + RO Data + RW Data)      26096 (  25.48kB)

==============================================================================

