<html>
<body>
<pre>
<h1>礦ision Build Log</h1>
<h2>Tool Versions:</h2>
IDE-Version: μVision V5.26.2.0
Copyright (C) 2018 ARM Ltd and ARM Germany GmbH. All rights reserved.
License Information: 1 1, 1, LIC=32BZ9-40V56-TFZI4-FII8J-TS54H-3RY84
 
Tool Versions:
Toolchain:       MDK-ARM Plus  Version: 5.26.2.0
Toolchain Path:  C:\Keil\ARM\ARMCC\Bin
C Compiler:      Armcc.exe V5.06 update 6 (build 750)
Assembler:       Armasm.exe V5.06 update 6 (build 750)
Linker/Locator:  ArmLink.exe V5.06 update 6 (build 750)
Library Manager: ArmAr.exe V5.06 update 6 (build 750)
Hex Converter:   FromElf.exe V5.06 update 6 (build 750)
CPU DLL:         SARM.DLL V5.26.2.0
Dialog DLL:      DARMP3.DLL
Target DLL:      Segger\JLTAgdi.dll V1.61.0.0
Dialog DLL:      TARMP3.DLL V1.4.0.0
 
<h2>Project:</h2>
E:\工作\单片机\博通资料\BK3435(BK3431Q)\BK3431Q开发包v3.9.0D0D-博芯\BK3431Q开发包v3.9.0D0D-博芯\软件参考设计\ble_3435_sdk_ext_39_0D0D\projects\ble_app_rc\bk3435.uvproj
Project File Date:  11/03/2019

<h2>Output:</h2>
*** Using Compiler 'V5.06 update 6 (build 750)', folder: 'C:\Keil\ARM\ARMCC\Bin'
Rebuild target 'BK3435_app'
assembling boot_vectors.s...
assembling boot_handlers.s...
compiling emi.c...
compiling rwble_hl.c...
compiling icu.c...
compiling audio.c...
compiling flash.c...
compiling gpio.c...
compiling arch_main.c...
compiling rwble.c...
compiling timer.c...
compiling wdt.c...
compiling intc.c...
compiling rwip.c...
compiling uart.c...
compiling pwm.c...
compiling bass_task.c...
compiling bass.c...
compiling diss.c...
compiling diss_task.c...
compiling rf_xvr.c...
compiling hogpd.c...
compiling hogpd_task.c...
compiling prf_utils.c...
compiling oads_task.c...
compiling prf.c...
compiling oads.c...
compiling app_batt.c...
compiling app_dis.c...
compiling app.c...
compiling app_hid.c...
compiling app_sec.c...
compiling app_wlist.c...
compiling app_oads.c...
compiling app_key.c...
compiling app_task.c...
linking...
Program Size: Code=40842 RO-data=3478 RW-data=288 ZI-data=15236  
FromELF: creating hex file...
After Build - User command #1: fromelf --bin --output .\output\app\bk3435_ble_app.bin .\obj\bk3435_ble_app.axf
After Build - User command #2: .\output\encrypt_app.bat
E:\工作\单片机\博通资料\BK3435(BK3431Q)\BK3431Q开发包v3.9.0D0D-博芯\BK3431Q开发包v3.9.0D0D-博芯\软件参考设计\ble_3435_sdk_ext_39_0D0D\projects\ble_app_rc>.\output\BinConvert_3435_OAD  -oad .\output\bim\bk3435_ble_bim.bin  .\output\stack\bk3435_ble_stack.bin  .\output\app\bk3435_ble_app.bin -m 0x1F00 -l 0x1E200 -v 0x1111 -rom_v 0x000D -e 00000000 00000000 00000000 00000000 
cmd_bin_oad.stack_file_addr :0x1f00
binary version hex:0x1111; dec:4369
Arm Image Binary will be converted to OAD format binary file.....
cmd_bin_oad.stack_file_addr=1f00
boot_bin_len=1c40
add stack bin start
        Encrypt Seccessfully!
        File Size: 0x2b9cc
oad_stack_app_bin_len=29900
oad_app_bin_len=b9d0
92 4d 89 ae 11 11 74 2e 42 42 42 42 ff ff 0d 00 /**< @CREATE_FILE_SUCCESS */
/**< @Download flash file:.\output\app\bk3435_ble_app_merge_crc.bin
/**< @OAD file :.\output\app\bk3435_ble_app_stack_oad.bin,CRC = 0xd80389f1
/**< @OAD file :.\output\app\bk3435_ble_app_oad.bin,CRC = 0xae894d92
/**< @author <gang.cheng@bekencorp.com> */
/**< @version v0.3 */
".\obj\bk3435_ble_app.axf" - 0 Error(s), 0 Warning(s).
Build Time Elapsed:  00:00:07
</pre>
</body>
</html>
