<html>
<body>
<pre>
<h1>µVision Build Log</h1>
<h2>Tool Versions:</h2>
IDE-Version: ¦ÌVision V5.26.2.0
Copyright (C) 2018 ARM Ltd and ARM Germany GmbH. All rights reserved.
License Information: 1 Microsoft, Microsoft, LIC=QF8NN-YERV5-LC7JF-6WTNB-AMN3L-V39CT
 
Tool Versions:
Toolchain:       MDK-ARM Plus  Version: 5.26.2.0
Toolchain Path:  C:\Keil_v5\ARM\ARMCC\Bin
C Compiler:      Armcc.exe V5.06 update 6 (build 750)
Assembler:       Armasm.exe V5.06 update 6 (build 750)
Linker/Locator:  ArmLink.exe V5.06 update 6 (build 750)
Library Manager: ArmAr.exe V5.06 update 6 (build 750)
Hex Converter:   FromElf.exe V5.06 update 6 (build 750)
CPU DLL:         SARM.DLL V5.26.2.0
Dialog DLL:      DARMP3.DLL
Target DLL:      Segger\JLTAgdi.dll V1.61.0.0
Dialog DLL:      TARMP3.DLL V1.4.0.0
 
<h2>Project:</h2>
E:\×¿Â×\WORK\³ÌÐò\ble_3435_sdk_ext_39_0D0D\projects\ble_app_gatt\bk3435.uvproj
Project File Date:  11/29/2019

<h2>Output:</h2>
*** Using Compiler 'V5.06 update 6 (build 750)', folder: 'C:\Keil_v5\ARM\ARMCC\Bin'
Rebuild target 'BK3435_app'
assembling boot_vectors.s...
compiling rwble_hl.c...
assembling boot_handlers.s...
compiling arch_main.c...
compiling icu.c...
compiling rwble.c...
compiling gpio.c...
compiling rwip.c...
compiling emi.c...
compiling flash.c...
compiling adc.c...
compiling intc.c...
compiling timer.c...
compiling wdt.c...
compiling uart.c...
compiling pwm.c...
compiling prf.c...
compiling rtc.c...
compiling bass.c...
compiling rf_xvr.c...
compiling rc32k_cal.c...
compiling bass_task.c...
compiling diss.c...
compiling diss_task.c...
compiling fff0s.c...
compiling fff0s_task.c...
compiling oads_task.c...
compiling oads.c...
compiling prf_utils.c...
compiling app.c...
compiling app_dis.c...
compiling app_batt.c...
compiling app_fff0.c...
compiling ANO_UART.C...
compiling app_rtc.c...
compiling app_oads.c...
compiling LED.c...
HARDWARE\src\LED.c(58): warning:  #177-D: variable "BAT_VCC"  was declared but never referenced
   	u16 BAT_VCC=(adc_val*490)>>8;//VCCµçÑ¹
HARDWARE\src\LED.c: 1 warning, 0 errors
compiling app_task.c...
compiling usmart.c...
compiling usmart_config.c...
compiling usmart_str.c...
compiling usart.c...
linking...
Program Size: Code=30126 RO-data=1926 RW-data=1184 ZI-data=8072  
FromELF: creating hex file...
After Build - User command #1: fromelf --bin --output .\output\app\bk3435_ble_app.bin .\obj\bk3435_ble_app.axf
After Build - User command #2: .\output\encrypt_app.bat
E:\×¿Â×\WORK\³ÌÐò\ble_3435_sdk_ext_39_0D0D\projects\ble_app_gatt>.\output\BinConvert_3435_OAD  -oad .\output\bim\bk3435_ble_bim.bin  .\output\stack\bk3435_ble_stack.bin  .\output\app\bk3435_ble_app.bin -m 0x1F00 -l 0x1E200 -v 0x1112 -rom_v 0x000E -e 00000000 00000000 00000000 00000000 
cmd_bin_oad.stack_file_addr :0x1f00
binary version hex:0x1112; dec:4370
Arm Image Binary will be converted to OAD format binary file.....
cmd_bin_oad.stack_file_addr=1f00
boot_bin_len=1c40
add stack bin start
        Encrypt Seccessfully!
        File Size: 0x28aa6
oad_stack_app_bin_len=26a00
oad_app_bin_len=8ad0
9e fe 2a 4e 12 11 b4 22 42 42 42 42 ff ff 0e 00 /**< @CREATE_FILE_SUCCESS */
/**< @Download flash file:.\output\app\bk3435_ble_app_merge_crc.bin
/**< @OAD file :.\output\app\bk3435_ble_app_stack_oad.bin,CRC = 0x4beff049
/**< @OAD file :.\output\app\bk3435_ble_app_oad.bin,CRC = 0x4e2afe9e
/**< @author <gang.cheng@bekencorp.com> */
/**< @version v0.3 */
".\obj\bk3435_ble_app.axf" - 0 Error(s), 1 Warning(s).
Build Time Elapsed:  00:00:06
</pre>
</body>
</html>
