Component: ARM Compiler 5.06 update 6 (build 750) Tool: armlink [4d35ed]

==============================================================================

Section Cross References

    arch_main.o(.text) refers to uart.o(.text) for uart_printf
    arch_main.o(.text) refers to wdt.o(.text) for wdt_enable
    arch_main.o(.text) refers to flash.o(.text) for flash_read_data
    arch_main.o(.text) refers to rwip.o(.text) for rwip_schedule
    arch_main.o(.text) refers to oads.o(.text) for oad_updating_user_section_pro
    arch_main.o(.text) refers to app_hid.o(.text) for app_hid_send_audio
    arch_main.o(.text) refers to icu.o(.text) for icu_get_sleep_mode
    arch_main.o(.text) refers to emi.o(.text) for emi_init
    arch_main.o(.text) refers to timer.o(.text) for timer_init
    arch_main.o(.text) refers to intc.o(.text) for intc_init
    arch_main.o(.text) refers to gpio.o(.text) for gpio_init
    arch_main.o(.text) refers to app_key.o(.text) for key_init
    arch_main.o(.text) refers to audio.o(.text) for audio_init
    arch_main.o(.text) refers to app_sbc.o(.text) for sbc_encoder_init
    arch_main.o(.text) refers to rf_test.o(.text) for rw_fcc_enter
    arch_main.o(.text) refers to rf_pn9_test.o(.text) for rw_pn9_enter
    arch_main.o(.text) refers to arch_main.o(.constdata) for .constdata
    arch_main.o(.text) refers to wdt.o(.data) for wdt_disable_flag
    arch_main.o(.text) refers to app_key.o(.data) for app_key_state
    arch_main.o(.text) refers to prf.o(.text) for prf_get_id_from_task
    arch_main.o(.text) refers to rwble_hl.o(.text) for rwble_hl_reset
    arch_main.o(.text) refers to arch_main.o(.bss) for .bss
    arch_main.o(.text) refers to app_task.o(.bss) for sbc_env
    arch_main.o(.text) refers to boot_handlers.o(SYS_BOOT) for boot_stack_base_UNUSED
    boot_handlers.o(SYS_BOOT) refers to arch_main.o(.text) for rw_main
    boot_vectors.o(SYS_BOOT) refers to boot_handlers.o(SYS_BOOT) for sys_Reset
    boot_vectors.o(SYS_BOOT) refers to intc.o(sys_irq_entry) for SYSirq_IRQ_Handler
    boot_vectors.o(SYS_BOOT) refers to intc.o(sys_fiq_entry) for SYSirq_FIQ_Handler
    rwble.o(.text) refers to rwip.o(.text) for rwip_wakeup
    rwble.o(.text) refers to wdt.o(.text) for wdt_feed
    rwip.o(.text) refers to rf_xvr.o(.text) for rf_init
    rwip.o(.text) refers to arch_main.o(.text) for rwip_eif_get
    rwip.o(.text) refers to rwble_hl.o(.text) for rwble_hl_init
    rwip.o(.text) refers to rwble.o(.text) for rwble_init
    rwip.o(.text) refers to app.o(.text) for appm_init
    rwip.o(.text) refers to uart.o(.text) for check_uart_stop
    rwip.o(.text) refers to wdt.o(.text) for wdt_feed
    rwip.o(.text) refers to rwip.o(.bss) for .bss
    rwip.o(.text) refers to rwip.o(ke_heap) for ke_heap
    rwip.o(.text) refers to uart.o(.data) for cur_read_buf_idx
    audio.o(.text) refers to app.o(.text) for app_send_encode_evt
    audio.o(.text) refers to icu.o(.text) for switch_clk
    audio.o(.text) refers to uart.o(.text) for uart_printf
    audio.o(.text) refers to audio.o(.bss) for .bss
    audio.o(.text) refers to audio.o(.data) for .data
    audio.o(.text) refers to app_hid.o(.bss) for app_hid_env
    flash.o(.text) refers to flash.o(.data) for .data
    flash.o(.text) refers to uart.o(.text) for uart_printf
    flash.o(.text) refers to flash.o(.bss) for .bss
    gpio.o(.text) refers to gpio.o(.data) for .data
    gpio.o(.text) refers to gpio.o(.bss) for .bss
    icu.o(.text) refers to icu.o(.data) for .data
    icu.o(.text) refers to rf_xvr.o(.bss) for XVR_ANALOG_REG_BAK
    intc.o(.text) refers to icu.o(.text) for cpu_wakeup
    intc.o(.text) refers to uart.o(.text) for uart_isr
    intc.o(.text) refers to audio.o(.text) for audio_isr
    intc.o(.text) refers to gpio.o(.text) for gpio_isr
    intc.o(.text) refers to rwble.o(.text) for rwble_isr
    intc.o(sys_fiq_entry) refers to intc.o(.text) for FIQ_Exception
    intc.o(sys_irq_entry) refers to intc.o(.text) for IRQ_Exception
    pwm.o(.text) refers to pwm.o(.bss) for .bss
    uart.o(.text) refers to printfa.o(i.__0vsprintf) for vsprintf
    uart.o(.text) refers to rf_pn9_test.o(.text) for pn9_test_process
    uart.o(.text) refers to uart.o(.bss) for .bss
    uart.o(.text) refers to uart.o(.data) for .data
    wdt.o(.text) refers to wdt.o(.data) for .data
    rf_xvr.o(.text) refers to rf_xvr.o(.bss) for .bss
    bass.o(.text) refers to prf.o(.text) for prf_env_get
    bass.o(.text) refers to uart.o(.text) for uart_printf
    bass.o(.text) refers to bass.o(.constdata) for .constdata
    bass.o(.text) refers to bass_task.o(.constdata) for bass_default_handler
    bass.o(.constdata) refers to bass.o(.text) for bass_init
    bass_task.o(.text) refers to prf.o(.text) for prf_env_get
    bass_task.o(.text) refers to bass.o(.text) for bass_exe_operation
    bass_task.o(.text) refers to prf_utils.o(.text) for prf_pack_char_pres_fmt
    bass_task.o(.constdata) refers to bass_task.o(.text) for bass_enable_req_handler
[...]
    gapm_get_att_handle                      0x0000dfcd   Thumb Code     0  stack_rom_symbol.txt ABSOLUTE
    gapm_svc_chg_en                          0x0000dff5   Thumb Code     0  stack_rom_symbol.txt ABSOLUTE
    gapm_hci_handler                         0x0000e88d   Thumb Code     0  stack_rom_symbol.txt ABSOLUTE
    gapm_adv_op_sanity                       0x0000f287   Thumb Code     0  stack_rom_symbol.txt ABSOLUTE
    gapm_set_adv_mode                        0x0000f415   Thumb Code     0  stack_rom_symbol.txt ABSOLUTE
    gapm_set_adv_data                        0x0000f42d   Thumb Code     0  stack_rom_symbol.txt ABSOLUTE
    gapm_get_local_addrtype                  0x0000f457   Thumb Code     0  stack_rom_symbol.txt ABSOLUTE
    gapm_execute_adv_op                      0x0000f477   Thumb Code     0  stack_rom_symbol.txt ABSOLUTE
    gapm_get_role                            0x0000f58d   Thumb Code     0  stack_rom_symbol.txt ABSOLUTE
    gapm_update_air_op_state                 0x0000f593   Thumb Code     0  stack_rom_symbol.txt ABSOLUTE
    gapm_get_irk                             0x0000f65d   Thumb Code     0  stack_rom_symbol.txt ABSOLUTE
    gapm_get_bdaddr                          0x0000f661   Thumb Code     0  stack_rom_symbol.txt ABSOLUTE
    gapm_basic_hci_cmd_send                  0x0000f667   Thumb Code     0  stack_rom_symbol.txt ABSOLUTE
    gapm_setup_conn                          0x0000f67b   Thumb Code     0  stack_rom_symbol.txt ABSOLUTE
    gapm_get_adv_mode                        0x0000f6d7   Thumb Code     0  stack_rom_symbol.txt ABSOLUTE
    gapm_op_reset_continue                   0x0000f6f3   Thumb Code     0  stack_rom_symbol.txt ABSOLUTE
    gapm_op_setup_continue                   0x0000f779   Thumb Code     0  stack_rom_symbol.txt ABSOLUTE
    smpc_send_use_enc_block_cmd              0x0000f911   Thumb Code     0  stack_rom_symbol.txt ABSOLUTE
    smpc_send_start_enc_cmd                  0x0000f949   Thumb Code     0  stack_rom_symbol.txt ABSOLUTE
    smpc_send_ltk_req_rsp                    0x0000f9b9   Thumb Code     0  stack_rom_symbol.txt ABSOLUTE
    smpc_send_pairing_req_ind                0x0000fa15   Thumb Code     0  stack_rom_symbol.txt ABSOLUTE
    smpc_send_pairing_ind                    0x0000fac7   Thumb Code     0  stack_rom_symbol.txt ABSOLUTE
    smpc_check_pairing_feat                  0x0000fb51   Thumb Code     0  stack_rom_symbol.txt ABSOLUTE
    smpc_launch_rep_att_timer                0x0000fb77   Thumb Code     0  stack_rom_symbol.txt ABSOLUTE
    smpc_check_repeated_attempts             0x0000fbb1   Thumb Code     0  stack_rom_symbol.txt ABSOLUTE
    smpc_check_max_key_size                  0x0000fc03   Thumb Code     0  stack_rom_symbol.txt ABSOLUTE
    smpc_check_key_distrib                   0x0000fc2b   Thumb Code     0  stack_rom_symbol.txt ABSOLUTE
    smpc_xor                                 0x0000fcb1   Thumb Code     0  stack_rom_symbol.txt ABSOLUTE
    smpc_generate_l                          0x0000fcc9   Thumb Code     0  stack_rom_symbol.txt ABSOLUTE
    smpc_generate_ci                         0x0000fd31   Thumb Code     0  stack_rom_symbol.txt ABSOLUTE
    smpc_generate_rand                       0x0000fd91   Thumb Code     0  stack_rom_symbol.txt ABSOLUTE
    smpc_generate_e1                         0x0000fdb7   Thumb Code     0  stack_rom_symbol.txt ABSOLUTE
    smpc_generate_cfm                        0x0000fe75   Thumb Code     0  stack_rom_symbol.txt ABSOLUTE
    smpc_generate_stk                        0x0000feef   Thumb Code     0  stack_rom_symbol.txt ABSOLUTE
    smpc_calc_subkeys                        0x0000ff45   Thumb Code     0  stack_rom_symbol.txt ABSOLUTE
    smpc_clear_timeout_timer                 0x0000ffbb   Thumb Code     0  stack_rom_symbol.txt ABSOLUTE
    smpc_pairing_end                         0x0000ffe3   Thumb Code     0  stack_rom_symbol.txt ABSOLUTE
    smpc_tkdp_rcp_continue                   0x0001004b   Thumb Code     0  stack_rom_symbol.txt ABSOLUTE
    smpc_tkdp_rcp_start                      0x000100db   Thumb Code     0  stack_rom_symbol.txt ABSOLUTE
    smpc_pdu_send                            0x0001010b   Thumb Code     0  stack_rom_symbol.txt ABSOLUTE
    smpc_tkdp_send_continue                  0x0001019f   Thumb Code     0  stack_rom_symbol.txt ABSOLUTE
    smpc_tkdp_send_start                     0x00010269   Thumb Code     0  stack_rom_symbol.txt ABSOLUTE
    smpc_get_key_sec_prop                    0x00010299   Thumb Code     0  stack_rom_symbol.txt ABSOLUTE
    smpc_is_sec_mode_reached                 0x00010311   Thumb Code     0  stack_rom_symbol.txt ABSOLUTE
    smpc_handle_enc_change_evt               0x0001033b   Thumb Code     0  stack_rom_symbol.txt ABSOLUTE
    smpc_pdu_recv                            0x000103cb   Thumb Code     0  stack_rom_symbol.txt ABSOLUTE
    smpc_pairing_tk_exch                     0x00010439   Thumb Code     0  stack_rom_symbol.txt ABSOLUTE
    smpc_pairing_ltk_exch                    0x0001049d   Thumb Code     0  stack_rom_symbol.txt ABSOLUTE
    smpc_pairing_irk_exch                    0x00010503   Thumb Code     0  stack_rom_symbol.txt ABSOLUTE
    smpc_pairing_csrk_exch                   0x0001053f   Thumb Code     0  stack_rom_symbol.txt ABSOLUTE
    smpc_pairing_rsp                         0x00010583   Thumb Code     0  stack_rom_symbol.txt ABSOLUTE
    smpc_pairing_req_handler                 0x00010667   Thumb Code     0  stack_rom_symbol.txt ABSOLUTE
    smpc_security_req_send                   0x0001069b   Thumb Code     0  stack_rom_symbol.txt ABSOLUTE
    smpc_encrypt_start_handler               0x000106ed   Thumb Code     0  stack_rom_symbol.txt ABSOLUTE
    smpc_encrypt_cfm                         0x00010719   Thumb Code     0  stack_rom_symbol.txt ABSOLUTE
    smpc_sign_command                        0x00010745   Thumb Code     0  stack_rom_symbol.txt ABSOLUTE
    smpc_sign_cont                           0x0001080f   Thumb Code     0  stack_rom_symbol.txt ABSOLUTE
    smpc_calc_confirm_cont                   0x000109bd   Thumb Code     0  stack_rom_symbol.txt ABSOLUTE
    smpc_confirm_gen_rand                    0x00010a99   Thumb Code     0  stack_rom_symbol.txt ABSOLUTE
    smpc_key_press_notification_ind          0x00010ae7   Thumb Code     0  stack_rom_symbol.txt ABSOLUTE
    smpc_check_param                         0x00010b0d   Thumb Code     0  stack_rom_symbol.txt ABSOLUTE
    smpm_gen_rand_addr                       0x00010eb5   Thumb Code     0  stack_rom_symbol.txt ABSOLUTE
    smpm_send_encrypt_req                    0x00010ed1   Thumb Code     0  stack_rom_symbol.txt ABSOLUTE
    smpm_resolv_addr                         0x00010eff   Thumb Code     0  stack_rom_symbol.txt ABSOLUTE
    smpm_use_enc_block                       0x00010f21   Thumb Code     0  stack_rom_symbol.txt ABSOLUTE
    smpm_gen_rand_nb                         0x00010f23   Thumb Code     0  stack_rom_symbol.txt ABSOLUTE
    attc_send_att_req                        0x00010f49   Thumb Code     0  stack_rom_symbol.txt ABSOLUTE
    attc_send_hdl_cfm                        0x00010f73   Thumb Code     0  stack_rom_symbol.txt ABSOLUTE
    attc_send_execute                        0x00010f93   Thumb Code     0  stack_rom_symbol.txt ABSOLUTE
    attc_send_read_ind                       0x00010fb7   Thumb Code     0  stack_rom_symbol.txt ABSOLUTE
    attc_l2cc_pdu_recv_handler               0x00011933   Thumb Code     0  stack_rom_symbol.txt ABSOLUTE
    attm_convert_to128                       0x00011989   Thumb Code     0  stack_rom_symbol.txt ABSOLUTE
    attm_uuid_comp                           0x000119b9   Thumb Code     0  stack_rom_symbol.txt ABSOLUTE
    attm_uuid16_comp                         0x00011a11   Thumb Code     0  stack_rom_symbol.txt ABSOLUTE
    attm_is_bt16_uuid                        0x00011a1d   Thumb Code     0  stack_rom_symbol.txt ABSOLUTE
    attm_is_bt32_uuid                        0x00011a43   Thumb Code     0  stack_rom_symbol.txt ABSOLUTE
    attm_convert_to128_ti                    0x00011a6b   Thumb Code     0  stack_rom_symbol.txt ABSOLUTE
    attm_svc_create_db                       0x00011a9b   Thumb Code     0  stack_rom_symbol.txt ABSOLUTE
    attm_svc_create_db_128                   0x00011b9b   Thumb Code     0  stack_rom_symbol.txt ABSOLUTE
    attm_svc_create_db128                    0x00011cc7   Thumb Code     0  stack_rom_symbol.txt ABSOLUTE
    attm_reserve_handle_range                0x00011e05   Thumb Code     0  stack_rom_symbol.txt ABSOLUTE
    attm_att_set_value                       0x00011e27   Thumb Code     0  stack_rom_symbol.txt ABSOLUTE
    attm_get_value                           0x00011ed9   Thumb Code     0  stack_rom_symbol.txt ABSOLUTE
    attm_att_set_permission                  0x00012041   Thumb Code     0  stack_rom_symbol.txt ABSOLUTE
    attm_att_update_perm                     0x000120b7   Thumb Code     0  stack_rom_symbol.txt ABSOLUTE
    attm_svc_set_permission                  0x00012125   Thumb Code     0  stack_rom_symbol.txt ABSOLUTE
    attm_svc_get_permission                  0x00012149   Thumb Code     0  stack_rom_symbol.txt ABSOLUTE
    attm_init                                0x00012167   Thumb Code     0  stack_rom_symbol.txt ABSOLUTE
    attmdb_svc_check_hdl                     0x0001247f   Thumb Code     0  stack_rom_symbol.txt ABSOLUTE
    attmdb_add_service                       0x000124cf   Thumb Code     0  stack_rom_symbol.txt ABSOLUTE
    attmdb_destroy                           0x00012545   Thumb Code     0  stack_rom_symbol.txt ABSOLUTE
    attmdb_get_service                       0x0001255f   Thumb Code     0  stack_rom_symbol.txt ABSOLUTE
    attmdb_get_attribute                     0x0001259d   Thumb Code     0  stack_rom_symbol.txt ABSOLUTE
    attmdb_get_next_att                      0x000125d1   Thumb Code     0  stack_rom_symbol.txt ABSOLUTE
    attmdb_uuid16_comp                       0x00012647   Thumb Code     0  stack_rom_symbol.txt ABSOLUTE
    attmdb_get_max_len                       0x00012685   Thumb Code     0  stack_rom_symbol.txt ABSOLUTE
    attmdb_get_uuid                          0x000126ef   Thumb Code     0  stack_rom_symbol.txt ABSOLUTE
    attmdb_att_get_permission                0x000127c5   Thumb Code     0  stack_rom_symbol.txt ABSOLUTE
    atts_clear_read_cache                    0x00012975   Thumb Code     0  stack_rom_symbol.txt ABSOLUTE
    atts_send_error                          0x00012acf   Thumb Code     0  stack_rom_symbol.txt ABSOLUTE
    atts_write_signed_cfm                    0x00012af3   Thumb Code     0  stack_rom_symbol.txt ABSOLUTE
    atts_send_event                          0x00012b35   Thumb Code     0  stack_rom_symbol.txt ABSOLUTE
    atts_clear_prep_data                     0x00012bc1   Thumb Code     0  stack_rom_symbol.txt ABSOLUTE
    atts_clear_rsp_data                      0x00012bdd   Thumb Code     0  stack_rom_symbol.txt ABSOLUTE
    atts_write_rsp_send                      0x00012bf9   Thumb Code     0  stack_rom_symbol.txt ABSOLUTE
    atts_process_pdu                         0x00013893   Thumb Code     0  stack_rom_symbol.txt ABSOLUTE
    atts_l2cc_pdu_recv_handler               0x000138f9   Thumb Code     0  stack_rom_symbol.txt ABSOLUTE
    gattc_update_state                       0x00013b3f   Thumb Code     0  stack_rom_symbol.txt ABSOLUTE
    gattc_get_requester                      0x00013b63   Thumb Code     0  stack_rom_symbol.txt ABSOLUTE
    gattc_send_complete_evt                  0x00013b7f   Thumb Code     0  stack_rom_symbol.txt ABSOLUTE
    gattc_cleanup                            0x00013bdd   Thumb Code     0  stack_rom_symbol.txt ABSOLUTE
    gattc_init                               0x00013c77   Thumb Code     0  stack_rom_symbol.txt ABSOLUTE
    gattc_create                             0x00013cab   Thumb Code     0  stack_rom_symbol.txt ABSOLUTE
    gattc_con_enable                         0x00013d1d   Thumb Code     0  stack_rom_symbol.txt ABSOLUTE
    gattc_get_mtu                            0x00013d31   Thumb Code     0  stack_rom_symbol.txt ABSOLUTE
    gattc_set_mtu                            0x00013d3d   Thumb Code     0  stack_rom_symbol.txt ABSOLUTE
    gattc_send_error_evt                     0x00013d7b   Thumb Code     0  stack_rom_symbol.txt ABSOLUTE
    gattc_get_operation                      0x00013da1   Thumb Code     0  stack_rom_symbol.txt ABSOLUTE
    gattc_get_op_seq_num                     0x00013db7   Thumb Code     0  stack_rom_symbol.txt ABSOLUTE
    gattc_get_operation_ptr                  0x00013dcd   Thumb Code     0  stack_rom_symbol.txt ABSOLUTE
    gattc_set_operation_ptr                  0x00013dd9   Thumb Code     0  stack_rom_symbol.txt ABSOLUTE
    gattc_reschedule_operation               0x00013de5   Thumb Code     0  stack_rom_symbol.txt ABSOLUTE
    gattm_svc_get_start_hdl                  0x00014d05   Thumb Code     0  stack_rom_symbol.txt ABSOLUTE
    gattm_init                               0x00014d0b   Thumb Code     0  stack_rom_symbol.txt ABSOLUTE
    gattm_init_attr                          0x00014d29   Thumb Code     0  stack_rom_symbol.txt ABSOLUTE
    gattm_create                             0x00014d91   Thumb Code     0  stack_rom_symbol.txt ABSOLUTE
    gattm_cleanup                            0x00014d99   Thumb Code     0  stack_rom_symbol.txt ABSOLUTE
    l2cc_send_error_evt                      0x00014db5   Thumb Code     0  stack_rom_symbol.txt ABSOLUTE
    l2cc_update_state                        0x00014ddd   Thumb Code     0  stack_rom_symbol.txt ABSOLUTE
    l2cc_send_complete_evt                   0x00014e03   Thumb Code     0  stack_rom_symbol.txt ABSOLUTE
    l2cc_cleanup                             0x00014e55   Thumb Code     0  stack_rom_symbol.txt ABSOLUTE
    l2cc_init                                0x00014f0b   Thumb Code     0  stack_rom_symbol.txt ABSOLUTE
    l2cc_create                              0x00014f41   Thumb Code     0  stack_rom_symbol.txt ABSOLUTE
    l2cc_get_operation                       0x00014f83   Thumb Code     0  stack_rom_symbol.txt ABSOLUTE
    l2cc_get_operation_ptr                   0x00014f97   Thumb Code     0  stack_rom_symbol.txt ABSOLUTE
    l2cc_set_operation_ptr                   0x00014fa3   Thumb Code     0  stack_rom_symbol.txt ABSOLUTE
    l2cc_data_send                           0x00014faf   Thumb Code     0  stack_rom_symbol.txt ABSOLUTE
    l2cc_lecb_h2l_err                        0x0001523d   Thumb Code     0  stack_rom_symbol.txt ABSOLUTE
    l2cc_lecb_find                           0x00015277   Thumb Code     0  stack_rom_symbol.txt ABSOLUTE
    l2cc_lecb_free                           0x000152b3   Thumb Code     0  stack_rom_symbol.txt ABSOLUTE
    l2cc_lecb_init_disconnect                0x0001536b   Thumb Code     0  stack_rom_symbol.txt ABSOLUTE
    l2cc_lecb_send_con_req                   0x0001539b   Thumb Code     0  stack_rom_symbol.txt ABSOLUTE
    l2cc_lecb_send_con_rsp                   0x000153d7   Thumb Code     0  stack_rom_symbol.txt ABSOLUTE
    l2cc_lecb_send_disc_req                  0x00015407   Thumb Code     0  stack_rom_symbol.txt ABSOLUTE
    l2cc_lecb_send_disc_rsp                  0x00015437   Thumb Code     0  stack_rom_symbol.txt ABSOLUTE
    l2cc_lecb_send_credit_add                0x0001545b   Thumb Code     0  stack_rom_symbol.txt ABSOLUTE
    l2cc_lecb_pdu_pack                       0x0001548d   Thumb Code     0  stack_rom_symbol.txt ABSOLUTE
    l2cc_lecb_pdu_unpack                     0x000154f1   Thumb Code     0  stack_rom_symbol.txt ABSOLUTE
    l2cc_pdu_pack                            0x00015543   Thumb Code     0  stack_rom_symbol.txt ABSOLUTE
    l2cc_pdu_unpack                          0x000157b3   Thumb Code     0  stack_rom_symbol.txt ABSOLUTE
    l2cc_pdu_header_check                    0x00015a15   Thumb Code     0  stack_rom_symbol.txt ABSOLUTE
    l2cc_sig_send_cmd_reject                 0x00015c5d   Thumb Code     0  stack_rom_symbol.txt ABSOLUTE
    l2cc_sig_pdu_recv_handler                0x0001613d   Thumb Code     0  stack_rom_symbol.txt ABSOLUTE
    l2cc_process_op                          0x0001618d   Thumb Code     0  stack_rom_symbol.txt ABSOLUTE
    l2cc_pdu_alloc                           0x0001687f   Thumb Code     0  stack_rom_symbol.txt ABSOLUTE
    l2cc_pdu_send                            0x000168a9   Thumb Code     0  stack_rom_symbol.txt ABSOLUTE
    l2cm_init                                0x0001690f   Thumb Code     0  stack_rom_symbol.txt ABSOLUTE
    l2cm_create                              0x00016935   Thumb Code     0  stack_rom_symbol.txt ABSOLUTE
    l2cm_cleanup                             0x0001693d   Thumb Code     0  stack_rom_symbol.txt ABSOLUTE
    l2cm_set_link_layer_buff_size            0x00016947   Thumb Code     0  stack_rom_symbol.txt ABSOLUTE
    l2cm_get_nb_buffer_available             0x00016951   Thumb Code     0  stack_rom_symbol.txt ABSOLUTE
    l2cm_tx_status                           0x0001695d   Thumb Code     0  stack_rom_symbol.txt ABSOLUTE
    hci_evt_mask_set                         0x00016991   Thumb Code     0  stack_rom_symbol.txt ABSOLUTE
    hci_init                                 0x000169db   Thumb Code     0  stack_rom_symbol.txt ABSOLUTE
    hci_reset                                0x000169fd   Thumb Code     0  stack_rom_symbol.txt ABSOLUTE
    hci_send_2_host                          0x00016a1f   Thumb Code     0  stack_rom_symbol.txt ABSOLUTE
    hci_send_2_controller                    0x00016ab7   Thumb Code     0  stack_rom_symbol.txt ABSOLUTE
    hci_fc_init                              0x00016b81   Thumb Code     0  stack_rom_symbol.txt ABSOLUTE
    hci_fc_acl_buf_size_set                  0x00016b8d   Thumb Code     0  stack_rom_symbol.txt ABSOLUTE
    hci_fc_acl_en                            0x00016bad   Thumb Code     0  stack_rom_symbol.txt ABSOLUTE
    hci_fc_acl_packet_sent                   0x00016bd5   Thumb Code     0  stack_rom_symbol.txt ABSOLUTE
    hci_fc_host_nb_acl_pkts_complete         0x00016be5   Thumb Code     0  stack_rom_symbol.txt ABSOLUTE
    hci_fc_check_host_available_nb_acl_packets 0x00016bf7   Thumb Code     0  stack_rom_symbol.txt ABSOLUTE
    hci_look_for_cmd_desc                    0x00016f23   Thumb Code     0  stack_rom_symbol.txt ABSOLUTE
    hci_look_for_evt_desc                    0x00016f73   Thumb Code     0  stack_rom_symbol.txt ABSOLUTE
    hci_look_for_dbg_evt_desc                0x00016f99   Thumb Code     0  stack_rom_symbol.txt ABSOLUTE
    hci_look_for_le_evt_desc                 0x00016fbd   Thumb Code     0  stack_rom_symbol.txt ABSOLUTE
    hci_tl_send                              0x00017287   Thumb Code     0  stack_rom_symbol.txt ABSOLUTE
    hci_tl_init                              0x000172cf   Thumb Code     0  stack_rom_symbol.txt ABSOLUTE
    hci_cmd_get_max_param_size               0x000172f7   Thumb Code     0  stack_rom_symbol.txt ABSOLUTE
    hci_cmd_received                         0x00017309   Thumb Code     0  stack_rom_symbol.txt ABSOLUTE
    hci_acl_tx_data_alloc                    0x0001742b   Thumb Code     0  stack_rom_symbol.txt ABSOLUTE
    hci_acl_tx_data_received                 0x0001749b   Thumb Code     0  stack_rom_symbol.txt ABSOLUTE
    hci_util_pack                            0x0001758d   Thumb Code     0  stack_rom_symbol.txt ABSOLUTE
    hci_util_unpack                          0x0001768d   Thumb Code     0  stack_rom_symbol.txt ABSOLUTE
    h4tl_init                                0x00017b6f   Thumb Code     0  stack_rom_symbol.txt ABSOLUTE
    h4tl_write                               0x00017bed   Thumb Code     0  stack_rom_symbol.txt ABSOLUTE
    h4tl_start                               0x00017c23   Thumb Code     0  stack_rom_symbol.txt ABSOLUTE
    h4tl_stop                                0x00017c3d   Thumb Code     0  stack_rom_symbol.txt ABSOLUTE
    ahi_init                                 0x00017d17   Thumb Code     0  stack_rom_symbol.txt ABSOLUTE
    ahi_send_msg                             0x00017d39   Thumb Code     0  stack_rom_symbol.txt ABSOLUTE
    __aeabi_uidiv                            0x00017de5   Thumb Code     0  stack_rom_symbol.txt ABSOLUTE
    __aeabi_uidivmod                         0x00017de5   Thumb Code     0  stack_rom_symbol.txt ABSOLUTE
    __aeabi_idiv                             0x00017e11   Thumb Code     0  stack_rom_symbol.txt ABSOLUTE
    __aeabi_idivmod                          0x00017e11   Thumb Code     0  stack_rom_symbol.txt ABSOLUTE
    rand                                     0x00017e39   Thumb Code     0  stack_rom_symbol.txt ABSOLUTE
    srand                                    0x00017e4b   Thumb Code     0  stack_rom_symbol.txt ABSOLUTE
    __aeabi_memcpy                           0x00017e5d   Thumb Code     0  stack_rom_symbol.txt ABSOLUTE
    __aeabi_memcpy4                          0x00017e5d   Thumb Code     0  stack_rom_symbol.txt ABSOLUTE
    __aeabi_memcpy8                          0x00017e5d   Thumb Code     0  stack_rom_symbol.txt ABSOLUTE
    __aeabi_memset                           0x00017e81   Thumb Code     0  stack_rom_symbol.txt ABSOLUTE
    __aeabi_memset4                          0x00017e81   Thumb Code     0  stack_rom_symbol.txt ABSOLUTE
    __aeabi_memset8                          0x00017e81   Thumb Code     0  stack_rom_symbol.txt ABSOLUTE
    __aeabi_memclr                           0x00017e91   Thumb Code     0  stack_rom_symbol.txt ABSOLUTE
    __aeabi_memclr4                          0x00017e91   Thumb Code     0  stack_rom_symbol.txt ABSOLUTE
    __aeabi_memclr8                          0x00017e91   Thumb Code     0  stack_rom_symbol.txt ABSOLUTE
    _memset$wrapper                          0x00017e95   Thumb Code     0  stack_rom_symbol.txt ABSOLUTE
    memcmp                                   0x00017ea7   Thumb Code     0  stack_rom_symbol.txt ABSOLUTE
    __ARM_clz                                0x00017ec0   ARM Code       0  stack_rom_symbol.txt ABSOLUTE
    __ARM_common_disable_fiq                 0x00017ec8   ARM Code       0  stack_rom_symbol.txt ABSOLUTE
    __ARM_common_disable_irq                 0x00017edc   ARM Code       0  stack_rom_symbol.txt ABSOLUTE
    __ARM_common_enable_fiq                  0x00017ef0   ARM Code       0  stack_rom_symbol.txt ABSOLUTE
    __ARM_common_enable_irq                  0x00017f00   ARM Code       0  stack_rom_symbol.txt ABSOLUTE
    __ARM_common_switch8                     0x00017f10   ARM Code       0  stack_rom_symbol.txt ABSOLUTE
    one_bits                                 0x00017f2c   Data           0  stack_rom_symbol.txt ABSOLUTE
    co_sca2ppm                               0x00017f3c   Data           0  stack_rom_symbol.txt ABSOLUTE
    co_null_bdaddr                           0x00017f4c   Data           0  stack_rom_symbol.txt ABSOLUTE
    llc_default_handler                      0x0001811c   Data           0  stack_rom_symbol.txt ABSOLUTE
    rwip_coex_cfg                            0x00018134   Data           0  stack_rom_symbol.txt ABSOLUTE
    rwip_priority                            0x00018139   Data           0  stack_rom_symbol.txt ABSOLUTE
    lld_pdu_adv_pk_desc_tab                  0x00018148   Data           0  stack_rom_symbol.txt ABSOLUTE
    lld_pdu_llcp_pk_desc_tab                 0x0001819c   Data           0  stack_rom_symbol.txt ABSOLUTE
    llm_local_data_len_values                0x000182aa   Data           0  stack_rom_symbol.txt ABSOLUTE
    llm_local_cmds                           0x000182c8   Data           0  stack_rom_symbol.txt ABSOLUTE
    llm_local_le_feats                       0x00018308   Data           0  stack_rom_symbol.txt ABSOLUTE
    llm_local_le_states                      0x00018310   Data           0  stack_rom_symbol.txt ABSOLUTE
    llm_default_handler                      0x00018490   Data           0  stack_rom_symbol.txt ABSOLUTE
    LLM_AA_CT1                               0x00018498   Data           0  stack_rom_symbol.txt ABSOLUTE
    LLM_AA_CT2                               0x0001849b   Data           0  stack_rom_symbol.txt ABSOLUTE
    gapc_sig_handlers                        0x00018558   Data           0  stack_rom_symbol.txt ABSOLUTE
    gapc_default_state                       0x00018570   Data           0  stack_rom_symbol.txt ABSOLUTE
    gapc_default_handler                     0x00018680   Data           0  stack_rom_symbol.txt ABSOLUTE
    gapm_default_state                       0x000187f0   Data           0  stack_rom_symbol.txt ABSOLUTE
    gapm_default_handler                     0x000188b8   Data           0  stack_rom_symbol.txt ABSOLUTE
    smpc_construct_pdu                       0x000188dc   Data           0  stack_rom_symbol.txt ABSOLUTE
    smpc_recv_pdu                            0x00018918   Data           0  stack_rom_symbol.txt ABSOLUTE
    attc_handlers                            0x00018954   Data           0  stack_rom_symbol.txt ABSOLUTE
    atts_handlers                            0x000189e8   Data           0  stack_rom_symbol.txt ABSOLUTE
    gattc_default_state                      0x00018a60   Data           0  stack_rom_symbol.txt ABSOLUTE
    gattc_default_handler                    0x00018b40   Data           0  stack_rom_symbol.txt ABSOLUTE
    gattm_default_state                      0x00018b7c   Data           0  stack_rom_symbol.txt ABSOLUTE
    gattm_default_handler                    0x00018b84   Data           0  stack_rom_symbol.txt ABSOLUTE
    l2cc_sig_handlers                        0x00018cb0   Data           0  stack_rom_symbol.txt ABSOLUTE
    l2cc_default_state                       0x00018cf0   Data           0  stack_rom_symbol.txt ABSOLUTE
    l2cc_default_handler                     0x00018d50   Data           0  stack_rom_symbol.txt ABSOLUTE
    hci_cmd_desc_tab_lk_ctrl                 0x00018d68   Data           0  stack_rom_symbol.txt ABSOLUTE
    hci_cmd_desc_tab_ctrl_bb                 0x00018d8c   Data           0  stack_rom_symbol.txt ABSOLUTE
    hci_cmd_desc_tab_info_par                0x00018e04   Data           0  stack_rom_symbol.txt ABSOLUTE
    hci_cmd_desc_tab_stat_par                0x00018e40   Data           0  stack_rom_symbol.txt ABSOLUTE
    hci_cmd_desc_tab_le                      0x00018e4c   Data           0  stack_rom_symbol.txt ABSOLUTE
    hci_cmd_desc_tab_vs                      0x00019074   Data           0  stack_rom_symbol.txt ABSOLUTE
    hci_evt_dbg_desc_tab                     0x000190bc   Data           0  stack_rom_symbol.txt ABSOLUTE
    hci_cmd_desc_root_tab                    0x000190c4   Data           0  stack_rom_symbol.txt ABSOLUTE
    hci_evt_desc_tab                         0x000190f4   Data           0  stack_rom_symbol.txt ABSOLUTE
    hci_evt_le_desc_tab                      0x0001913c   Data           0  stack_rom_symbol.txt ABSOLUTE
    ahi_default_state                        0x0001919c   Data           0  stack_rom_symbol.txt ABSOLUTE
    ahi_default_handler                      0x000191a4   Data           0  stack_rom_symbol.txt ABSOLUTE
    boot_stack_base_UNUSED                   0x0001e264   Data           4  boot_handlers.o(SYS_BOOT)
    boot_stack_len_UNUSED                    0x0001e268   Data           4  boot_handlers.o(SYS_BOOT)
    boot_stack_base_IRQ                      0x0001e26c   Data           4  boot_handlers.o(SYS_BOOT)
    boot_stack_len_IRQ                       0x0001e270   Data           4  boot_handlers.o(SYS_BOOT)
    boot_stack_base_SVC                      0x0001e274   Data           4  boot_handlers.o(SYS_BOOT)
    boot_stack_len_SVC                       0x0001e278   Data           4  boot_handlers.o(SYS_BOOT)
    boot_stack_base_FIQ                      0x0001e27c   Data           4  boot_handlers.o(SYS_BOOT)
    boot_stack_len_FIQ                       0x0001e280   Data           4  boot_handlers.o(SYS_BOOT)
    sys_Reset                                0x0001e284   ARM Code       0  boot_handlers.o(SYS_BOOT)
    Long ARM to Thumb Veneer to Undefined_Exception 0x0001e450   ARM Code       8  anon$$obj.o(Veneer$$Code)
    Long ARM to Thumb Veneer to SoftwareInterrupt_Exception 0x0001e458   ARM Code       8  anon$$obj.o(Veneer$$Code)
    Long ARM to Thumb Veneer to PrefetchAbort_Exception 0x0001e460   ARM Code       8  anon$$obj.o(Veneer$$Code)
    Long ARM to Thumb Veneer to DataAbort_Exception 0x0001e468   ARM Code       8  anon$$obj.o(Veneer$$Code)
    Long ARM to Thumb Veneer to Reserved_Exception 0x0001e470   ARM Code       8  anon$$obj.o(Veneer$$Code)
    Long ARM to Thumb Veneer to rw_main      0x0001e478   ARM Code       8  anon$$obj.o(Veneer$$Code)
    SYSirq_FIQ_Handler                       0x0001e500   ARM Code      16  intc.o(sys_fiq_entry)
    SYSirq_IRQ_Handler                       0x0001e520   ARM Code      16  intc.o(sys_irq_entry)
    assert_err                               0x0001e531   Thumb Code    18  arch_main.o(.text)
    assert_param                             0x0001e543   Thumb Code    22  arch_main.o(.text)
    assert_warn                              0x0001e559   Thumb Code    22  arch_main.o(.text)
    dump_data                                0x0001e56f   Thumb Code    18  arch_main.o(.text)
    platform_reset                           0x0001e581   Thumb Code    46  arch_main.o(.text)
    bdaddr_env_init                          0x0001e5af   Thumb Code    72  arch_main.o(.text)
    rw_dut_enter                             0x0001e5f7   Thumb Code     6  arch_main.o(.text)
    rw_app_enter                             0x0001e5fd   Thumb Code   102  arch_main.o(.text)
    sys_mode_init                            0x0001e663   Thumb Code     8  arch_main.o(.text)
    rom_env_init                             0x0001e66b   Thumb Code    86  arch_main.o(.text)
    rwip_eif_api_init                        0x0001e6c1   Thumb Code    20  arch_main.o(.text)
    rw_main                                  0x0001e6d5   Thumb Code   198  arch_main.o(.text)
    rwip_eif_get                             0x0001e79b   Thumb Code    16  arch_main.o(.text)
    rwble_init                               0x0001ea1d   Thumb Code    28  rwble.o(.text)
    rwble_reset                              0x0001ea39   Thumb Code    86  rwble.o(.text)
    rwble_sleep_check                        0x0001ea8f   Thumb Code    16  rwble.o(.text)
    rwble_activity_ongoing_check             0x0001ea9f   Thumb Code    30  rwble.o(.text)
    rwble_version                            0x0001eabd   Thumb Code    44  rwble.o(.text)
    rwble_isr                                0x0001eae9   Thumb Code   172  rwble.o(.text)
    rwble_hl_init                            0x0001eb9d   Thumb Code    28  rwble_hl.o(.text)
    rwble_hl_reset                           0x0001ebb9   Thumb Code    28  rwble_hl.o(.text)
    rwip_check_wakeup_boundary               0x0001ebd5   Thumb Code    34  rwip.o(.text)
    rwip_init                                0x0001ebf7   Thumb Code   182  rwip.o(.text)
    rwip_reset                               0x0001ecad   Thumb Code    56  rwip.o(.text)
    rwip_version                             0x0001ece5   Thumb Code     8  rwip.o(.text)
    rwip_schedule                            0x0001eced   Thumb Code    16  rwip.o(.text)
    rwip_prevent_sleep_set                   0x0001ecfd   Thumb Code    42  rwip.o(.text)
    rwip_sleep                               0x0001ed27   Thumb Code   144  rwip.o(.text)
    rwip_wakeup                              0x0001edb7   Thumb Code    24  rwip.o(.text)
    rwip_prevent_sleep_clear                 0x0001edcf   Thumb Code    42  rwip.o(.text)
    rwip_wakeup_end                          0x0001edf9   Thumb Code    36  rwip.o(.text)
    rwip_us_2_lpcycles                       0x0001ee1d   Thumb Code    12  rwip.o(.text)
    rwip_wakeup_delay_set                    0x0001ee29   Thumb Code    12  rwip.o(.text)
    rwip_prevent_sleep_get                   0x0001ee35   Thumb Code     6  rwip.o(.text)
    rwip_sleep_enable                        0x0001ee3b   Thumb Code     6  rwip.o(.text)
    rwip_ext_wakeup_enable                   0x0001ee41   Thumb Code     6  rwip.o(.text)
    rwip_sleep_lpcycles_2_us                 0x0001ee47   Thumb Code    32  rwip.o(.text)
    audio_init                               0x0001ee91   Thumb Code    50  audio.o(.text)
    audio_int_en                             0x0001eec3   Thumb Code    32  audio.o(.text)
    audio_int_dis                            0x0001eee3   Thumb Code    34  audio.o(.text)
    audio_isr                                0x0001ef05   Thumb Code    92  audio.o(.text)
    audio_start                              0x0001ef61   Thumb Code    48  audio.o(.text)
    audio_stop                               0x0001ef91   Thumb Code    48  audio.o(.text)
    emi_init                                 0x0001f005   Thumb Code    20  emi.o(.text)
    set_flash_clk                            0x0001f01d   Thumb Code    40  flash.o(.text)
    get_flash_ID                             0x0001f045   Thumb Code    34  flash.o(.text)
    flash_read_sr                            0x0001f067   Thumb Code    26  flash.o(.text)
    flash_write_sr                           0x0001f081   Thumb Code   168  flash.o(.text)
    flash_wp_256k                            0x0001f129   Thumb Code    70  flash.o(.text)
    flash_wp_ALL                             0x0001f16f   Thumb Code    70  flash.o(.text)
    flash_advance_init                       0x0001f1b5   Thumb Code   102  flash.o(.text)
    clr_flash_qwfr                           0x0001f21b   Thumb Code    76  flash.o(.text)
    flash_set_dual_mode                      0x0001f267   Thumb Code    32  flash.o(.text)
    flash_init                               0x0001f287   Thumb Code    34  flash.o(.text)
    flash_set_line_mode                      0x0001f2a9   Thumb Code     2  flash.o(.text)
    flash_erase_sector                       0x0001f2ab   Thumb Code    50  flash.o(.text)
    flash_read_data                          0x0001f2dd   Thumb Code   134  flash.o(.text)
    flash_write_data                         0x0001f363   Thumb Code   300  flash.o(.text)
    flash_set_qe                             0x0001f48f   Thumb Code    68  flash.o(.text)
    flash_read                               0x0001f4d3   Thumb Code    46  flash.o(.text)
    flash_write                              0x0001f501   Thumb Code   102  flash.o(.text)
    udi_exchange_fdata_to_adjoining_next_sector 0x0001f567   Thumb Code   102  flash.o(.text)
    udi_exchange_fdata_to_adjoining_previous_sector 0x0001f5cd   Thumb Code    98  flash.o(.text)
    flash_erase                              0x0001f62f   Thumb Code   174  flash.o(.text)
    flash_test                               0x0001f6dd   Thumb Code    96  flash.o(.text)
    FLASH_Read                               0x0001f73d   Thumb Code    18  flash.o(.text)
    FLASH_Write                              0x0001f74f   Thumb Code   218  flash.o(.text)
    gpio_config                              0x0001f89d   Thumb Code   144  gpio.o(.text)
    gpio_get_input                           0x0001f92d   Thumb Code    28  gpio.o(.text)
    gpio_set                                 0x0001f949   Thumb Code    36  gpio.o(.text)
    gpio_init                                0x0001f96d   Thumb Code     2  gpio.o(.text)
    gpio_triger                              0x0001f96f   Thumb Code    20  gpio.o(.text)
    gpio_cb_register                         0x0001f983   Thumb Code    12  gpio.o(.text)
    gpio_isr                                 0x0001f98f   Thumb Code    14  gpio.o(.text)
    gpio_test_init                           0x0001f99d   Thumb Code    54  gpio.o(.text)
    gpio_sleep                               0x0001f9d3   Thumb Code    70  gpio.o(.text)
    gpio_wakeup                              0x0001fa19   Thumb Code    50  gpio.o(.text)
    DEBUG_MSG                                0x0001fa4b   Thumb Code     2  gpio.o(.text)
    system_sleep_init                        0x0001fa5d   Thumb Code    20  icu.o(.text)
    icu_init                                 0x0001fa71   Thumb Code    74  icu.o(.text)
    icu_get_sleep_mode                       0x0001fabb   Thumb Code     6  icu.o(.text)
    icu_set_sleep_mode                       0x0001fac1   Thumb Code     6  icu.o(.text)
    cpu_reduce_voltage_sleep                 0x0001fac7   Thumb Code    60  icu.o(.text)
    cpu_wakeup                               0x0001fb03   Thumb Code    28  icu.o(.text)
    cpu_idle_sleep                           0x0001fb1f   Thumb Code     8  icu.o(.text)
    switch_clk                               0x0001fb27   Thumb Code    82  icu.o(.text)
    bk3435_singleWaveCfg                     0x0001fb79   Thumb Code    22  icu.o(.text)
    bk3435_set_power                         0x0001fb8f   Thumb Code    48  icu.o(.text)
    intc_spurious                            0x0001fbe5   Thumb Code     2  intc.o(.text)
    intc_init                                0x0001fbe7   Thumb Code    28  intc.o(.text)
    intc_stat_clear                          0x0001fc03   Thumb Code     8  intc.o(.text)
    IRQ_Exception                            0x0001fc0b   Thumb Code    76  intc.o(.text)
    FIQ_Exception                            0x0001fc57   Thumb Code    36  intc.o(.text)
    timer_init                               0x0001fc85   Thumb Code     2  timer.o(.text)
    timer_set_timeout                        0x0001fc87   Thumb Code     6  timer.o(.text)
    timer_get_time                           0x0001fc8d   Thumb Code     6  timer.o(.text)
    timer_enable                             0x0001fc93   Thumb Code     6  timer.o(.text)
    timer_isr                                0x0001fc99   Thumb Code    20  timer.o(.text)
    Read_Uart_Buf                            0x0001fcb1   Thumb Code    14  uart.o(.text)
    Uart_Read_Byte                           0x0001fcbf   Thumb Code    10  uart.o(.text)
    uart_send                                0x0001fcc9   Thumb Code    26  uart.o(.text)
    uart_putchar                             0x0001fce3   Thumb Code    34  uart.o(.text)
    uart_printf                              0x0001fd05   Thumb Code    46  uart.o(.text)
    uart_printf_null                         0x0001fd33   Thumb Code     4  uart.o(.text)
    hex2Str                                  0x0001fd37   Thumb Code    46  uart.o(.text)
    uart_print_int                           0x0001fd65   Thumb Code    48  uart.o(.text)
    cpu_delay                                0x0001fd95   Thumb Code    26  uart.o(.text)
    uart_init                                0x0001fdaf   Thumb Code   130  uart.o(.text)
    uart_flow_on                             0x0001fe31   Thumb Code     2  uart.o(.text)
    uart_clear_rxfifo                        0x0001fe33   Thumb Code    26  uart.o(.text)
    uart_flow_off                            0x0001fe4d   Thumb Code     4  uart.o(.text)
    uart_finish_transfers                    0x0001fe51   Thumb Code    24  uart.o(.text)
    uart_read                                0x0001fe69   Thumb Code    10  uart.o(.text)
    uart_write                               0x0001fe73   Thumb Code    64  uart.o(.text)
    uart_cb_register                         0x0001feb3   Thumb Code    10  uart.o(.text)
    uart_cb_clear                            0x0001febd   Thumb Code    14  uart.o(.text)
    uart_isr                                 0x0001fecb   Thumb Code   224  uart.o(.text)
    check_uart_stop                          0x0001ffab   Thumb Code    10  uart.o(.text)
    wdt_disable                              0x0002000d   Thumb Code    28  wdt.o(.text)
    wdt_enable                               0x00020029   Thumb Code    38  wdt.o(.text)
    wdt_feed                                 0x0002004f   Thumb Code    28  wdt.o(.text)
    Delay_ms                                 0x000200ab   Thumb Code    26  rf_xvr.o(.text)
    kmod_calibration                         0x000200c5   Thumb Code   280  rf_xvr.o(.text)
    init_analog_xvr_reg                      0x000201dd   Thumb Code   186  rf_xvr.o(.text)
    initial_xver_BK3435V2_openLoop           0x00020297   Thumb Code   260  rf_xvr.o(.text)
    rf_init                                  0x0002039b   Thumb Code    36  rf_xvr.o(.text)
    Delay_us                                 0x000203bf   Thumb Code    20  rf_xvr.o(.text)
    Delay                                    0x000203d3   Thumb Code    20  rf_xvr.o(.text)
    CLK32K_AutoCali_init                     0x000203e7   Thumb Code    48  rf_xvr.o(.text)
    bass_get_att_handle                      0x000206a7   Thumb Code   122  bass.o(.text)
    bass_prf_itf_get                         0x00020761   Thumb Code     6  bass.o(.text)
    bass_get_att_idx                         0x00020767   Thumb Code   112  bass.o(.text)
    bass_exe_operation                       0x000207d7   Thumb Code   266  bass.o(.text)
    diss_compute_cfg_flag                    0x00020bc5   Thumb Code    40  diss.o(.text)
    diss_prf_itf_get                         0x00020c97   Thumb Code     6  diss.o(.text)
    diss_handle_to_value                     0x00020c9d   Thumb Code    54  diss.o(.text)
    diss_value_to_handle                     0x00020cd3   Thumb Code    60  diss.o(.text)
    diss_check_val_len                       0x00020d0f   Thumb Code    42  diss.o(.text)
    hogpd_get_att_handle                     0x00020f15   Thumb Code   244  hogpd.o(.text)
    hogpd_prf_itf_get                        0x0002144b   Thumb Code     6  hogpd.o(.text)
    hogpd_get_att_idx                        0x00021451   Thumb Code   292  hogpd.o(.text)
    hogpd_ntf_send                           0x00021575   Thumb Code   260  hogpd.o(.text)
    hogpd_ntf_cfg_ind_send                   0x00021679   Thumb Code   164  hogpd.o(.text)
    oad_save_reciveData                      0x00021e47   Thumb Code    32  oads.o(.text)
    oad_updating_user_section_begin          0x00021e67   Thumb Code    38  oads.o(.text)
    oad_updating_user_section_pro            0x00021e8d   Thumb Code   106  oads.o(.text)
    oad_updating_user_section_end            0x00021ef7   Thumb Code    18  oads.o(.text)
    oadImgIdentifyWrite                      0x00021feb   Thumb Code   778  oads.o(.text)
    oadImgBlockWrite                         0x000222f5   Thumb Code   364  oads.o(.text)
    oads_prf_itf_get                         0x00022461   Thumb Code     4  oads.o(.text)
    prf_init                                 0x00022857   Thumb Code   112  prf.o(.text)
    prf_add_profile                          0x000228c7   Thumb Code   130  prf.o(.text)
    prf_create                               0x00022949   Thumb Code    44  prf.o(.text)
    prf_cleanup                              0x00022975   Thumb Code    48  prf.o(.text)
    prf_env_get                              0x000229a5   Thumb Code    44  prf.o(.text)
    prf_src_task_get                         0x000229d1   Thumb Code    16  prf.o(.text)
    prf_dst_task_get                         0x000229e1   Thumb Code    16  prf.o(.text)
    prf_get_id_from_task                     0x000229f1   Thumb Code    52  prf.o(.text)
    prf_get_task_from_id                     0x00022a25   Thumb Code    52  prf.o(.text)
    prf_pack_char_pres_fmt                   0x00022a5d   Thumb Code    30  prf_utils.o(.text)
    prf_pack_date_time                       0x00022a7b   Thumb Code    32  prf_utils.o(.text)
    prf_unpack_date_time                     0x00022a9b   Thumb Code    34  prf_utils.o(.text)
    appm_init                                0x00022abd   Thumb Code   218  app.o(.text)
    appm_add_svc                             0x00022b97   Thumb Code    32  app.o(.text)
    appm_disconnect                          0x00022bb7   Thumb Code    34  app.o(.text)
    appm_start_advertising                   0x00022bd9   Thumb Code   354  app.o(.text)
    appm_start_direct_dvertising             0x00022d3b   Thumb Code     2  app.o(.text)
    appm_start_white_list_dvertising         0x00022d3d   Thumb Code    72  app.o(.text)
    appm_stop_advertising                    0x00022d85   Thumb Code    72  app.o(.text)
    appm_update_adv_data                     0x00022dcd   Thumb Code    86  app.o(.text)
    appm_update_param                        0x00022e23   Thumb Code    68  app.o(.text)
    appm_get_dev_name                        0x00022e67   Thumb Code    16  app.o(.text)
    appm_switch_general_adv                  0x00022e77   Thumb Code    12  app.o(.text)
    appm_send_seurity_req                    0x00022e83   Thumb Code    22  app.o(.text)
    app_set_mode                             0x00022e99   Thumb Code   332  app.o(.text)
    app_get_mode                             0x00022fe5   Thumb Code    10  app.o(.text)
    read_encode_data                         0x00022fef   Thumb Code    46  app.o(.text)
    store_encode_data                        0x0002301d   Thumb Code    82  app.o(.text)
    print_debug_info                         0x0002306f   Thumb Code    16  app.o(.text)
    encode_voice_init                        0x0002307f   Thumb Code    32  app.o(.text)
    app_send_encode_evt                      0x0002309f   Thumb Code    14  app.o(.text)
    print_debug_status                       0x000230ad   Thumb Code    46  app.o(.text)
    app_batt_init                            0x00023151   Thumb Code    12  app_batt.o(.text)
    app_batt_add_bas                         0x0002315d   Thumb Code    44  app_batt.o(.text)
    app_batt_enable_prf                      0x00023189   Thumb Code    44  app_batt.o(.text)
    app_batt_send_lvl                        0x000231b5   Thumb Code    34  app_batt.o(.text)
    app_dis_init                             0x00023271   Thumb Code     2  app_dis.o(.text)
    app_dis_add_dis                          0x00023273   Thumb Code    44  app_dis.o(.text)
    app_hid_set_send_flag                    0x00023301   Thumb Code     6  app_hid.o(.text)
    app_hid_init                             0x00023307   Thumb Code    20  app_hid.o(.text)
    app_hid_add_hids                         0x0002331b   Thumb Code   108  app_hid.o(.text)
    app_hid_enable_prf                       0x00023387   Thumb Code    82  app_hid.o(.text)
    app_hid_send_report                      0x000233d9   Thumb Code   248  app_hid.o(.text)
    app_hid_send_mouse_report                0x000234d1   Thumb Code   104  app_hid.o(.text)
    app_hid_send_sensor_report               0x00023539   Thumb Code   100  app_hid.o(.text)
    app_hid_send_audio                       0x0002381d   Thumb Code    50  app_hid.o(.text)
    delay_us                                 0x00023905   Thumb Code    20  app_key.o(.text)
    key_wakeup_set                           0x00023919   Thumb Code    56  app_key.o(.text)
    key_init                                 0x0002397d   Thumb Code   166  app_key.o(.text)
    key_scan                                 0x00023a23   Thumb Code   394  app_key.o(.text)
    key_judge_error                          0x00023bad   Thumb Code   112  app_key.o(.text)
    key_ghost_scan                           0x00023c1d   Thumb Code    86  app_key.o(.text)
    key_data_analysis                        0x00023c73   Thumb Code  1308  app_key.o(.text)
    xyz_axis_process                         0x0002418f   Thumb Code    86  app_key.o(.text)
    key_state_reset                          0x000241e5   Thumb Code    14  app_key.o(.text)
    key_process                              0x000241f3   Thumb Code   230  app_key.o(.text)
    key_wakeup_config                        0x000242d9   Thumb Code   162  app_key.o(.text)
    key_status_check                         0x0002437b   Thumb Code   226  app_key.o(.text)
    hid_send_keycode                         0x0002445d   Thumb Code   194  app_key.o(.text)
    app_oads_init                            0x000245a5   Thumb Code     8  app_oads.o(.text)
    app_oad_add_oads                         0x000245ad   Thumb Code    62  app_oads.o(.text)
    app_oads_enable_prf                      0x000245eb   Thumb Code    42  app_oads.o(.text)
    app_ffc1_ntf_req                         0x00024665   Thumb Code    44  app_oads.o(.text)
    app_ffc2_ntf_req                         0x00024691   Thumb Code    46  app_oads.o(.text)
    app_sec_init                             0x0002475d   Thumb Code    54  app_sec.o(.text)
    app_sec_get_bond_status                  0x00024793   Thumb Code     6  app_sec.o(.text)
    app_get_bonding_flag                     0x00024799   Thumb Code    16  app_sec.o(.text)
    app_get_encrypt_flag                     0x000247a9   Thumb Code    16  app_sec.o(.text)
    app_sec_remove_bond                      0x000247b9   Thumb Code    54  app_sec.o(.text)
    app_sec_send_security_req                0x000247ef   Thumb Code    66  app_sec.o(.text)
    appm_get_wlist_size                      0x000255fd   Thumb Code    32  app_wlist.o(.text)
    app_gapm_white_list_ind_handler          0x0002561d   Thumb Code    26  app_wlist.o(.text)
    appm_add_dev_to_wlist                    0x00025637   Thumb Code    90  app_wlist.o(.text)
    appm_rmv_dev_from_wlist                  0x00025691   Thumb Code    90  app_wlist.o(.text)
    appm_clear_wlist                         0x000256eb   Thumb Code    34  app_wlist.o(.text)
    appm_get_ral_list_size                   0x0002570d   Thumb Code    36  app_wlist.o(.text)
    app_gapm_ral_list_size_ind_handler       0x00025731   Thumb Code    26  app_wlist.o(.text)
    appm_add_ral_dev_to_list                 0x0002574b   Thumb Code   160  app_wlist.o(.text)
    appm_rmv_ral_dev_from_list               0x000257eb   Thumb Code   154  app_wlist.o(.text)
    appm_get_ral_loc_addr                    0x00025885   Thumb Code    60  app_wlist.o(.text)
    appm_get_ral_peer_addr                   0x000258c1   Thumb Code    60  app_wlist.o(.text)
    appm_clear_ral_list                      0x000258fd   Thumb Code    34  app_wlist.o(.text)
    app_gapm_ral_addr_ind_handler            0x0002591f   Thumb Code    64  app_wlist.o(.text)
    appm_gapm_resolv_dev_addr                0x0002595f   Thumb Code   258  app_wlist.o(.text)
    app_gapm_resolv_dev_addr_ind_handler     0x00025a61   Thumb Code    82  app_wlist.o(.text)
    appm_gapm_gen_rand_addr                  0x00025ab3   Thumb Code    60  app_wlist.o(.text)
    app_gapm_gen_rand_addr_ind_handler       0x00025aef   Thumb Code    56  app_wlist.o(.text)
    appm_gapm_gen_rand_number                0x00025b27   Thumb Code    36  app_wlist.o(.text)
    app_gapm_gen_rand_number_ind_handler     0x00025b4b   Thumb Code    48  app_wlist.o(.text)
    appm_gapm_set_irk                        0x00025b7b   Thumb Code    82  app_wlist.o(.text)
    sbc_common_sample_rate_get               0x00025c31   Thumb Code     8  app_sbc.o(.text)
    sbc_common_crc8                          0x00025c39   Thumb Code    82  app_sbc.o(.text)
    sbc_common_bit_allocation                0x00025c8b   Thumb Code   418  app_sbc.o(.text)
    sbc_encoder_ioctrl                       0x00026451   Thumb Code   500  app_sbc.o(.text)
    sbc_encoder_init                         0x00026645   Thumb Code   228  app_sbc.o(.text)
    sbc_encoder_frame_encode                 0x00026729   Thumb Code  1026  app_sbc.o(.text)
    BT_delayUs                               0x00026c3d   Thumb Code    20  rf_test.o(.text)
    char_to_num                              0x00026c51   Thumb Code    44  rf_test.o(.text)
    fCheckValue                              0x00026c7d   Thumb Code    58  rf_test.o(.text)
    BT_singleWaveCfg                         0x00026cb7   Thumb Code    38  rf_test.o(.text)
    rw_fcc_enter                             0x00026cdd   Thumb Code   736  rf_test.o(.text)
    XVR_Initial                              0x000270c9   Thumb Code   304  rf_pn9_test.o(.text)
    Test_XVR_PN9_Rx_Ena                      0x000271f9   Thumb Code    32  rf_pn9_test.o(.text)
    Test_XVR_Single_Carrier_Tx_Ena1          0x00027219   Thumb Code    30  rf_pn9_test.o(.text)
    LockPn9Test                              0x00027237   Thumb Code    26  rf_pn9_test.o(.text)
    GetBER                                   0x00027251   Thumb Code    16  rf_pn9_test.o(.text)
    rw_pn9_enter                             0x00027261   Thumb Code     2  rf_pn9_test.o(.text)
    pn9_test_process                         0x00027263   Thumb Code   164  rf_pn9_test.o(.text)
    strncmp                                  0x000273c5   Thumb Code    30  strncmp.o(.text)
    __aeabi_fadd                             0x000273e3   Thumb Code   166  fadd.o(.text)
    __aeabi_fsub                             0x00027489   Thumb Code     8  fadd.o(.text)
    __aeabi_frsub                            0x00027491   Thumb Code     8  fadd.o(.text)
    __aeabi_fdiv                             0x00027499   Thumb Code   124  fdiv.o(.text)
    __aeabi_i2f                              0x00027515   Thumb Code    22  fflti.o(.text)
    __aeabi_f2uiz                            0x0002752b   Thumb Code    40  ffixui.o(.text)
    __aeabi_uldivmod                         0x00027553   Thumb Code    96  uldiv.o(.text)
    __I$use$fp                               0x000275b4   ARM Code       0  iusefp.o(.text)
    _float_round                             0x000275b5   Thumb Code    16  fepilogue.o(.text)
    _float_epilogue                          0x000275c5   Thumb Code    88  fepilogue.o(.text)
    __aeabi_dadd                             0x0002761d   Thumb Code   328  dadd.o(.text)
    __aeabi_dsub                             0x00027765   Thumb Code    12  dadd.o(.text)
    __aeabi_drsub                            0x00027771   Thumb Code    12  dadd.o(.text)
    __aeabi_dmul                             0x00027781   Thumb Code   202  dmul.o(.text)
    __aeabi_ddiv                             0x00027851   Thumb Code   234  ddiv.o(.text)
    __aeabi_d2ulz                            0x00027941   Thumb Code    54  dfixul.o(.text)
    __aeabi_cdrcmple                         0x00027981   Thumb Code    38  cdrcmple.o(.text)
    __aeabi_llsl                             0x000279a9   Thumb Code    32  llshl.o(.text)
    _ll_shift_l                              0x000279a9   Thumb Code     0  llshl.o(.text)
    __aeabi_llsr                             0x000279c9   Thumb Code    34  llushr.o(.text)
    _ll_ushift_r                             0x000279c9   Thumb Code     0  llushr.o(.text)
    __aeabi_lasr                             0x000279eb   Thumb Code    38  llsshr.o(.text)
    _ll_sshift_r                             0x000279eb   Thumb Code     0  llsshr.o(.text)
    _double_round                            0x00027a11   Thumb Code    26  depilogue.o(.text)
    _double_epilogue                         0x00027a2b   Thumb Code   164  depilogue.o(.text)
    __0vsprintf                              0x00027ad1   Thumb Code    30  printfa.o(i.__0vsprintf)
    __1vsprintf                              0x00027ad1   Thumb Code     0  printfa.o(i.__0vsprintf)
    __2vsprintf                              0x00027ad1   Thumb Code     0  printfa.o(i.__0vsprintf)
    __c89vsprintf                            0x00027ad1   Thumb Code     0  printfa.o(i.__0vsprintf)
    vsprintf                                 0x00027ad1   Thumb Code     0  printfa.o(i.__0vsprintf)
    bas_att_db                               0x000283e0   Data          40  bass.o(.constdata)
    bass_itf                                 0x00028408   Data          16  bass.o(.constdata)
    bass_default_state                       0x00028418   Data          48  bass_task.o(.constdata)
    bass_default_handler                     0x00028448   Data           8  bass_task.o(.constdata)
    diss_att_db                              0x00028450   Data         152  diss.o(.constdata)
    diss_itf                                 0x000284e8   Data          16  diss.o(.constdata)
    diss_default_state                       0x000284f8   Data          24  diss_task.o(.constdata)
    diss_default_handler                     0x00028510   Data           8  diss_task.o(.constdata)
    hids_att_db                              0x00028518   Data         184  hogpd.o(.constdata)
    hogpd_itf                                0x000285d0   Data          16  hogpd.o(.constdata)
    hogpd_default_state                      0x000285e0   Data          64  hogpd_task.o(.constdata)
    hogpd_default_handler                    0x00028620   Data           8  hogpd_task.o(.constdata)
    oads_att_db                              0x00028628   Data          72  oads.o(.constdata)
    oads_itf                                 0x00028670   Data          16  oads.o(.constdata)
    oads_default_state                       0x000286c8   Data          48  oads_task.o(.constdata)
    braces_default_handler                   0x000286f8   Data           8  oads_task.o(.constdata)
    app_batt_msg_handler_list                0x000287a4   Data          32  app_batt.o(.constdata)
    app_batt_table_handler                   0x000287c4   Data           8  app_batt.o(.constdata)
    app_dis_msg_handler_list                 0x000287cc   Data           8  app_dis.o(.constdata)
    app_dis_table_handler                    0x000287d4   Data           8  app_dis.o(.constdata)
    gHIDReportDescriptor                     0x000287dc   Data         236  app_hid.o(.constdata)
    app_hid_msg_handler_list                 0x0002896c   Data          56  app_hid.o(.constdata)
    app_hid_table_handler                    0x000289a4   Data           8  app_hid.o(.constdata)
    media_key                                0x000289ac   Data          94  app_key.o(.constdata)
    app_oads_msg_handler_list                0x00028a0c   Data          48  app_oads.o(.constdata)
    app_oads_table_handler                   0x00028a3c   Data           8  app_oads.o(.constdata)
    app_sec_msg_handler_list                 0x00028aec   Data          40  app_sec.o(.constdata)
    app_sec_table_handler                    0x00028b14   Data           8  app_sec.o(.constdata)
    appm_default_state                       0x00028b98   Data         208  app_task.o(.constdata)
    appm_default_handler                     0x00028c68   Data           8  app_task.o(.constdata)
    RF_CHANNEL_TABLE                         0x00029130   Data          80  rf_test.o(.constdata)
    Load$$RAM_DATA$$Base                     0x00029180   Number         0  anon$$obj.o ABSOLUTE
    co_default_bdaddr                        0x00400024   Data           0  stack_rom_symbol.txt ABSOLUTE
    llc_env                                  0x0040002c   Data           0  stack_rom_symbol.txt ABSOLUTE
    llc_state                                0x00400030   Data           0  stack_rom_symbol.txt ABSOLUTE
    latency_disable_state                    0x00400031   Data           0  stack_rom_symbol.txt ABSOLUTE
    system_sleep_flag                        0x00400032   Data           0  stack_rom_symbol.txt ABSOLUTE
    lld_sleep_env                            0x00400034   Data           0  stack_rom_symbol.txt ABSOLUTE
    system_mode                              0x00400038   Data           0  stack_rom_symbol.txt ABSOLUTE
    llm_state                                0x00400039   Data           0  stack_rom_symbol.txt ABSOLUTE
    gapc_env                                 0x0040003c   Data           0  stack_rom_symbol.txt ABSOLUTE
    gapc_state                               0x00400040   Data           0  stack_rom_symbol.txt ABSOLUTE
    gapm_state                               0x00400041   Data           0  stack_rom_symbol.txt ABSOLUTE
    gattc_env                                0x00400044   Data           0  stack_rom_symbol.txt ABSOLUTE
    gattc_state                              0x00400048   Data           0  stack_rom_symbol.txt ABSOLUTE
    gattm_state                              0x00400049   Data           0  stack_rom_symbol.txt ABSOLUTE
    l2cc_env                                 0x0040004c   Data           0  stack_rom_symbol.txt ABSOLUTE
    l2cc_state                               0x00400050   Data           0  stack_rom_symbol.txt ABSOLUTE
    ahi_state                                0x00400051   Data           0  stack_rom_symbol.txt ABSOLUTE
    ke_env                                   0x0040007c   Data           0  stack_rom_symbol.txt ABSOLUTE
    rwip_rf                                  0x00400130   Data           0  stack_rom_symbol.txt ABSOLUTE
    rom_env                                  0x00400164   Data           0  stack_rom_symbol.txt ABSOLUTE
    em_buf_env                               0x004001b0   Data           0  stack_rom_symbol.txt ABSOLUTE
    lld_evt_env                              0x004004f8   Data           0  stack_rom_symbol.txt ABSOLUTE
    llm_le_env                               0x00400524   Data           0  stack_rom_symbol.txt ABSOLUTE
    gapm_env                                 0x004005a0   Data           0  stack_rom_symbol.txt ABSOLUTE
    gattm_env                                0x004005d8   Data           0  stack_rom_symbol.txt ABSOLUTE
    l2cm_env                                 0x004005f8   Data           0  stack_rom_symbol.txt ABSOLUTE
    hci_env                                  0x00400604   Data           0  stack_rom_symbol.txt ABSOLUTE
    hci_fc_env                               0x00400614   Data           0  stack_rom_symbol.txt ABSOLUTE
    ahi_env                                  0x00400664   Data           0  stack_rom_symbol.txt ABSOLUTE
    Image$$RAM_DATA$$Base                    0x00400800   Number         0  anon$$obj.o ABSOLUTE
    pcm_index_in                             0x00400800   Data           1  audio.o(.data)
    pcm_index_out                            0x00400801   Data           1  audio.o(.data)
    pcm_sample_col                           0x00400804   Data           2  audio.o(.data)
    flash_enable_write_flag1                 0x00400808   Data           1  flash.o(.data)
    flash_enable_write_flag2                 0x00400809   Data           1  flash.o(.data)
    flash_enable_write_flag3                 0x0040080a   Data           1  flash.o(.data)
    flash_enable_write_flag4                 0x0040080b   Data           1  flash.o(.data)
    flash_enable_erase_flag1                 0x0040080c   Data           1  flash.o(.data)
    flash_enable_erase_flag2                 0x0040080d   Data           1  flash.o(.data)
    flash_mid                                0x00400810   Data           4  flash.o(.data)
    GPIO_CFG                                 0x00400818   Data          20  gpio.o(.data)
    GPIO_DATA                                0x0040082c   Data          20  gpio.o(.data)
    uart_rx_done                             0x00400844   Data           1  uart.o(.data)
    cur_read_buf_idx                         0x00400845   Data           1  uart.o(.data)
    uart_dut_reg_flag                        0x00400846   Data           1  uart.o(.data)
    uart_rx_index                            0x0040084c   Data           4  uart.o(.data)
    wdt_disable_flag                         0x00400854   Data           1  wdt.o(.data)
    g_hid_handle                             0x00400856   Data           2  hogpd.o(.data)
    oad_firmware_type                        0x00400859   Data           1  oads.o(.data)
    wlist_enable_flag                        0x00400860   Data           1  app.o(.data)
    pbuff_write                              0x00400861   Data           1  app.o(.data)
    pbuff_read                               0x00400862   Data           1  app.o(.data)
    app_batt_env                             0x0040086c   Data           2  app_batt.o(.data)
    tx_buff_head                             0x00400870   Data           1  app_key.o(.data)
    tx_buff_tail                             0x00400871   Data           1  app_key.o(.data)
    tx_buff_count                            0x00400872   Data           1  app_key.o(.data)
    app_key_state                            0x00400873   Data           1  app_key.o(.data)
    stan_key_len                             0x00400877   Data           1  app_key.o(.data)
    old_key_len                              0x00400878   Data           1  app_key.o(.data)
    key_err_time                             0x00400879   Data           1  app_key.o(.data)
    key_status                               0x0040087a   Data           1  app_key.o(.data)
    m_key                                    0x0040087b   Data           1  app_key.o(.data)
    s_key                                    0x0040087c   Data           1  app_key.o(.data)
    c_key                                    0x0040087d   Data           1  app_key.o(.data)
    p_key                                    0x0040087e   Data           1  app_key.o(.data)
    key_null                                 0x0040087f   Data           1  app_key.o(.data)
    sys_power_key                            0x00400880   Data           1  app_key.o(.data)
    data_upload_status                       0x00400881   Data           1  app_key.o(.data)
    power_key                                0x00400883   Data           3  app_key.o(.data)
    gpio_buff_c                              0x00400886   Data           3  app_key.o(.data)
    cow                                      0x00400889   Data           3  app_key.o(.data)
    real_key_value                           0x0040088c   Data           3  app_key.o(.data)
    sys_flag                                 0x00400890   Data           4  app_key.o(.data)
    sys_media_key                            0x00400898   Data           4  app_key.o(.data)
    gpio_buff_r                              0x0040089c   Data           5  app_key.o(.data)
    row                                      0x004008a1   Data           5  app_key.o(.data)
    tx_buff_len                              0x004008a6   Data           6  app_key.o(.data)
    stan_key                                 0x004008ac   Data           8  app_key.o(.data)
    old_key                                  0x004008b4   Data           8  app_key.o(.data)
    sys_standard_key                         0x004008bc   Data           8  app_key.o(.data)
    f1_f12                                   0x004008c4   Data          14  app_key.o(.data)
    stand_key_map                            0x004008d2   Data          15  app_key.o(.data)
    app_oads_env                             0x004008e1   Data           1  app_oads.o(.data)
    app_sec_env                              0x004008e2   Data           5  app_sec.o(.data)
    appm_state                               0x004008ec   Data           1  app_task.o(.data)
    ch_status                                0x004008ed   Data           1  rf_test.o(.data)
    freq                                     0x004008ee   Data           1  rf_test.o(.data)
    powerlevel                               0x004008ef   Data           1  rf_test.o(.data)
    p_mode                                   0x004008f0   Data           1  rf_test.o(.data)
    d_mode                                   0x004008f1   Data           1  rf_test.o(.data)
    hopping                                  0x004008f2   Data           1  rf_test.o(.data)
    freq_value                               0x004008f3   Data           1  rf_test.o(.data)
    temp                                     0x004008f4   Data           1  rf_test.o(.data)
    index                                    0x004008f5   Data           1  rf_test.o(.data)
    p_APB_XVER_ADDR                          0x004008fc   Data           4  rf_pn9_test.o(.data)
    tx_rsp_buffer                            0x00400900   Data           7  rf_pn9_test.o(.data)
    rx_rsp_buffer                            0x00400907   Data           7  rf_pn9_test.o(.data)
    error_cmd_rsp                            0x0040090e   Data           7  rf_pn9_test.o(.data)
    test_end_rsp_buffer                      0x00400915   Data           9  rf_pn9_test.o(.data)
    Image$$RAM_BSS$$Base                     0x00400920   Number         0  anon$$obj.o ABSOLUTE
    uart_api                                 0x00400920   Data          16  arch_main.o(.bss)
    pcm_sample_buffer                        0x00400940   Data         960  audio.o(.bss)
    flash_env                                0x00400d00   Data          12  flash.o(.bss)
    STMFLASH_BUF                             0x00400d0c   Data        4096  flash.o(.bss)
    GPIO_CFG_BACKUP                          0x00401d0c   Data          20  gpio.o(.bss)
    GPIO_DATA_BACKUP                         0x00401d20   Data          20  gpio.o(.bss)
    uart_rx_buf                              0x00401d34   Data          64  uart.o(.bss)
    uart_env                                 0x00401d74   Data          20  uart.o(.bss)
    uart_buff                                0x00401d88   Data          64  uart.o(.bss)
    XVR_ANALOG_REG_BAK                       0x00401dc8   Data          64  rf_xvr.o(.bss)
    bsec                                     0x00401e08   Data         192  oads.o(.bss)
    prf_env                                  0x00401ec8   Data         240  prf.o(.bss)
    app_env                                  0x00401fb8   Data          64  app.o(.bss)
    encode_voice_data                        0x00401ff8   Data        3200  app.o(.bss)
    app_hid_env                              0x00402c78   Data          20  app_hid.o(.bss)
    bt_tx_buff                               0x00402c8c   Data          48  app_key.o(.bss)
    key_flag                                 0x00402cbc   Data          15  app_key.o(.bss)
    sbc_env                                  0x00402ccc   Data        2684  app_task.o(.bss)
    send_buf                                 0x00403748   Data          20  app_task.o(.bss)
    Image$$RAM_STACK_UNUSED$$Base            0x0040b50c   Number         0  anon$$obj.o ABSOLUTE
    Image$$RAM_STACK_SVC$$Base               0x0040b52c   Number         0  anon$$obj.o ABSOLUTE
    Image$$RAM_STACK_IRQ$$Base               0x0040bc1c   Number         0  anon$$obj.o ABSOLUTE
    Image$$RAM_STACK_FIQ$$Base               0x0040be0c   Number         0  anon$$obj.o ABSOLUTE
    rwip_heap_env                            0x00815000   Data         708  rwip.o(ke_heap)
    rwip_heap_db                             0x008152c4   Data        1036  rwip.o(ke_heap)
    rwip_heap_msg                            0x008156d0   Data        1404  rwip.o(ke_heap)
    rwip_heap_non_ret                        0x00815c4c   Data        1548  rwip.o(ke_heap)



==============================================================================

Memory Map of the image

  Image Entry point : 0x0001e284

  Load Region SECTIONS (Base: 0x0001e200, Size: 0x0000b0a0, Max: 0xffffffff, ABSOLUTE)

    Execution Region ROM_SYS (Exec base: 0x0001e200, Load base: 0x0001e200, Size: 0x00000280, Max: 0xffffffff, ABSOLUTE)

    Exec Addr    Load Addr    Size         Type   Attr      Idx    E Section Name        Object

    0x0001e200   0x0001e200   0x0000005c   Code   RO           15  * SYS_BOOT            boot_vectors.o
    0x0001e25c   0x0001e25c   0x000001f4   Code   RO           14  * SYS_BOOT            boot_handlers.o
    0x0001e450   0x0001e450   0x00000008   Ven    RO          169    Veneer$$Code        anon$$obj.o
    0x0001e458   0x0001e458   0x00000008   Ven    RO          170    Veneer$$Code        anon$$obj.o
    0x0001e460   0x0001e460   0x00000008   Ven    RO          171    Veneer$$Code        anon$$obj.o
    0x0001e468   0x0001e468   0x00000008   Ven    RO          172    Veneer$$Code        anon$$obj.o
    0x0001e470   0x0001e470   0x00000008   Ven    RO          173    Veneer$$Code        anon$$obj.o
    0x0001e478   0x0001e478   0x00000008   Ven    RO          174    Veneer$$Code        anon$$obj.o


    Execution Region FAST_CALL_SEG (Exec base: 0x0001e500, Load base: 0x0001e500, Size: 0x00000030, Max: 0xffffffff, ABSOLUTE, FIXED)

    Exec Addr    Load Addr    Size         Type   Attr      Idx    E Section Name        Object

    0x0001e500   0x0001e500   0x00000010   Code   RO           34    sys_fiq_entry       intc.o
    0x0001e510   0x0001e510   0x00000010   PAD
    0x0001e520   0x0001e520   0x00000010   Code   RO           35    sys_irq_entry       intc.o


    Execution Region ROM (Exec base: 0x0001e530, Load base: 0x0001e530, Size: 0x0000ac50, Max: 0xffffffff, ABSOLUTE)

    Exec Addr    Load Addr    Size         Type   Attr      Idx    E Section Name        Object

    0x0001e530   0x0001e530   0x000004ec   Code   RO            5    .text               arch_main.o
    0x0001ea1c   0x0001ea1c   0x00000180   Code   RO           16    .text               rwble.o
    0x0001eb9c   0x0001eb9c   0x00000038   Code   RO           17    .text               rwble_hl.o
    0x0001ebd4   0x0001ebd4   0x000002bc   Code   RO           18    .text               rwip.o
    0x0001ee90   0x0001ee90   0x00000174   Code   RO           21    .text               audio.o
    0x0001f004   0x0001f004   0x00000018   Code   RO           24    .text               emi.o
    0x0001f01c   0x0001f01c   0x00000880   Code   RO           25    .text               flash.o
    0x0001f89c   0x0001f89c   0x000001c0   Code   RO           28    .text               gpio.o
    0x0001fa5c   0x0001fa5c   0x00000188   Code   RO           31    .text               icu.o
    0x0001fbe4   0x0001fbe4   0x000000a0   Code   RO           33    .text               intc.o
    0x0001fc84   0x0001fc84   0x0000002c   Code   RO           38    .text               timer.o
    0x0001fcb0   0x0001fcb0   0x0000035c   Code   RO           39    .text               uart.o
    0x0002000c   0x0002000c   0x00000068   Code   RO           43    .text               wdt.o
    0x00020074   0x00020074   0x000004ac   Code   RO           45    .text               rf_xvr.o
    0x00020520   0x00020520   0x00000400   Code   RO           47    .text               bass.o
    0x00020920   0x00020920   0x000002a4   Code   RO           49    .text               bass_task.o
    0x00020bc4   0x00020bc4   0x00000180   Code   RO           52    .text               diss.o
    0x00020d44   0x00020d44   0x000001d0   Code   RO           54    .text               diss_task.o
    0x00020f14   0x00020f14   0x00000810   Code   RO           57    .text               hogpd.o
    0x00021724   0x00021724   0x00000624   Code   RO           60    .text               hogpd_task.o
    0x00021d48   0x00021d48   0x000007cc   Code   RO           64    .text               oads.o
    0x00022514   0x00022514   0x00000310   Code   RO           68    .text               oads_task.o
    0x00022824   0x00022824   0x00000238   Code   RO           72    .text               prf.o
    0x00022a5c   0x00022a5c   0x00000060   Code   RO           74    .text               prf_utils.o
    0x00022abc   0x00022abc   0x00000694   Code   RO           75    .text               app.o
    0x00023150   0x00023150   0x000000a4   Code   RO           79    .text               app_batt.o
    0x000231f4   0x000231f4   0x0000010c   Code   RO           83    .text               app_dis.o
    0x00023300   0x00023300   0x00000604   Code   RO           86    .text               app_hid.o
    0x00023904   0x00023904   0x00000ca0   Code   RO           91    .text               app_key.o
    0x000245a4   0x000245a4   0x000001b8   Code   RO           99    .text               app_oads.o
    0x0002475c   0x0002475c   0x0000055c   Code   RO          104    .text               app_sec.o
    0x00024cb8   0x00024cb8   0x00000944   Code   RO          109    .text               app_task.o
    0x000255fc   0x000255fc   0x00000634   Code   RO          117    .text               app_wlist.o
    0x00025c30   0x00025c30   0x0000100c   Code   RO          119    .text               sbc_encode_v2.0.lib(app_sbc.o)
    0x00026c3c   0x00026c3c   0x0000048c   Code   RO          125    .text               bk3435_fcc_mode.lib(rf_test.o)
    0x000270c8   0x000270c8   0x000002fc   Code   RO          128    .text               bk3435_pn9_mode.lib(rf_pn9_test.o)
    0x000273c4   0x000273c4   0x0000001e   Code   RO          132    .text               mc_5.l(strncmp.o)
    0x000273e2   0x000273e2   0x000000b6   Code   RO          147    .text               mf_5.l(fadd.o)
    0x00027498   0x00027498   0x0000007c   Code   RO          148    .text               mf_5.l(fdiv.o)
    0x00027514   0x00027514   0x00000016   Code   RO          149    .text               mf_5.l(fflti.o)
    0x0002752a   0x0002752a   0x00000028   Code   RO          150    .text               mf_5.l(ffixui.o)
    0x00027552   0x00027552   0x00000060   Code   RO          153    .text               mc_5.l(uldiv.o)
    0x000275b2   0x000275b2   0x00000002   PAD
    0x000275b4   0x000275b4   0x00000000   Code   RO          154    .text               mc_5.l(iusefp.o)
    0x000275b4   0x000275b4   0x00000068   Code   RO          155    .text               mf_5.l(fepilogue.o)
    0x0002761c   0x0002761c   0x00000164   Code   RO          157    .text               mf_5.l(dadd.o)
    0x00027780   0x00027780   0x000000d0   Code   RO          158    .text               mf_5.l(dmul.o)
    0x00027850   0x00027850   0x000000f0   Code   RO          159    .text               mf_5.l(ddiv.o)
    0x00027940   0x00027940   0x00000040   Code   RO          160    .text               mf_5.l(dfixul.o)
    0x00027980   0x00027980   0x00000028   Code   RO          161    .text               mf_5.l(cdrcmple.o)
    0x000279a8   0x000279a8   0x00000020   Code   RO          163    .text               mc_5.l(llshl.o)
    0x000279c8   0x000279c8   0x00000022   Code   RO          164    .text               mc_5.l(llushr.o)
    0x000279ea   0x000279ea   0x00000026   Code   RO          165    .text               mc_5.l(llsshr.o)
    0x00027a10   0x00027a10   0x000000be   Code   RO          167    .text               mf_5.l(depilogue.o)
    0x00027ace   0x00027ace   0x00000002   PAD
    0x00027ad0   0x00027ad0   0x00000024   Code   RO          140    i.__0vsprintf       mc_5.l(printfa.o)
    0x00027af4   0x00027af4   0x00000174   Code   RO          141    i._fp_digits        mc_5.l(printfa.o)
    0x00027c68   0x00027c68   0x000006f4   Code   RO          142    i._printf_core      mc_5.l(printfa.o)
    0x0002835c   0x0002835c   0x00000020   Code   RO          143    i._printf_post_padding  mc_5.l(printfa.o)
    0x0002837c   0x0002837c   0x0000002c   Code   RO          144    i._printf_pre_padding  mc_5.l(printfa.o)
    0x000283a8   0x000283a8   0x0000000a   Code   RO          146    i._sputc            mc_5.l(printfa.o)
    0x000283b2   0x000283b2   0x0000002e   Data   RO            7    .constdata          arch_main.o
    0x000283e0   0x000283e0   0x00000038   Data   RO           48    .constdata          bass.o
    0x00028418   0x00028418   0x00000030   Data   RO           50    .constdata          bass_task.o
    0x00028448   0x00028448   0x00000008   Data   RO           51    .constdata          bass_task.o
    0x00028450   0x00028450   0x000000a8   Data   RO           53    .constdata          diss.o
    0x000284f8   0x000284f8   0x00000018   Data   RO           55    .constdata          diss_task.o
    0x00028510   0x00028510   0x00000008   Data   RO           56    .constdata          diss_task.o
    0x00028518   0x00028518   0x000000c8   Data   RO           58    .constdata          hogpd.o
    0x000285e0   0x000285e0   0x00000040   Data   RO           61    .constdata          hogpd_task.o
    0x00028620   0x00028620   0x00000008   Data   RO           62    .constdata          hogpd_task.o
    0x00028628   0x00028628   0x0000009e   Data   RO           66    .constdata          oads.o
    0x000286c6   0x000286c6   0x00000002   PAD
    0x000286c8   0x000286c8   0x00000030   Data   RO           69    .constdata          oads_task.o
    0x000286f8   0x000286f8   0x00000008   Data   RO           70    .constdata          oads_task.o
    0x00028700   0x00028700   0x00000032   Data   RO           71    .constdata          oads_task.o
    0x00028732   0x00028732   0x00000002   PAD
    0x00028734   0x00028734   0x0000006e   Data   RO           77    .constdata          app.o
    0x000287a2   0x000287a2   0x00000002   PAD
    0x000287a4   0x000287a4   0x00000020   Data   RO           80    .constdata          app_batt.o
    0x000287c4   0x000287c4   0x00000008   Data   RO           81    .constdata          app_batt.o
    0x000287cc   0x000287cc   0x00000008   Data   RO           84    .constdata          app_dis.o
    0x000287d4   0x000287d4   0x00000008   Data   RO           85    .constdata          app_dis.o
    0x000287dc   0x000287dc   0x00000190   Data   RO           88    .constdata          app_hid.o
    0x0002896c   0x0002896c   0x00000038   Data   RO           89    .constdata          app_hid.o
    0x000289a4   0x000289a4   0x00000008   Data   RO           90    .constdata          app_hid.o
    0x000289ac   0x000289ac   0x0000005e   Data   RO           93    .constdata          app_key.o
    0x00028a0a   0x00028a0a   0x00000002   PAD
    0x00028a0c   0x00028a0c   0x00000030   Data   RO          100    .constdata          app_oads.o
    0x00028a3c   0x00028a3c   0x00000008   Data   RO          101    .constdata          app_oads.o
    0x00028a44   0x00028a44   0x000000a8   Data   RO          102    .constdata          app_oads.o
    0x00028aec   0x00028aec   0x00000028   Data   RO          105    .constdata          app_sec.o
    0x00028b14   0x00028b14   0x00000008   Data   RO          106    .constdata          app_sec.o
    0x00028b1c   0x00028b1c   0x0000007a   Data   RO          107    .constdata          app_sec.o
    0x00028b96   0x00028b96   0x00000002   PAD
    0x00028b98   0x00028b98   0x000000d0   Data   RO          112    .constdata          app_task.o
    0x00028c68   0x00028c68   0x00000008   Data   RO          113    .constdata          app_task.o
    0x00028c70   0x00028c70   0x000000e8   Data   RO          114    .constdata          app_task.o
    0x00028d58   0x00028d58   0x0000020b   Data   RO          118    .constdata          app_wlist.o
    0x00028f63   0x00028f63   0x00000001   PAD
    0x00028f64   0x00028f64   0x000001cc   Data   RO          120    .constdata          sbc_encode_v2.0.lib(app_sbc.o)
    0x00029130   0x00029130   0x00000050   Data   RO          126    .constdata          bk3435_fcc_mode.lib(rf_test.o)


    Execution Region RAM_DATA (Exec base: 0x00400800, Load base: 0x00029180, Size: 0x00000120, Max: 0xffffffff, ABSOLUTE)

    Exec Addr    Load Addr    Size         Type   Attr      Idx    E Section Name        Object

    0x00400800   0x00029180   0x00000006   Data   RW           23    .data               audio.o
    0x00400806   0x00029186   0x00000002   PAD
    0x00400808   0x00029188   0x0000000c   Data   RW           27    .data               flash.o
    0x00400814   0x00029194   0x0000002c   Data   RW           30    .data               gpio.o
    0x00400840   0x000291c0   0x00000002   Data   RW           32    .data               icu.o
    0x00400842   0x000291c2   0x00000002   PAD
    0x00400844   0x000291c4   0x00000010   Data   RW           42    .data               uart.o
    0x00400854   0x000291d4   0x00000002   Data   RW           44    .data               wdt.o
    0x00400856   0x000291d6   0x00000002   Data   RW           59    .data               hogpd.o
    0x00400858   0x000291d8   0x00000008   Data   RW           67    .data               oads.o
    0x00400860   0x000291e0   0x0000000c   Data   RW           78    .data               app.o
    0x0040086c   0x000291ec   0x00000002   Data   RW           82    .data               app_batt.o
    0x0040086e   0x000291ee   0x00000002   PAD
    0x00400870   0x000291f0   0x00000071   Data   RW           94    .data               app_key.o
    0x004008e1   0x00029261   0x00000001   Data   RW          103    .data               app_oads.o
    0x004008e2   0x00029262   0x00000005   Data   RW          108    .data               app_sec.o
    0x004008e7   0x00029267   0x00000001   PAD
    0x004008e8   0x00029268   0x00000004   Data   RW          115    .data               app_task.o
    0x004008ec   0x0002926c   0x00000001   Data   RW          116    .data               app_task.o
    0x004008ed   0x0002926d   0x00000009   Data   RW          127    .data               bk3435_fcc_mode.lib(rf_test.o)
    0x004008f6   0x00029276   0x00000002   PAD
    0x004008f8   0x00029278   0x00000026   Data   RW          129    .data               bk3435_pn9_mode.lib(rf_pn9_test.o)


    Execution Region RAM_BSS (Exec base: 0x00400920, Load base: 0x000292a0, Size: 0x00002e3c, Max: 0xffffffff, ABSOLUTE)

    Exec Addr    Load Addr    Size         Type   Attr      Idx    E Section Name        Object

    0x00400920        -       0x00000010   Zero   RW            6    .bss                arch_main.o
    0x00400930        -       0x00000010   Zero   RW           19    .bss                rwip.o
    0x00400940        -       0x000003c0   Zero   RW           22    .bss                audio.o
    0x00400d00        -       0x0000100c   Zero   RW           26    .bss                flash.o
    0x00401d0c        -       0x00000028   Zero   RW           29    .bss                gpio.o
    0x00401d34        -       0x00000094   Zero   RW           40    .bss                uart.o
    0x00401dc8        -       0x00000040   Zero   RW           46    .bss                rf_xvr.o
    0x00401e08        -       0x000000c0   Zero   RW           65    .bss                oads.o
    0x00401ec8        -       0x000000f0   Zero   RW           73    .bss                prf.o
    0x00401fb8        -       0x00000cc0   Zero   RW           76    .bss                app.o
    0x00402c78        -       0x00000014   Zero   RW           87    .bss                app_hid.o
    0x00402c8c        -       0x0000003f   Zero   RW           92    .bss                app_key.o
    0x00402ccb   0x000292a0   0x00000001   PAD
    0x00402ccc        -       0x00000a7c   Zero   RW          110    .bss                app_task.o
    0x00403748        -       0x00000014   Zero   RW          111    .bss                app_task.o


    Execution Region RAM_STACK_UNUSED (Exec base: 0x0040b50c, Load base: 0x000292a0, Size: 0x00000020, Max: 0x00000020, ABSOLUTE)

    Exec Addr    Load Addr    Size         Type   Attr      Idx    E Section Name        Object

    0x0040b50c        -       0x00000020   Zero   RW            1    RAM_STACK_UNUSED.bss  anon$$obj.o


    Execution Region RAM_STACK_SVC (Exec base: 0x0040b52c, Load base: 0x000292a0, Size: 0x000006f0, Max: 0x000006f0, ABSOLUTE)

    Exec Addr    Load Addr    Size         Type   Attr      Idx    E Section Name        Object

    0x0040b52c        -       0x000006f0   Zero   RW            2    RAM_STACK_SVC.bss   anon$$obj.o


    Execution Region RAM_STACK_IRQ (Exec base: 0x0040bc1c, Load base: 0x000292a0, Size: 0x000001f0, Max: 0x000001f0, ABSOLUTE)

    Exec Addr    Load Addr    Size         Type   Attr      Idx    E Section Name        Object

    0x0040bc1c        -       0x000001f0   Zero   RW            3    RAM_STACK_IRQ.bss   anon$$obj.o


    Execution Region RAM_STACK_FIQ (Exec base: 0x0040be0c, Load base: 0x000292a0, Size: 0x000001f0, Max: 0x000001f0, ABSOLUTE)

    Exec Addr    Load Addr    Size         Type   Attr      Idx    E Section Name        Object

    0x0040be0c        -       0x000001f0   Zero   RW            4    RAM_STACK_FIQ.bss   anon$$obj.o


    Execution Region RAM_BSS_1 (Exec base: 0x00815000, Load base: 0x000292a0, Size: 0x00001258, Max: 0xffffffff, ABSOLUTE)

    Exec Addr    Load Addr    Size         Type   Attr      Idx    E Section Name        Object

    0x00815000        -       0x00001258   Zero   RW           20    ke_heap             rwip.o


==============================================================================

Image component sizes


      Code (inc. data)   RO Data    RW Data    ZI Data      Debug   Object Name

      1684        424        110         12       3264          0   app.o
       164         14         40          2          0          0   app_batt.o
       268        110         16          0          0          0   app_dis.o
      1540        134        464          0         20          0   app_hid.o
      3232        244         94        113         63          0   app_key.o
       440        126        224          1          0          0   app_oads.o
      1372        478        170          5          0          0   app_sec.o
      2372        748        448          5       2704          0   app_task.o
      1588        230        523          0          0          0   app_wlist.o
      1260        542         46          0         16          0   arch_main.o
       372         68          0          6        960          0   audio.o
      1024         64         56          0          0          0   bass.o
       676         12         56          0          0          0   bass_task.o
       500         76          0          0          0          0   boot_handlers.o
        92         32          0          0          0          0   boot_vectors.o
       384         12        168          0          0          0   diss.o
       464          8         32          0          0          0   diss_task.o
        24          4          0          0          0          0   emi.o
      2176        192          0         12       4108          0   flash.o
       448         16          0         44         40          0   gpio.o
      2064         22        200          2          0          0   hogpd.o
      1572         66         72          0          0          0   hogpd_task.o
       392         38          0          2          0          0   icu.o
       192         10          0          0          0          0   intc.o
      1996        544        158          8        192          0   oads.o
       784        138        106          0          0          0   oads_task.o
       568          4          0          0        240          0   prf.o
        96          0          0          0          0          0   prf_utils.o
      1196        266          0          0         64          0   rf_xvr.o
       384          8          0          0          0          0   rwble.o
        56          0          0          0          0          0   rwble_hl.o
       700         42          0          0       4712          0   rwip.o
        44          4          0          0          0          0   timer.o
       860         88          0         16        148          0   uart.o
       104         10          0          2          0          0   wdt.o

    ----------------------------------------------------------------------
     31152       4798       2994        237      19332          0   Object Totals
        48         24          0          0       2800          0   (incl. Generated)
        16          0         11          7          1          0   (incl. Padding)

    ----------------------------------------------------------------------

      Code (inc. data)   RO Data    RW Data    ZI Data      Debug   Library Member Name

      1164        268         80          9          0          0   rf_test.o
       764        190          0         38          0          0   rf_pn9_test.o
         0          0          0          0          0          0   iusefp.o
        32          0          0          0          0          0   llshl.o
        38          0          0          0          0          0   llsshr.o
        34          0          0          0          0          0   llushr.o
      2274         94          0          0          0          0   printfa.o
        30          0          0          0          0          0   strncmp.o
        96          0          0          0          0          0   uldiv.o
        40          2          0          0          0          0   cdrcmple.o
       356          4          0          0          0          0   dadd.o
       240          6          0          0          0          0   ddiv.o
       190          0          0          0          0          0   depilogue.o
        64         10          0          0          0          0   dfixul.o
       208          6          0          0          0          0   dmul.o
       182          0          0          0          0          0   fadd.o
       124          0          0          0          0          0   fdiv.o
       104          0          0          0          0          0   fepilogue.o
        40          0          0          0          0          0   ffixui.o
        22          0          0          0          0          0   fflti.o
      4108        222        460          0          0          0   app_sbc.o

    ----------------------------------------------------------------------
     10114        802        540         51          0          0   Library Totals
         4          0          0          4          0          0   (incl. Padding)

    ----------------------------------------------------------------------

      Code (inc. data)   RO Data    RW Data    ZI Data      Debug   Library Name

      1164        268         80          9          0          0   bk3435_fcc_mode.lib
       764        190          0         38          0          0   bk3435_pn9_mode.lib
      2504         94          0          0          0          0   mc_5.l
      1570         28          0          0          0          0   mf_5.l
      4108        222        460          0          0          0   sbc_encode_v2.0.lib

    ----------------------------------------------------------------------
     10114        802        540         51          0          0   Library Totals

    ----------------------------------------------------------------------

==============================================================================


      Code (inc. data)   RO Data    RW Data    ZI Data      Debug   

     41266       5600       3534        288      19332          0   Grand Totals
     41266       5600       3534        288      19332          0   ELF Image Totals
     41266       5600       3534        288          0          0   ROM Totals

==============================================================================

    Total RO  Size (Code + RO Data)                44800 (  43.75kB)
    Total RW  Size (RW Data + ZI Data)             19620 (  19.16kB)
    Total ROM Size (Code + RO Data + RW Data)      45088 (  44.03kB)

==============================================================================

